nftset=/cdn-telegram.org/4#inet#fw4#vpn_domains
nftset=/comments.app/4#inet#fw4#vpn_domains
nftset=/contest.com/4#inet#fw4#vpn_domains
nftset=/fragment.com/4#inet#fw4#vpn_domains
nftset=/graph.org/4#inet#fw4#vpn_domains
nftset=/quiz.directory/4#inet#fw4#vpn_domains
nftset=/t.me/4#inet#fw4#vpn_domains
nftset=/tdesktop.com/4#inet#fw4#vpn_domains
nftset=/telega.one/4#inet#fw4#vpn_domains
nftset=/telegra.ph/4#inet#fw4#vpn_domains
nftset=/telegram-cdn.org/4#inet#fw4#vpn_domains
nftset=/telegram.dog/4#inet#fw4#vpn_domains
nftset=/telegram.me/4#inet#fw4#vpn_domains
nftset=/telegram.org/4#inet#fw4#vpn_domains
nftset=/telegram.space/4#inet#fw4#vpn_domains
nftset=/telesco.pe/4#inet#fw4#vpn_domains
nftset=/tg.dev/4#inet#fw4#vpn_domains
nftset=/ton.org/4#inet#fw4#vpn_domains
nftset=/tx.me/4#inet#fw4#vpn_domains
nftset=/usercontent.dev/4#inet#fw4#vpn_domains
nftset=/toncenter.com/4#inet#fw4#vpn_domains
nftset=/dynect.net/4#inet#fw4#vpn_domains
nftset=/facebook.com/4#inet#fw4#vpn_domains
nftset=/fbcdn.net/4#inet#fw4#vpn_domains
nftset=/fbsbx.com/4#inet#fw4#vpn_domains
nftset=/softlayer.com/4#inet#fw4#vpn_domains
nftset=/wa.me/4#inet#fw4#vpn_domains
nftset=/whatsapp-plus.info/4#inet#fw4#vpn_domains
nftset=/whatsapp-plus.me/4#inet#fw4#vpn_domains
nftset=/whatsapp-plus.net/4#inet#fw4#vpn_domains
nftset=/whatsapp.biz/4#inet#fw4#vpn_domains
nftset=/whatsapp.cc/4#inet#fw4#vpn_domains
nftset=/whatsapp.com/4#inet#fw4#vpn_domains
nftset=/whatsapp.info/4#inet#fw4#vpn_domains
nftset=/whatsapp.net/4#inet#fw4#vpn_domains
nftset=/whatsapp.org/4#inet#fw4#vpn_domains
nftset=/whatsapp.tv/4#inet#fw4#vpn_domains
nftset=/whatsappbrand.com/4#inet#fw4#vpn_domains
nftset=/wl.co/4#inet#fw4#vpn_domains
nftset=/graph.whatsapp.com/4#inet#fw4#vpn_domains
nftset=/graph.whatsapp.net/4#inet#fw4#vpn_domains
nftset=/snd.sc/4#inet#fw4#vpn_domains
nftset=/sndcdn.com/4#inet#fw4#vpn_domains
nftset=/soundcloud.cloud/4#inet#fw4#vpn_domains
nftset=/soundcloud.com/4#inet#fw4#vpn_domains
nftset=/akamaized.net/4#inet#fw4#vpn_domains
nftset=/byspotify.com/4#inet#fw4#vpn_domains
nftset=/pscdn.co/4#inet#fw4#vpn_domains
nftset=/scdn.co/4#inet#fw4#vpn_domains
nftset=/spoti.fi/4#inet#fw4#vpn_domains
nftset=/spotify-everywhere.com/4#inet#fw4#vpn_domains
nftset=/spotify.com/4#inet#fw4#vpn_domains
nftset=/spotify.design/4#inet#fw4#vpn_domains
nftset=/spotifycdn.com/4#inet#fw4#vpn_domains
nftset=/spotifycdn.net/4#inet#fw4#vpn_domains
nftset=/spotifycharts.com/4#inet#fw4#vpn_domains
nftset=/spotifycodes.com/4#inet#fw4#vpn_domains
nftset=/spotifyforbrands.com/4#inet#fw4#vpn_domains
nftset=/spotifyjobs.com/4#inet#fw4#vpn_domains
nftset=/audio-ak-spotify-com.akamaized.net/4#inet#fw4#vpn_domains
nftset=/audio4-ak-spotify-com.akamaized.net/4#inet#fw4#vpn_domains
nftset=/cdn-spotify-experiments.conductrics.com/4#inet#fw4#vpn_domains
nftset=/heads-ak-spotify-com.akamaized.net/4#inet#fw4#vpn_domains
nftset=/heads4-ak-spotify-com.akamaized.net/4#inet#fw4#vpn_domains
nftset=/spotify.com.edgesuite.net/4#inet#fw4#vpn_domains
nftset=/spotify.map.fastly.net/4#inet#fw4#vpn_domains
nftset=/spotify.map.fastlylb.net/4#inet#fw4#vpn_domains
nftset=/adeventtracker.spotify.com/4#inet#fw4#vpn_domains
nftset=/adstudio-assets.scdn.co/4#inet#fw4#vpn_domains
nftset=/bloodhound.spotify.com/4#inet#fw4#vpn_domains
nftset=/lifeatspotify.com/4#inet#fw4#vpn_domains
nftset=/spotify.link/4#inet#fw4#vpn_domains
nftset=/spotifyforvendors.com/4#inet#fw4#vpn_domains
nftset=/tospotify.com/4#inet#fw4#vpn_domains
nftset=/t.co/4#inet#fw4#vpn_domains
nftset=/tweetdeck.com/4#inet#fw4#vpn_domains
nftset=/twimg.com/4#inet#fw4#vpn_domains
nftset=/twitter.com/4#inet#fw4#vpn_domains
nftset=/x.com/4#inet#fw4#vpn_domains
nftset=/twitpic.com/4#inet#fw4#vpn_domains
nftset=/grokipedia.com/4#inet#fw4#vpn_domains
nftset=/pscp.tv/4#inet#fw4#vpn_domains
nftset=/tellapart.com/4#inet#fw4#vpn_domains
nftset=/twittercommunity.com/4#inet#fw4#vpn_domains
nftset=/periscope.tv/4#inet#fw4#vpn_domains
nftset=/twitterinc.com/4#inet#fw4#vpn_domains
nftset=/twitter.biz/4#inet#fw4#vpn_domains
nftset=/twitter.jp/4#inet#fw4#vpn_domains
nftset=/cms-twdigitalassets.com/4#inet#fw4#vpn_domains
nftset=/twitteroauth.com/4#inet#fw4#vpn_domains
nftset=/twitterstat.us/4#inet#fw4#vpn_domains
nftset=/twtrdns.net/4#inet#fw4#vpn_domains
nftset=/twttr.com/4#inet#fw4#vpn_domains
nftset=/twttr.net/4#inet#fw4#vpn_domains
nftset=/twvid.com/4#inet#fw4#vpn_domains
nftset=/vine.co/4#inet#fw4#vpn_domains
nftset=/grok.com/4#inet#fw4#vpn_domains
nftset=/twitterflightschool.com/4#inet#fw4#vpn_domains
nftset=/twitter.map.fastly.net/4#inet#fw4#vpn_domains
nftset=/ads-twitter.com/4#inet#fw4#vpn_domains
nftset=/grok.x.com/4#inet#fw4#vpn_domains
nftset=/x.ai/4#inet#fw4#vpn_domains
nftset=/cdninstagram.com/4#inet#fw4#vpn_domains
nftset=/facebook.net/4#inet#fw4#vpn_domains
nftset=/fbcdn.com/4#inet#fw4#vpn_domains
nftset=/ig.me/4#inet#fw4#vpn_domains
nftset=/instagram.com/4#inet#fw4#vpn_domains
nftset=/achat-followers-instagram.com/4#inet#fw4#vpn_domains
nftset=/acheter-followers-instagram.com/4#inet#fw4#vpn_domains
nftset=/acheterdesfollowersinstagram.com/4#inet#fw4#vpn_domains
nftset=/acheterfollowersinstagram.com/4#inet#fw4#vpn_domains
nftset=/bookstagram.com/4#inet#fw4#vpn_domains
nftset=/carstagram.com/4#inet#fw4#vpn_domains
nftset=/chickstagram.com/4#inet#fw4#vpn_domains
nftset=/igcdn.com/4#inet#fw4#vpn_domains
nftset=/igsonar.com/4#inet#fw4#vpn_domains
nftset=/igtv.com/4#inet#fw4#vpn_domains
nftset=/imstagram.com/4#inet#fw4#vpn_domains
nftset=/imtagram.com/4#inet#fw4#vpn_domains
nftset=/instaadder.com/4#inet#fw4#vpn_domains
nftset=/instachecker.com/4#inet#fw4#vpn_domains
nftset=/instafallow.com/4#inet#fw4#vpn_domains
nftset=/instafollower.com/4#inet#fw4#vpn_domains
nftset=/instagainer.com/4#inet#fw4#vpn_domains
nftset=/instagda.com/4#inet#fw4#vpn_domains
nftset=/instagify.com/4#inet#fw4#vpn_domains
nftset=/instagmania.com/4#inet#fw4#vpn_domains
nftset=/instagor.com/4#inet#fw4#vpn_domains
nftset=/instagram-brand.com/4#inet#fw4#vpn_domains
nftset=/instagram-engineering.com/4#inet#fw4#vpn_domains
nftset=/instagram-help.com/4#inet#fw4#vpn_domains
nftset=/instagram-press.com/4#inet#fw4#vpn_domains
nftset=/instagram-press.net/4#inet#fw4#vpn_domains
nftset=/instagramci.com/4#inet#fw4#vpn_domains
nftset=/instagramcn.com/4#inet#fw4#vpn_domains
nftset=/instagramdi.com/4#inet#fw4#vpn_domains
nftset=/instagramhashtags.net/4#inet#fw4#vpn_domains
nftset=/instagramhilecim.com/4#inet#fw4#vpn_domains
nftset=/instagramhilesi.org/4#inet#fw4#vpn_domains
nftset=/instagramium.com/4#inet#fw4#vpn_domains
nftset=/instagramizlenme.com/4#inet#fw4#vpn_domains
nftset=/instagramkusu.com/4#inet#fw4#vpn_domains
nftset=/instagramlogin.com/4#inet#fw4#vpn_domains
nftset=/instagramm.com/4#inet#fw4#vpn_domains
nftset=/instagramn.com/4#inet#fw4#vpn_domains
nftset=/instagrampartners.com/4#inet#fw4#vpn_domains
nftset=/instagramphoto.com/4#inet#fw4#vpn_domains
nftset=/instagramq.com/4#inet#fw4#vpn_domains
nftset=/instagramsepeti.com/4#inet#fw4#vpn_domains
nftset=/instagramtakipcisatinal.net/4#inet#fw4#vpn_domains
nftset=/instagramtakiphilesi.com/4#inet#fw4#vpn_domains
nftset=/instagramtips.com/4#inet#fw4#vpn_domains
nftset=/instagramtr.com/4#inet#fw4#vpn_domains
nftset=/instagran.com/4#inet#fw4#vpn_domains
nftset=/instagranm.com/4#inet#fw4#vpn_domains
nftset=/instagrem.com/4#inet#fw4#vpn_domains
nftset=/instagrm.com/4#inet#fw4#vpn_domains
nftset=/instagtram.com/4#inet#fw4#vpn_domains
nftset=/instagy.com/4#inet#fw4#vpn_domains
nftset=/instamgram.com/4#inet#fw4#vpn_domains
nftset=/instangram.com/4#inet#fw4#vpn_domains
nftset=/instanttelegram.com/4#inet#fw4#vpn_domains
nftset=/instaplayer.net/4#inet#fw4#vpn_domains
nftset=/instastyle.tv/4#inet#fw4#vpn_domains
nftset=/instgram.com/4#inet#fw4#vpn_domains
nftset=/intagram.com/4#inet#fw4#vpn_domains
nftset=/intagrm.com/4#inet#fw4#vpn_domains
nftset=/intgram.com/4#inet#fw4#vpn_domains
nftset=/kingstagram.com/4#inet#fw4#vpn_domains
nftset=/lnstagram-help.com/4#inet#fw4#vpn_domains
nftset=/theinstagramhack.com/4#inet#fw4#vpn_domains
nftset=/oninstagram.com/4#inet#fw4#vpn_domains
nftset=/online-instagram.com/4#inet#fw4#vpn_domains
nftset=/onlineinstagram.com/4#inet#fw4#vpn_domains
nftset=/web-instagram.net/4#inet#fw4#vpn_domains
nftset=/wwwinstagram.com/4#inet#fw4#vpn_domains
nftset=/graph.instagram.com/4#inet#fw4#vpn_domains
nftset=/graph-fallback.instagram.com/4#inet#fw4#vpn_domains
nftset=/facebook.com.es/4#inet#fw4#vpn_domains
nftset=/facebook.com.vn/4#inet#fw4#vpn_domains
nftset=/facebook.fr/4#inet#fw4#vpn_domains
nftset=/fb.com/4#inet#fw4#vpn_domains
nftset=/fb.me/4#inet#fw4#vpn_domains
nftset=/licdn.com/4#inet#fw4#vpn_domains
nftset=/tfbnw.net/4#inet#fw4#vpn_domains
nftset=/thefacebook.com/4#inet#fw4#vpn_domains
nftset=/fbcdn-a.akamaihd.net/4#inet#fw4#vpn_domains
nftset=/aboutfacebook.com/4#inet#fw4#vpn_domains
nftset=/accessfacebookfromschool.com/4#inet#fw4#vpn_domains
nftset=/acebooik.com/4#inet#fw4#vpn_domains
nftset=/acebook.com/4#inet#fw4#vpn_domains
nftset=/advancediddetection.com/4#inet#fw4#vpn_domains
nftset=/askfacebook.net/4#inet#fw4#vpn_domains
nftset=/askfacebook.org/4#inet#fw4#vpn_domains
nftset=/atdmt2.com/4#inet#fw4#vpn_domains
nftset=/atlasdmt.com/4#inet#fw4#vpn_domains
nftset=/atlasonepoint.com/4#inet#fw4#vpn_domains
nftset=/buyingfacebooklikes.com/4#inet#fw4#vpn_domains
nftset=/careersatfb.com/4#inet#fw4#vpn_domains
nftset=/celebgramme.com/4#inet#fw4#vpn_domains
nftset=/china-facebook.com/4#inet#fw4#vpn_domains
nftset=/click-url.com/4#inet#fw4#vpn_domains
nftset=/como-hackearfacebook.com/4#inet#fw4#vpn_domains
nftset=/crowdtangle.com/4#inet#fw4#vpn_domains
nftset=/dacebook.com/4#inet#fw4#vpn_domains
nftset=/dlfacebook.com/4#inet#fw4#vpn_domains
nftset=/dotfacebook.com/4#inet#fw4#vpn_domains
nftset=/dotfacebook.net/4#inet#fw4#vpn_domains
nftset=/expresswifi.com/4#inet#fw4#vpn_domains
nftset=/faacebok.com/4#inet#fw4#vpn_domains
nftset=/faacebook.com/4#inet#fw4#vpn_domains
nftset=/faasbook.com/4#inet#fw4#vpn_domains
nftset=/facbebook.com/4#inet#fw4#vpn_domains
nftset=/facbeok.com/4#inet#fw4#vpn_domains
nftset=/facboo.com/4#inet#fw4#vpn_domains
nftset=/facbook.com/4#inet#fw4#vpn_domains
nftset=/facbool.com/4#inet#fw4#vpn_domains
nftset=/facboox.com/4#inet#fw4#vpn_domains
nftset=/faccebook.com/4#inet#fw4#vpn_domains
nftset=/faccebookk.com/4#inet#fw4#vpn_domains
nftset=/facdbook.com/4#inet#fw4#vpn_domains
nftset=/facdebook.com/4#inet#fw4#vpn_domains
nftset=/face-book.com/4#inet#fw4#vpn_domains
nftset=/faceabook.com/4#inet#fw4#vpn_domains
nftset=/facebboc.com/4#inet#fw4#vpn_domains
nftset=/facebbook.com/4#inet#fw4#vpn_domains
nftset=/facebboook.com/4#inet#fw4#vpn_domains
nftset=/facebcook.com/4#inet#fw4#vpn_domains
nftset=/facebdok.com/4#inet#fw4#vpn_domains
nftset=/facebgook.com/4#inet#fw4#vpn_domains
nftset=/facebhook.com/4#inet#fw4#vpn_domains
nftset=/facebkkk.com/4#inet#fw4#vpn_domains
nftset=/facebo-ok.com/4#inet#fw4#vpn_domains
nftset=/faceboak.com/4#inet#fw4#vpn_domains
nftset=/facebock.com/4#inet#fw4#vpn_domains
nftset=/facebocke.com/4#inet#fw4#vpn_domains
nftset=/facebof.com/4#inet#fw4#vpn_domains
nftset=/faceboik.com/4#inet#fw4#vpn_domains
nftset=/facebok.com/4#inet#fw4#vpn_domains
nftset=/facebokbook.com/4#inet#fw4#vpn_domains
nftset=/facebokc.com/4#inet#fw4#vpn_domains
nftset=/facebokk.com/4#inet#fw4#vpn_domains
nftset=/facebokok.com/4#inet#fw4#vpn_domains
nftset=/faceboks.com/4#inet#fw4#vpn_domains
nftset=/facebol.com/4#inet#fw4#vpn_domains
nftset=/facebolk.com/4#inet#fw4#vpn_domains
nftset=/facebomok.com/4#inet#fw4#vpn_domains
nftset=/faceboo.com/4#inet#fw4#vpn_domains
nftset=/facebooa.com/4#inet#fw4#vpn_domains
nftset=/faceboob.com/4#inet#fw4#vpn_domains
nftset=/faceboobok.com/4#inet#fw4#vpn_domains
nftset=/facebooc.com/4#inet#fw4#vpn_domains
nftset=/faceboock.com/4#inet#fw4#vpn_domains
nftset=/facebood.com/4#inet#fw4#vpn_domains
nftset=/facebooe.com/4#inet#fw4#vpn_domains
nftset=/faceboof.com/4#inet#fw4#vpn_domains
nftset=/facebooi.com/4#inet#fw4#vpn_domains
nftset=/facebooik.com/4#inet#fw4#vpn_domains
nftset=/facebooik.org/4#inet#fw4#vpn_domains
nftset=/facebooj.com/4#inet#fw4#vpn_domains
nftset=/facebook-corp.com/4#inet#fw4#vpn_domains
nftset=/facebook-covid-19.com/4#inet#fw4#vpn_domains
nftset=/facebook-ebook.com/4#inet#fw4#vpn_domains
nftset=/facebook-forum.com/4#inet#fw4#vpn_domains
nftset=/facebook-hardware.com/4#inet#fw4#vpn_domains
nftset=/facebook-inc.com/4#inet#fw4#vpn_domains
nftset=/facebook-login.com/4#inet#fw4#vpn_domains
nftset=/facebook-newsroom.com/4#inet#fw4#vpn_domains
nftset=/facebook-newsroom.org/4#inet#fw4#vpn_domains
nftset=/facebook-pmdcenter.com/4#inet#fw4#vpn_domains
nftset=/facebook-pmdcenter.net/4#inet#fw4#vpn_domains
nftset=/facebook-pmdcenter.org/4#inet#fw4#vpn_domains
nftset=/facebook-privacy.com/4#inet#fw4#vpn_domains
nftset=/facebook-program.com/4#inet#fw4#vpn_domains
nftset=/facebook-studio.com/4#inet#fw4#vpn_domains
nftset=/facebook-support.org/4#inet#fw4#vpn_domains
nftset=/facebook-texas-holdem.com/4#inet#fw4#vpn_domains
nftset=/facebook-texas-holdem.net/4#inet#fw4#vpn_domains
nftset=/facebook.cc/4#inet#fw4#vpn_domains
nftset=/facebook.design/4#inet#fw4#vpn_domains
nftset=/fecebook.net/4#inet#fw4#vpn_domains
nftset=/facebook.nl/4#inet#fw4#vpn_domains
nftset=/facebook.org/4#inet#fw4#vpn_domains
nftset=/facebook.se/4#inet#fw4#vpn_domains
nftset=/facebook.shop/4#inet#fw4#vpn_domains
nftset=/facebook.tv/4#inet#fw4#vpn_domains
nftset=/facebook.us/4#inet#fw4#vpn_domains
nftset=/facebook.wang/4#inet#fw4#vpn_domains
nftset=/facebook123.org/4#inet#fw4#vpn_domains
nftset=/facebook30.com/4#inet#fw4#vpn_domains
nftset=/facebook30.net/4#inet#fw4#vpn_domains
nftset=/facebook30.org/4#inet#fw4#vpn_domains
nftset=/facebook4business.com/4#inet#fw4#vpn_domains
nftset=/facebookadvertisingsecrets.com/4#inet#fw4#vpn_domains
nftset=/facebookatschool.com/4#inet#fw4#vpn_domains
nftset=/facebookawards.com/4#inet#fw4#vpn_domains
nftset=/facebookblueprint.net/4#inet#fw4#vpn_domains
nftset=/facebookbrand.com/4#inet#fw4#vpn_domains
nftset=/facebookbrand.net/4#inet#fw4#vpn_domains
nftset=/facebookcanadianelectionintegrityinitiative.com/4#inet#fw4#vpn_domains
nftset=/facebookcareer.com/4#inet#fw4#vpn_domains
nftset=/facebookcheats.com/4#inet#fw4#vpn_domains
nftset=/facebookck.com/4#inet#fw4#vpn_domains
nftset=/facebookclub.com/4#inet#fw4#vpn_domains
nftset=/facebookcom.com/4#inet#fw4#vpn_domains
nftset=/facebookconsultant.org/4#inet#fw4#vpn_domains
nftset=/facebookcoronavirus.com/4#inet#fw4#vpn_domains
nftset=/facebookcovers.org/4#inet#fw4#vpn_domains
nftset=/facebookcredits.info/4#inet#fw4#vpn_domains
nftset=/facebookdating.net/4#inet#fw4#vpn_domains
nftset=/facebookdusexe.org/4#inet#fw4#vpn_domains
nftset=/facebookemail.com/4#inet#fw4#vpn_domains
nftset=/facebookenespanol.com/4#inet#fw4#vpn_domains
nftset=/facebookexchange.com/4#inet#fw4#vpn_domains
nftset=/facebookexchange.net/4#inet#fw4#vpn_domains
nftset=/facebookfacebook.com/4#inet#fw4#vpn_domains
nftset=/facebookflow.com/4#inet#fw4#vpn_domains
nftset=/facebookgames.com/4#inet#fw4#vpn_domains
nftset=/facebookgraphsearch.com/4#inet#fw4#vpn_domains
nftset=/facebookgraphsearch.info/4#inet#fw4#vpn_domains
nftset=/facebookgroups.com/4#inet#fw4#vpn_domains
nftset=/facebookhome.cc/4#inet#fw4#vpn_domains
nftset=/facebookhome.com/4#inet#fw4#vpn_domains
nftset=/facebookhome.info/4#inet#fw4#vpn_domains
nftset=/facebookhub.com/4#inet#fw4#vpn_domains
nftset=/facebooki.com/4#inet#fw4#vpn_domains
nftset=/facebookinc.com/4#inet#fw4#vpn_domains
nftset=/facebookland.com/4#inet#fw4#vpn_domains
nftset=/facebooklikeexchange.com/4#inet#fw4#vpn_domains
nftset=/facebooklive.com/4#inet#fw4#vpn_domains
nftset=/facebooklivestaging.net/4#inet#fw4#vpn_domains
nftset=/facebooklivestaging.org/4#inet#fw4#vpn_domains
nftset=/facebooklogin.com/4#inet#fw4#vpn_domains
nftset=/facebooklogin.info/4#inet#fw4#vpn_domains
nftset=/facebookloginhelp.net/4#inet#fw4#vpn_domains
nftset=/facebooklogs.com/4#inet#fw4#vpn_domains
nftset=/facebookmail.com/4#inet#fw4#vpn_domains
nftset=/facebookmail.tv/4#inet#fw4#vpn_domains
nftset=/facebookmanager.info/4#inet#fw4#vpn_domains
nftset=/facebookmarketing.info/4#inet#fw4#vpn_domains
nftset=/facebookmarketingpartner.com/4#inet#fw4#vpn_domains
nftset=/facebookmarketingpartners.com/4#inet#fw4#vpn_domains
nftset=/facebookmobile.com/4#inet#fw4#vpn_domains
nftset=/facebookmsn.com/4#inet#fw4#vpn_domains
nftset=/facebooknews.com/4#inet#fw4#vpn_domains
nftset=/facebooknfl.com/4#inet#fw4#vpn_domains
nftset=/facebooknude.com/4#inet#fw4#vpn_domains
nftset=/facebookofsex.com/4#inet#fw4#vpn_domains
nftset=/facebookook.com/4#inet#fw4#vpn_domains
nftset=/facebookpaper.com/4#inet#fw4#vpn_domains
nftset=/facebookpay.com/4#inet#fw4#vpn_domains
nftset=/facebookphonenumber.net/4#inet#fw4#vpn_domains
nftset=/facebookphoto.com/4#inet#fw4#vpn_domains
nftset=/facebookphotos.com/4#inet#fw4#vpn_domains
nftset=/facebookpmdcenter.com/4#inet#fw4#vpn_domains
nftset=/facebookpoke.net/4#inet#fw4#vpn_domains
nftset=/facebookpoke.org/4#inet#fw4#vpn_domains
nftset=/facebookpoker.info/4#inet#fw4#vpn_domains
nftset=/facebookpokerchips.info/4#inet#fw4#vpn_domains
nftset=/facebookporn.net/4#inet#fw4#vpn_domains
nftset=/facebookporn.org/4#inet#fw4#vpn_domains
nftset=/facebookporno.net/4#inet#fw4#vpn_domains
nftset=/facebookportal.com/4#inet#fw4#vpn_domains
nftset=/facebooks.com/4#inet#fw4#vpn_domains
nftset=/facebooksafety.com/4#inet#fw4#vpn_domains
nftset=/facebooksecurity.net/4#inet#fw4#vpn_domains
nftset=/facebookshop.com/4#inet#fw4#vpn_domains
nftset=/facebooksignup.net/4#inet#fw4#vpn_domains
nftset=/facebooksite.net/4#inet#fw4#vpn_domains
nftset=/facebookstories.com/4#inet#fw4#vpn_domains
nftset=/facebookstudios.net/4#inet#fw4#vpn_domains
nftset=/facebookstudios.org/4#inet#fw4#vpn_domains
nftset=/facebooksupplier.com/4#inet#fw4#vpn_domains
nftset=/facebooksuppliers.com/4#inet#fw4#vpn_domains
nftset=/facebookswagemea.com/4#inet#fw4#vpn_domains
nftset=/facebookswagstore.com/4#inet#fw4#vpn_domains
nftset=/facebooksz.com/4#inet#fw4#vpn_domains
nftset=/facebookthreads.net/4#inet#fw4#vpn_domains
nftset=/facebooktv.net/4#inet#fw4#vpn_domains
nftset=/facebooktv.org/4#inet#fw4#vpn_domains
nftset=/facebookvacation.com/4#inet#fw4#vpn_domains
nftset=/facebookw.com/4#inet#fw4#vpn_domains
nftset=/facebookworld.com/4#inet#fw4#vpn_domains
nftset=/facebool.com/4#inet#fw4#vpn_domains
nftset=/facebool.info/4#inet#fw4#vpn_domains
nftset=/facebooll.com/4#inet#fw4#vpn_domains
nftset=/faceboom.com/4#inet#fw4#vpn_domains
nftset=/faceboon.com/4#inet#fw4#vpn_domains
nftset=/faceboonk.com/4#inet#fw4#vpn_domains
nftset=/faceboooik.com/4#inet#fw4#vpn_domains
nftset=/faceboook.com/4#inet#fw4#vpn_domains
nftset=/faceboop.com/4#inet#fw4#vpn_domains
nftset=/faceboot.com/4#inet#fw4#vpn_domains
nftset=/faceboox.com/4#inet#fw4#vpn_domains
nftset=/facebopk.com/4#inet#fw4#vpn_domains
nftset=/facebpook.com/4#inet#fw4#vpn_domains
nftset=/facebuk.com/4#inet#fw4#vpn_domains
nftset=/facebuok.com/4#inet#fw4#vpn_domains
nftset=/facebvook.com/4#inet#fw4#vpn_domains
nftset=/facebyook.com/4#inet#fw4#vpn_domains
nftset=/facebzook.com/4#inet#fw4#vpn_domains
nftset=/facecbgook.com/4#inet#fw4#vpn_domains
nftset=/facecbook.com/4#inet#fw4#vpn_domains
nftset=/facecbook.org/4#inet#fw4#vpn_domains
nftset=/facecook.com/4#inet#fw4#vpn_domains
nftset=/facecook.org/4#inet#fw4#vpn_domains
nftset=/facedbook.com/4#inet#fw4#vpn_domains
nftset=/faceebok.com/4#inet#fw4#vpn_domains
nftset=/faceebook.com/4#inet#fw4#vpn_domains
nftset=/faceebot.com/4#inet#fw4#vpn_domains
nftset=/facegbok.com/4#inet#fw4#vpn_domains
nftset=/facegbook.com/4#inet#fw4#vpn_domains
nftset=/faceobk.com/4#inet#fw4#vpn_domains
nftset=/faceobok.com/4#inet#fw4#vpn_domains
nftset=/faceobook.com/4#inet#fw4#vpn_domains
nftset=/faceook.com/4#inet#fw4#vpn_domains
nftset=/facerbooik.com/4#inet#fw4#vpn_domains
nftset=/facerbook.com/4#inet#fw4#vpn_domains
nftset=/facesbooc.com/4#inet#fw4#vpn_domains
nftset=/facesounds.com/4#inet#fw4#vpn_domains
nftset=/facetook.com/4#inet#fw4#vpn_domains
nftset=/facevbook.com/4#inet#fw4#vpn_domains
nftset=/facewbook.co/4#inet#fw4#vpn_domains
nftset=/facewook.com/4#inet#fw4#vpn_domains
nftset=/facfacebook.com/4#inet#fw4#vpn_domains
nftset=/facfebook.com/4#inet#fw4#vpn_domains
nftset=/fackebook.com/4#inet#fw4#vpn_domains
nftset=/facnbook.com/4#inet#fw4#vpn_domains
nftset=/facrbook.com/4#inet#fw4#vpn_domains
nftset=/facvebook.com/4#inet#fw4#vpn_domains
nftset=/facwebook.com/4#inet#fw4#vpn_domains
nftset=/facxebook.com/4#inet#fw4#vpn_domains
nftset=/fadebook.com/4#inet#fw4#vpn_domains
nftset=/faebok.com/4#inet#fw4#vpn_domains
nftset=/faebook.com/4#inet#fw4#vpn_domains
nftset=/faebookc.com/4#inet#fw4#vpn_domains
nftset=/faeboook.com/4#inet#fw4#vpn_domains
nftset=/faecebok.com/4#inet#fw4#vpn_domains
nftset=/faesebook.com/4#inet#fw4#vpn_domains
nftset=/fafacebook.com/4#inet#fw4#vpn_domains
nftset=/faicbooc.com/4#inet#fw4#vpn_domains
nftset=/fasebokk.com/4#inet#fw4#vpn_domains
nftset=/fasebook.com/4#inet#fw4#vpn_domains
nftset=/faseboox.com/4#inet#fw4#vpn_domains
nftset=/favebook.com/4#inet#fw4#vpn_domains
nftset=/faycbok.com/4#inet#fw4#vpn_domains
nftset=/fb.careers/4#inet#fw4#vpn_domains
nftset=/fb.gg/4#inet#fw4#vpn_domains
nftset=/fb.watch/4#inet#fw4#vpn_domains
nftset=/fbacebook.com/4#inet#fw4#vpn_domains
nftset=/fbbmarket.com/4#inet#fw4#vpn_domains
nftset=/fbboostyourbusiness.com/4#inet#fw4#vpn_domains
nftset=/fbfeedback.com/4#inet#fw4#vpn_domains
nftset=/fbhome.com/4#inet#fw4#vpn_domains
nftset=/fbidb.io/4#inet#fw4#vpn_domains
nftset=/fbinc.com/4#inet#fw4#vpn_domains
nftset=/fbinnovation.com/4#inet#fw4#vpn_domains
nftset=/fbmarketing.com/4#inet#fw4#vpn_domains
nftset=/fbreg.com/4#inet#fw4#vpn_domains
nftset=/fbrpms.com/4#inet#fw4#vpn_domains
nftset=/fbsbx.net/4#inet#fw4#vpn_domains
nftset=/fbsupport-covid.net/4#inet#fw4#vpn_domains
nftset=/fbthirdpartypixel.com/4#inet#fw4#vpn_domains
nftset=/fbthirdpartypixel.net/4#inet#fw4#vpn_domains
nftset=/fbthirdpartypixel.org/4#inet#fw4#vpn_domains
nftset=/fburl.com/4#inet#fw4#vpn_domains
nftset=/fbworkmail.com/4#inet#fw4#vpn_domains
nftset=/fcacebook.com/4#inet#fw4#vpn_domains
nftset=/fcaebook.com/4#inet#fw4#vpn_domains
nftset=/fcebook.com/4#inet#fw4#vpn_domains
nftset=/fcebookk.com/4#inet#fw4#vpn_domains
nftset=/fcfacebook.com/4#inet#fw4#vpn_domains
nftset=/fdacebook.info/4#inet#fw4#vpn_domains
nftset=/feacboo.com/4#inet#fw4#vpn_domains
nftset=/feacbook.com/4#inet#fw4#vpn_domains
nftset=/feacbooke.com/4#inet#fw4#vpn_domains
nftset=/feacebook.com/4#inet#fw4#vpn_domains
nftset=/fecbbok.com/4#inet#fw4#vpn_domains
nftset=/fecbooc.com/4#inet#fw4#vpn_domains
nftset=/fecbook.com/4#inet#fw4#vpn_domains
nftset=/feceboock.com/4#inet#fw4#vpn_domains
nftset=/feceboox.com/4#inet#fw4#vpn_domains
nftset=/fececbook.com/4#inet#fw4#vpn_domains
nftset=/feook.com/4#inet#fw4#vpn_domains
nftset=/ferabook.com/4#inet#fw4#vpn_domains
nftset=/fescebook.com/4#inet#fw4#vpn_domains
nftset=/fesebook.com/4#inet#fw4#vpn_domains
nftset=/ffacebook.com/4#inet#fw4#vpn_domains
nftset=/fgacebook.com/4#inet#fw4#vpn_domains
nftset=/ficeboock.com/4#inet#fw4#vpn_domains
nftset=/fmcebook.com/4#inet#fw4#vpn_domains
nftset=/fnacebook.com/4#inet#fw4#vpn_domains
nftset=/fosebook.com/4#inet#fw4#vpn_domains
nftset=/fpacebook.com/4#inet#fw4#vpn_domains
nftset=/fqcebook.com/4#inet#fw4#vpn_domains
nftset=/fracebook.com/4#inet#fw4#vpn_domains
nftset=/freeb.com/4#inet#fw4#vpn_domains
nftset=/freebasics.com/4#inet#fw4#vpn_domains
nftset=/freebasics.net/4#inet#fw4#vpn_domains
nftset=/freebs.com/4#inet#fw4#vpn_domains
nftset=/freefacebook.com/4#inet#fw4#vpn_domains
nftset=/freefacebook.net/4#inet#fw4#vpn_domains
nftset=/freefacebookads.net/4#inet#fw4#vpn_domains
nftset=/freefblikes.com/4#inet#fw4#vpn_domains
nftset=/freindfeed.com/4#inet#fw4#vpn_domains
nftset=/friendbook.info/4#inet#fw4#vpn_domains
nftset=/friendfed.com/4#inet#fw4#vpn_domains
nftset=/friendfeed-api.com/4#inet#fw4#vpn_domains
nftset=/friendfeed-media.com/4#inet#fw4#vpn_domains
nftset=/friendfeed.com/4#inet#fw4#vpn_domains
nftset=/friendfeedmedia.com/4#inet#fw4#vpn_domains
nftset=/fsacebok.com/4#inet#fw4#vpn_domains
nftset=/fscebook.com/4#inet#fw4#vpn_domains
nftset=/fundraisingwithfacebook.com/4#inet#fw4#vpn_domains
nftset=/funnyfacebook.org/4#inet#fw4#vpn_domains
nftset=/futureofbusinesssurvey.org/4#inet#fw4#vpn_domains
nftset=/gacebook.com/4#inet#fw4#vpn_domains
nftset=/gameroom.com/4#inet#fw4#vpn_domains
nftset=/gfacecbook.com/4#inet#fw4#vpn_domains
nftset=/groups.com/4#inet#fw4#vpn_domains
nftset=/hackerfacebook.com/4#inet#fw4#vpn_domains
nftset=/hackfacebook.com/4#inet#fw4#vpn_domains
nftset=/hackfacebookid.com/4#inet#fw4#vpn_domains
nftset=/hifacebook.info/4#inet#fw4#vpn_domains
nftset=/howtohackfacebook-account.com/4#inet#fw4#vpn_domains
nftset=/hsfacebook.com/4#inet#fw4#vpn_domains
nftset=/httpfacebook.com/4#inet#fw4#vpn_domains
nftset=/httpsfacebook.com/4#inet#fw4#vpn_domains
nftset=/httpwwwfacebook.com/4#inet#fw4#vpn_domains
nftset=/i.org/4#inet#fw4#vpn_domains
nftset=/internet.org/4#inet#fw4#vpn_domains
nftset=/klik.me/4#inet#fw4#vpn_domains
nftset=/liverail.com/4#inet#fw4#vpn_domains
nftset=/liverail.tv/4#inet#fw4#vpn_domains
nftset=/login-account.net/4#inet#fw4#vpn_domains
nftset=/markzuckerberg.com/4#inet#fw4#vpn_domains
nftset=/midentsolutions.com/4#inet#fw4#vpn_domains
nftset=/mobilefacebook.com/4#inet#fw4#vpn_domains
nftset=/moneywithfacebook.com/4#inet#fw4#vpn_domains
nftset=/myfbfans.com/4#inet#fw4#vpn_domains
nftset=/newsfeed.com/4#inet#fw4#vpn_domains
nftset=/nextstop.com/4#inet#fw4#vpn_domains
nftset=/online-deals.net/4#inet#fw4#vpn_domains
nftset=/opencreate.org/4#inet#fw4#vpn_domains
nftset=/reachtheworldonfacebook.com/4#inet#fw4#vpn_domains
nftset=/shopfacebook.com/4#inet#fw4#vpn_domains
nftset=/sportsfacebook.com/4#inet#fw4#vpn_domains
nftset=/sportstream.com/4#inet#fw4#vpn_domains
nftset=/supportfacebook.com/4#inet#fw4#vpn_domains
nftset=/terragraph.com/4#inet#fw4#vpn_domains
nftset=/thefacebook.net/4#inet#fw4#vpn_domains
nftset=/thefind.com/4#inet#fw4#vpn_domains
nftset=/toplayerserver.com/4#inet#fw4#vpn_domains
nftset=/viewpointsfromfacebook.com/4#inet#fw4#vpn_domains
nftset=/whyfacebook.com/4#inet#fw4#vpn_domains
nftset=/worldhack.com/4#inet#fw4#vpn_domains
nftset=/www-facebook.com/4#inet#fw4#vpn_domains
nftset=/wwwfacebok.com/4#inet#fw4#vpn_domains
nftset=/wwwfacebook.com/4#inet#fw4#vpn_domains
nftset=/wwwmfacebook.com/4#inet#fw4#vpn_domains
nftset=/zuckerberg.com/4#inet#fw4#vpn_domains
nftset=/zuckerberg.net/4#inet#fw4#vpn_domains
nftset=/facebookwork.com/4#inet#fw4#vpn_domains
nftset=/redkix.com/4#inet#fw4#vpn_domains
nftset=/workplace.com/4#inet#fw4#vpn_domains
nftset=/workplaceusecases.com/4#inet#fw4#vpn_domains
nftset=/analytics.facebook.com/4#inet#fw4#vpn_domains
nftset=/facebookads.com/4#inet#fw4#vpn_domains
nftset=/pixel.facebook.com/4#inet#fw4#vpn_domains
nftset=/facebook.br/4#inet#fw4#vpn_domains
nftset=/facebook.ca/4#inet#fw4#vpn_domains
nftset=/facebook.hu/4#inet#fw4#vpn_domains
nftset=/facebook.in/4#inet#fw4#vpn_domains
nftset=/fbwat.ch/4#inet#fw4#vpn_domains
nftset=/linkedin.com/4#inet#fw4#vpn_domains
nftset=/e122475.dscg.akamaiedge.net/4#inet#fw4#vpn_domains
nftset=/licdn.cn.cdn20.com/4#inet#fw4#vpn_domains
nftset=/linkedin.sc.omtrdc.net/4#inet#fw4#vpn_domains
nftset=/bizographics.com/4#inet#fw4#vpn_domains
nftset=/l-0005.dc-msedge.net/4#inet#fw4#vpn_domains
nftset=/l-0005.l-msedge.net/4#inet#fw4#vpn_domains
nftset=/licdn.cn/4#inet#fw4#vpn_domains
nftset=/linkedin.cn/4#inet#fw4#vpn_domains
nftset=/linkedin.at/4#inet#fw4#vpn_domains
nftset=/lnkd.in/4#inet#fw4#vpn_domains
nftset=/rutor.info/4#inet#fw4#vpn_domains
nftset=/rutor.is/4#inet#fw4#vpn_domains
nftset=/rutor.org/4#inet#fw4#vpn_domains
nftset=/kinozal.me/4#inet#fw4#vpn_domains
nftset=/wstracker.online/4#inet#fw4#vpn_domains
nftset=/kinozal.guru/4#inet#fw4#vpn_domains
nftset=/kinozal.tv/4#inet#fw4#vpn_domains
nftset=/torrent.by/4#inet#fw4#vpn_domains
nftset=/rutracker.cc/4#inet#fw4#vpn_domains
nftset=/rutracker.net/4#inet#fw4#vpn_domains
nftset=/rutracker.org/4#inet#fw4#vpn_domains
nftset=/rutracker.ru/4#inet#fw4#vpn_domains
nftset=/rutracker.wiki/4#inet#fw4#vpn_domains
nftset=/rutrk.org/4#inet#fw4#vpn_domains
nftset=/t-ru.org/4#inet#fw4#vpn_domains
nftset=/maintracker.org/4#inet#fw4#vpn_domains
nftset=/rutracker.me/4#inet#fw4#vpn_domains
nftset=/rutracker.nl/4#inet#fw4#vpn_domains
nftset=/rutracker.cr/4#inet#fw4#vpn_domains
nftset=/femeretes.org/4#inet#fw4#vpn_domains
nftset=/hdrezka.ac/4#inet#fw4#vpn_domains
nftset=/hdrezka.ag/4#inet#fw4#vpn_domains
nftset=/hdrezka.cm/4#inet#fw4#vpn_domains
nftset=/hdrezka.la/4#inet#fw4#vpn_domains
nftset=/rezka.ag/4#inet#fw4#vpn_domains
nftset=/rezka.my/4#inet#fw4#vpn_domains
nftset=/rezkify.com/4#inet#fw4#vpn_domains
nftset=/serv01001.xyz/4#inet#fw4#vpn_domains
nftset=/statichdrezka.ac/4#inet#fw4#vpn_domains
nftset=/voidboost.cc/4#inet#fw4#vpn_domains
nftset=/voidboost.com/4#inet#fw4#vpn_domains
nftset=/voidboost.in/4#inet#fw4#vpn_domains
nftset=/voidboost.one/4#inet#fw4#vpn_domains
nftset=/voidnetwork.cloud/4#inet#fw4#vpn_domains
nftset=/hdrezka-home.tv/4#inet#fw4#vpn_domains
nftset=/hdrezka.co/4#inet#fw4#vpn_domains
nftset=/hdrezka.me/4#inet#fw4#vpn_domains
nftset=/hdrezka.org/4#inet#fw4#vpn_domains
nftset=/hdrezka.site/4#inet#fw4#vpn_domains
nftset=/hdrzk.org/4#inet#fw4#vpn_domains
nftset=/stream.voidboost.cc/4#inet#fw4#vpn_domains
nftset=/cdn32.lol/4#inet#fw4#vpn_domains
nftset=/cdntogo.net/4#inet#fw4#vpn_domains
nftset=/kino.pub/4#inet#fw4#vpn_domains
nftset=/kino.watch/4#inet#fw4#vpn_domains
nftset=/cdn-service.space/4#inet#fw4#vpn_domains
nftset=/cdn2cdn.com/4#inet#fw4#vpn_domains
nftset=/kinopub.online/4#inet#fw4#vpn_domains
nftset=/kpdl.link/4#inet#fw4#vpn_domains
nftset=/ahc.ovh/4#inet#fw4#vpn_domains
nftset=/gfw.ovh/4#inet#fw4#vpn_domains
nftset=/tsx.ovh/4#inet#fw4#vpn_domains
nftset=/mos-gorsud.co/4#inet#fw4#vpn_domains
nftset=/smarttvcdn.online/4#inet#fw4#vpn_domains
nftset=/pushbr.com/4#inet#fw4#vpn_domains
nftset=/teleos.club/4#inet#fw4#vpn_domains
nftset=/support-kp.com/4#inet#fw4#vpn_domains
nftset=/cdn2site.com/4#inet#fw4#vpn_domains
nftset=/api.alador.space/4#inet#fw4#vpn_domains
nftset=/m.alador.space/4#inet#fw4#vpn_domains
nftset=/lostfilm.download/4#inet#fw4#vpn_domains
nftset=/lostfilm.run/4#inet#fw4#vpn_domains
nftset=/lostfilm.tv/4#inet#fw4#vpn_domains
nftset=/lostfilm.win/4#inet#fw4#vpn_domains
nftset=/supercell.helpshift.com/4#inet#fw4#vpn_domains
nftset=/supercell.zendesk.com/4#inet#fw4#vpn_domains
nftset=/boombeach.com/4#inet#fw4#vpn_domains
nftset=/brawlstars.com/4#inet#fw4#vpn_domains
nftset=/brawlstarsgame.com/4#inet#fw4#vpn_domains
nftset=/clash.com/4#inet#fw4#vpn_domains
nftset=/clashmini.com/4#inet#fw4#vpn_domains
nftset=/clashofclans.com/4#inet#fw4#vpn_domains
nftset=/clashroyale.com/4#inet#fw4#vpn_domains
nftset=/clashroyaleapp.com/4#inet#fw4#vpn_domains
nftset=/gamesfirsthelsinki.com/4#inet#fw4#vpn_domains
nftset=/hayday.com/4#inet#fw4#vpn_domains
nftset=/haydaygame.com/4#inet#fw4#vpn_domains
nftset=/mo.co/4#inet#fw4#vpn_domains
nftset=/seeurlpcl.com/4#inet#fw4#vpn_domains
nftset=/squadbusters.com/4#inet#fw4#vpn_domains
nftset=/supercell.com/4#inet#fw4#vpn_domains
nftset=/supercell.net/4#inet#fw4#vpn_domains
nftset=/supercellcreators.com/4#inet#fw4#vpn_domains
nftset=/supercellgames.com/4#inet#fw4#vpn_domains
nftset=/supercellid.com/4#inet#fw4#vpn_domains
nftset=/supercellstore.com/4#inet#fw4#vpn_domains
nftset=/supr.cl/4#inet#fw4#vpn_domains
nftset=/www.speedtest.net.cdn.cloudflare.net/4#inet#fw4#vpn_domains
nftset=/cdnst.net/4#inet#fw4#vpn_domains
nftset=/cellmaps.com/4#inet#fw4#vpn_domains
nftset=/ekahau.cloud/4#inet#fw4#vpn_domains
nftset=/ekahau.com/4#inet#fw4#vpn_domains
nftset=/ookla.com/4#inet#fw4#vpn_domains
nftset=/ooklaserver.net/4#inet#fw4#vpn_domains
nftset=/pingtest.net/4#inet#fw4#vpn_domains
nftset=/speedtest.co/4#inet#fw4#vpn_domains
nftset=/speedtest.net/4#inet#fw4#vpn_domains
nftset=/speedtestcustom.com/4#inet#fw4#vpn_domains
nftset=/webtest.net/4#inet#fw4#vpn_domains
nftset=/openaiapi-site.azureedge.net/4#inet#fw4#vpn_domains
nftset=/openaiassets.blob.core.windows.net/4#inet#fw4#vpn_domains
nftset=/openaicom-api-bdcpf8c6d2e9atf6.z01.azurefd.net/4#inet#fw4#vpn_domains
nftset=/openaicom.imgix.net/4#inet#fw4#vpn_domains
nftset=/openaicomproductionae4b.blob.core.windows.net/4#inet#fw4#vpn_domains
nftset=/production-openaicom-storage.azureedge.net/4#inet#fw4#vpn_domains
nftset=/browser-intake-datadoghq.com/4#inet#fw4#vpn_domains
nftset=/o33249.ingest.sentry.io/4#inet#fw4#vpn_domains
nftset=/openai.qualtrics.com/4#inet#fw4#vpn_domains
nftset=/oaiusercontent.com/4#inet#fw4#vpn_domains
nftset=/chatgpt.com/4#inet#fw4#vpn_domains
nftset=/chatgpt.site/4#inet#fw4#vpn_domains
nftset=/crixet.com/4#inet#fw4#vpn_domains
nftset=/oaistatic.com/4#inet#fw4#vpn_domains
nftset=/oaistatsig.com/4#inet#fw4#vpn_domains
nftset=/chat.com/4#inet#fw4#vpn_domains
nftset=/openai.com/4#inet#fw4#vpn_domains
nftset=/sora.com/4#inet#fw4#vpn_domains
nftset=/chatgpt.livekit.cloud/4#inet#fw4#vpn_domains
nftset=/host.livekit.cloud/4#inet#fw4#vpn_domains
nftset=/turn.livekit.cloud/4#inet#fw4#vpn_domains
nftset=/openai.com.cdn.cloudflare.net/4#inet#fw4#vpn_domains
nftset=/github-api.arkoselabs.com/4#inet#fw4#vpn_domains
nftset=/github-cloud.s3.amazonaws.com/4#inet#fw4#vpn_domains
nftset=/github-production-release-asset-2e65be.s3.amazonaws.com/4#inet#fw4#vpn_domains
nftset=/github-production-repository-file-5c1aeb.s3.amazonaws.com/4#inet#fw4#vpn_domains
nftset=/github-production-repository-image-32fea6.s3.amazonaws.com/4#inet#fw4#vpn_domains
nftset=/github-production-upload-manifest-file-7fdce7.s3.amazonaws.com/4#inet#fw4#vpn_domains
nftset=/github-production-user-asset-6210df.s3.amazonaws.com/4#inet#fw4#vpn_domains
nftset=/productionresultssa0.blob.core.windows.net/4#inet#fw4#vpn_domains
nftset=/productionresultssa1.blob.core.windows.net/4#inet#fw4#vpn_domains
nftset=/productionresultssa2.blob.core.windows.net/4#inet#fw4#vpn_domains
nftset=/productionresultssa3.blob.core.windows.net/4#inet#fw4#vpn_domains
nftset=/productionresultssa4.blob.core.windows.net/4#inet#fw4#vpn_domains
nftset=/productionresultssa5.blob.core.windows.net/4#inet#fw4#vpn_domains
nftset=/productionresultssa6.blob.core.windows.net/4#inet#fw4#vpn_domains
nftset=/productionresultssa7.blob.core.windows.net/4#inet#fw4#vpn_domains
nftset=/productionresultssa8.blob.core.windows.net/4#inet#fw4#vpn_domains
nftset=/productionresultssa9.blob.core.windows.net/4#inet#fw4#vpn_domains
nftset=/productionresultssa10.blob.core.windows.net/4#inet#fw4#vpn_domains
nftset=/productionresultssa11.blob.core.windows.net/4#inet#fw4#vpn_domains
nftset=/productionresultssa12.blob.core.windows.net/4#inet#fw4#vpn_domains
nftset=/productionresultssa13.blob.core.windows.net/4#inet#fw4#vpn_domains
nftset=/productionresultssa14.blob.core.windows.net/4#inet#fw4#vpn_domains
nftset=/productionresultssa15.blob.core.windows.net/4#inet#fw4#vpn_domains
nftset=/productionresultssa16.blob.core.windows.net/4#inet#fw4#vpn_domains
nftset=/productionresultssa17.blob.core.windows.net/4#inet#fw4#vpn_domains
nftset=/productionresultssa18.blob.core.windows.net/4#inet#fw4#vpn_domains
nftset=/productionresultssa19.blob.core.windows.net/4#inet#fw4#vpn_domains
nftset=/copilot-proxy.githubusercontent.com/4#inet#fw4#vpn_domains
nftset=/copilot-workspace.githubnext.com/4#inet#fw4#vpn_domains
nftset=/copilotprodattachments.blob.core.windows.net/4#inet#fw4#vpn_domains
nftset=/copilot-telemetry-service.githubusercontent.com/4#inet#fw4#vpn_domains
nftset=/copilot-telemetry.githubusercontent.com/4#inet#fw4#vpn_domains
nftset=/atom.io/4#inet#fw4#vpn_domains
nftset=/dependabot.com/4#inet#fw4#vpn_domains
nftset=/gh.io/4#inet#fw4#vpn_domains
nftset=/ghcr.io/4#inet#fw4#vpn_domains
nftset=/ghe.com/4#inet#fw4#vpn_domains
nftset=/git.io/4#inet#fw4#vpn_domains
nftset=/github.blog/4#inet#fw4#vpn_domains
nftset=/github.career/4#inet#fw4#vpn_domains
nftset=/github.com/4#inet#fw4#vpn_domains
nftset=/github.community/4#inet#fw4#vpn_domains
nftset=/github.dev/4#inet#fw4#vpn_domains
nftset=/github.io/4#inet#fw4#vpn_domains
nftset=/githubapp.com/4#inet#fw4#vpn_domains
nftset=/githubassets.com/4#inet#fw4#vpn_domains
nftset=/githubhackathon.com/4#inet#fw4#vpn_domains
nftset=/githubnext.com/4#inet#fw4#vpn_domains
nftset=/githubpreview.dev/4#inet#fw4#vpn_domains
nftset=/githubstatus.com/4#inet#fw4#vpn_domains
nftset=/githubsupport.com/4#inet#fw4#vpn_domains
nftset=/githubuniverse.com/4#inet#fw4#vpn_domains
nftset=/githubusercontent.com/4#inet#fw4#vpn_domains
nftset=/myoctocat.com/4#inet#fw4#vpn_domains
nftset=/octocaptcha.com/4#inet#fw4#vpn_domains
nftset=/opensource.guide/4#inet#fw4#vpn_domains
nftset=/repo.new/4#inet#fw4#vpn_domains
nftset=/thegithubshop.com/4#inet#fw4#vpn_domains
nftset=/githubcopilot.com/4#inet#fw4#vpn_domains
nftset=/npm.community/4#inet#fw4#vpn_domains
nftset=/npmjs.com/4#inet#fw4#vpn_domains
nftset=/npmjs.org/4#inet#fw4#vpn_domains
nftset=/collector.github.com/4#inet#fw4#vpn_domains
nftset=/github.ai/4#inet#fw4#vpn_domains
nftset=/gitlab-assets.oss-cn-hongkong.aliyuncs.com/4#inet#fw4#vpn_domains
nftset=/gitlab.com/4#inet#fw4#vpn_domains
nftset=/gitlab.io/4#inet#fw4#vpn_domains
nftset=/gitlab.net/4#inet#fw4#vpn_domains
nftset=/gitlab-static.net/4#inet#fw4#vpn_domains
nftset=/intel.cc/4#inet#fw4#vpn_domains
nftset=/intel.co/4#inet#fw4#vpn_domains
nftset=/intel.com/4#inet#fw4#vpn_domains
nftset=/ospray.org/4#inet#fw4#vpn_domains
nftset=/ospray.net/4#inet#fw4#vpn_domains
nftset=/clearlinux.org/4#inet#fw4#vpn_domains
nftset=/acpica.com/4#inet#fw4#vpn_domains
nftset=/universalscalablefirmware.org/4#inet#fw4#vpn_domains
nftset=/snap-telemetry.io/4#inet#fw4#vpn_domains
nftset=/renderingtoolkit.org/4#inet#fw4#vpn_domains
nftset=/openvinotoolkit.org/4#inet#fw4#vpn_domains
nftset=/opendroneid.org/4#inet#fw4#vpn_domains
nftset=/opencas.io/4#inet#fw4#vpn_domains
nftset=/oneapi.io/4#inet#fw4#vpn_domains
nftset=/oneapi.com/4#inet#fw4#vpn_domains
nftset=/intellinuxgraphics.net/4#inet#fw4#vpn_domains
nftset=/intellinuxgraphics.com/4#inet#fw4#vpn_domains
nftset=/hyperscan.io/4#inet#fw4#vpn_domains
nftset=/01.org/4#inet#fw4#vpn_domains
nftset=/barefootnetworks.com/4#inet#fw4#vpn_domains
nftset=/xscale.com/4#inet#fw4#vpn_domains
nftset=/xn--ztsq84g.cn/4#inet#fw4#vpn_domains
nftset=/xeon.com/4#inet#fw4#vpn_domains
nftset=/vpro.net/4#inet#fw4#vpn_domains
nftset=/vpro.com/4#inet#fw4#vpn_domains
nftset=/intel.dev/4#inet#fw4#vpn_domains
nftset=/intel.eu/4#inet#fw4#vpn_domains
nftset=/intel.gg/4#inet#fw4#vpn_domains
nftset=/intel.io/4#inet#fw4#vpn_domains
nftset=/intel.jp/4#inet#fw4#vpn_domains
nftset=/intel.me/4#inet#fw4#vpn_domains
nftset=/intel.nl/4#inet#fw4#vpn_domains
nftset=/intel.ru/4#inet#fw4#vpn_domains
nftset=/intel.se/4#inet#fw4#vpn_domains
nftset=/intel.tv/4#inet#fw4#vpn_domains
nftset=/intel.tw/4#inet#fw4#vpn_domains
nftset=/intel.us/4#inet#fw4#vpn_domains
nftset=/exploreintel.com/4#inet#fw4#vpn_domains
nftset=/vokevr.com/4#inet#fw4#vpn_domains
nftset=/trustedanalytics.net/4#inet#fw4#vpn_domains
nftset=/trustedanalytics.com/4#inet#fw4#vpn_domains
nftset=/thunderbolttechnology.net/4#inet#fw4#vpn_domains
nftset=/altera.com/4#inet#fw4#vpn_domains
nftset=/alteraforum.com/4#inet#fw4#vpn_domains
nftset=/buyaltera.com/4#inet#fw4#vpn_domains
nftset=/celeron.com/4#inet#fw4#vpn_domains
nftset=/celeron.net/4#inet#fw4#vpn_domains
nftset=/centrino.com/4#inet#fw4#vpn_domains
nftset=/centrino.net/4#inet#fw4#vpn_domains
nftset=/chips.com/4#inet#fw4#vpn_domains
nftset=/cilk.com/4#inet#fw4#vpn_domains
nftset=/cilk.net/4#inet#fw4#vpn_domains
nftset=/cloudinsights.com/4#inet#fw4#vpn_domains
nftset=/clusterconnection.com/4#inet#fw4#vpn_domains
nftset=/comm-verse.com/4#inet#fw4#vpn_domains
nftset=/coreduo.com/4#inet#fw4#vpn_domains
nftset=/coreextreme.com/4#inet#fw4#vpn_domains
nftset=/crosswalk-project.com/4#inet#fw4#vpn_domains
nftset=/crosswalk-project.net/4#inet#fw4#vpn_domains
nftset=/dml-lang.org/4#inet#fw4#vpn_domains
nftset=/doceapower.com/4#inet#fw4#vpn_domains
nftset=/easic.com/4#inet#fw4#vpn_domains
nftset=/enpirion.com/4#inet#fw4#vpn_domains
nftset=/exascale-tech.com/4#inet#fw4#vpn_domains
nftset=/threadingbuildingblocks.org/4#inet#fw4#vpn_domains
nftset=/gordonmoore.com/4#inet#fw4#vpn_domains
nftset=/granulate.io/4#inet#fw4#vpn_domains
nftset=/hackharassment.com/4#inet#fw4#vpn_domains
nftset=/insidefilms.com/4#inet#fw4#vpn_domains
nftset=/insight.tech/4#inet#fw4#vpn_domains
nftset=/intc.com/4#inet#fw4#vpn_domains
nftset=/intel-research.net/4#inet#fw4#vpn_domains
nftset=/intel-university-collaboration.net/4#inet#fw4#vpn_domains
nftset=/intelamericasstore.com/4#inet#fw4#vpn_domains
nftset=/intelapacstore.com/4#inet#fw4#vpn_domains
nftset=/intelatom.net/4#inet#fw4#vpn_domains
nftset=/intelcapital.com/4#inet#fw4#vpn_domains
nftset=/intelcapital.net/4#inet#fw4#vpn_domains
nftset=/intelcloudbuilders.com/4#inet#fw4#vpn_domains
nftset=/intelcloudfinder.com/4#inet#fw4#vpn_domains
nftset=/intelemeastore.com/4#inet#fw4#vpn_domains
nftset=/inteleventexpress.com/4#inet#fw4#vpn_domains
nftset=/intelforchange.com/4#inet#fw4#vpn_domains
nftset=/intelfreepress.com/4#inet#fw4#vpn_domains
nftset=/intelgo.net/4#inet#fw4#vpn_domains
nftset=/intelinsight.com/4#inet#fw4#vpn_domains
nftset=/inteliotmarketplace.com/4#inet#fw4#vpn_domains
nftset=/intell.com/4#inet#fw4#vpn_domains
nftset=/intellearningseries.com/4#inet#fw4#vpn_domains
nftset=/intellinuxwireless.net/4#inet#fw4#vpn_domains
nftset=/intelnervana.com/4#inet#fw4#vpn_domains
nftset=/intelplay.com/4#inet#fw4#vpn_domains
nftset=/intelquark.com/4#inet#fw4#vpn_domains
nftset=/intelrealsense.cn/4#inet#fw4#vpn_domains
nftset=/intelrealsense.com/4#inet#fw4#vpn_domains
nftset=/intelrealsense.net/4#inet#fw4#vpn_domains
nftset=/intelreimbursement.com/4#inet#fw4#vpn_domains
nftset=/intelrxt.com/4#inet#fw4#vpn_domains
nftset=/intelsalestraining.com/4#inet#fw4#vpn_domains
nftset=/intelsecurity.com/4#inet#fw4#vpn_domains
nftset=/intelserveredge.com/4#inet#fw4#vpn_domains
nftset=/intelsoftwarenetwork.com/4#inet#fw4#vpn_domains
nftset=/intelstore.com/4#inet#fw4#vpn_domains
nftset=/inteltechnologyprovider.com/4#inet#fw4#vpn_domains
nftset=/intelvmwarecybersecurity.com/4#inet#fw4#vpn_domains
nftset=/itnel.com/4#inet#fw4#vpn_domains
nftset=/latencytop.com/4#inet#fw4#vpn_domains
nftset=/lookinside.com/4#inet#fw4#vpn_domains
nftset=/makebettercode.com/4#inet#fw4#vpn_domains
nftset=/makesenseofdata.com/4#inet#fw4#vpn_domains
nftset=/meccontroller.com/4#inet#fw4#vpn_domains
nftset=/movidius.com/4#inet#fw4#vpn_domains
nftset=/movidius.net/4#inet#fw4#vpn_domains
nftset=/movidius.org/4#inet#fw4#vpn_domains
nftset=/nervanasys.com/4#inet#fw4#vpn_domains
nftset=/nevex.com/4#inet#fw4#vpn_domains
nftset=/nextgenerationcenter.com/4#inet#fw4#vpn_domains
nftset=/niosii.com/4#inet#fw4#vpn_domains
nftset=/niosii.net/4#inet#fw4#vpn_domains
nftset=/omekinteractive.com/4#inet#fw4#vpn_domains
nftset=/omnitek.tv/4#inet#fw4#vpn_domains
nftset=/openamt.com/4#inet#fw4#vpn_domains
nftset=/optanedifference.com/4#inet#fw4#vpn_domains
nftset=/passwordday.org/4#inet#fw4#vpn_domains
nftset=/pc.com/4#inet#fw4#vpn_domains
nftset=/pentium.com/4#inet#fw4#vpn_domains
nftset=/pentium.net/4#inet#fw4#vpn_domains
nftset=/pintool.com/4#inet#fw4#vpn_domains
nftset=/pmem.org/4#inet#fw4#vpn_domains
nftset=/pmem.us/4#inet#fw4#vpn_domains
nftset=/poweredbyintel.com/4#inet#fw4#vpn_domains
nftset=/projectcircuitbreaker.com/4#inet#fw4#vpn_domains
nftset=/reconinstruments.com/4#inet#fw4#vpn_domains
nftset=/reconjet.com/4#inet#fw4#vpn_domains
nftset=/researchintel.com/4#inet#fw4#vpn_domains
nftset=/saffrontech.com/4#inet#fw4#vpn_domains
nftset=/sensorynetworks.com/4#inet#fw4#vpn_domains
nftset=/sigopt.com/4#inet#fw4#vpn_domains
nftset=/silicon-mobility.com/4#inet#fw4#vpn_domains
nftset=/siliconmobility.com/4#inet#fw4#vpn_domains
nftset=/siport.com/4#inet#fw4#vpn_domains
nftset=/smart-edge.com/4#inet#fw4#vpn_domains
nftset=/smart-edge.info/4#inet#fw4#vpn_domains
nftset=/smart-edge.io/4#inet#fw4#vpn_domains
nftset=/smart-edge.net/4#inet#fw4#vpn_domains
nftset=/smart-edge.org/4#inet#fw4#vpn_domains
nftset=/smart-edge.systems/4#inet#fw4#vpn_domains
nftset=/smartedge.info/4#inet#fw4#vpn_domains
nftset=/storageclassmemory.io/4#inet#fw4#vpn_domains
nftset=/storageclassmemory.org/4#inet#fw4#vpn_domains
nftset=/theintelstore.com/4#inet#fw4#vpn_domains
nftset=/intel.co.jp/4#inet#fw4#vpn_domains
nftset=/intel.com.cn/4#inet#fw4#vpn_domains
nftset=/altera.co.jp/4#inet#fw4#vpn_domains
nftset=/intel.com.tw/4#inet#fw4#vpn_domains
nftset=/intel.com.co/4#inet#fw4#vpn_domains
nftset=/intel.cn/4#inet#fw4#vpn_domains
nftset=/openvino.ai/4#inet#fw4#vpn_domains
nftset=/intel.ac/4#inet#fw4#vpn_domains
nftset=/intel.ae/4#inet#fw4#vpn_domains
nftset=/intel.af/4#inet#fw4#vpn_domains
nftset=/intel.ag/4#inet#fw4#vpn_domains
nftset=/intel.ai/4#inet#fw4#vpn_domains
nftset=/intel.ar/4#inet#fw4#vpn_domains
nftset=/intel.at/4#inet#fw4#vpn_domains
nftset=/intel.az/4#inet#fw4#vpn_domains
nftset=/intel.ba/4#inet#fw4#vpn_domains
nftset=/intel.bg/4#inet#fw4#vpn_domains
nftset=/intel.bh/4#inet#fw4#vpn_domains
nftset=/intel.bi/4#inet#fw4#vpn_domains
nftset=/intel.bo/4#inet#fw4#vpn_domains
nftset=/intel.bs/4#inet#fw4#vpn_domains
nftset=/intel.by/4#inet#fw4#vpn_domains
nftset=/intel.ca/4#inet#fw4#vpn_domains
nftset=/intel.cg/4#inet#fw4#vpn_domains
nftset=/intel.ch/4#inet#fw4#vpn_domains
nftset=/intel.cl/4#inet#fw4#vpn_domains
nftset=/intel.cm/4#inet#fw4#vpn_domains
nftset=/intel.co.ae/4#inet#fw4#vpn_domains
nftset=/intel.co.cr/4#inet#fw4#vpn_domains
nftset=/intel.co.id/4#inet#fw4#vpn_domains
nftset=/intel.co.il/4#inet#fw4#vpn_domains
nftset=/intel.co.kr/4#inet#fw4#vpn_domains
nftset=/intel.co.uk/4#inet#fw4#vpn_domains
nftset=/intel.co.za/4#inet#fw4#vpn_domains
nftset=/intel.com.ar/4#inet#fw4#vpn_domains
nftset=/intel.com.au/4#inet#fw4#vpn_domains
nftset=/intel.com.bo/4#inet#fw4#vpn_domains
nftset=/intel.com.br/4#inet#fw4#vpn_domains
nftset=/intel.com.ec/4#inet#fw4#vpn_domains
nftset=/intel.com.hk/4#inet#fw4#vpn_domains
nftset=/intel.com.jm/4#inet#fw4#vpn_domains
nftset=/intel.com.mx/4#inet#fw4#vpn_domains
nftset=/intel.com.my/4#inet#fw4#vpn_domains
nftset=/intel.com.pe/4#inet#fw4#vpn_domains
nftset=/intel.com.ph/4#inet#fw4#vpn_domains
nftset=/intel.com.pr/4#inet#fw4#vpn_domains
nftset=/intel.com.py/4#inet#fw4#vpn_domains
nftset=/intel.com.tr/4#inet#fw4#vpn_domains
nftset=/intel.com.uy/4#inet#fw4#vpn_domains
nftset=/intel.com.ve/4#inet#fw4#vpn_domains
nftset=/intel.cr/4#inet#fw4#vpn_domains
nftset=/intel.cu/4#inet#fw4#vpn_domains
nftset=/intel.cz/4#inet#fw4#vpn_domains
nftset=/intel.de/4#inet#fw4#vpn_domains
nftset=/intel.dk/4#inet#fw4#vpn_domains
nftset=/intel.dz/4#inet#fw4#vpn_domains
nftset=/intel.ec/4#inet#fw4#vpn_domains
nftset=/intel.ee/4#inet#fw4#vpn_domains
nftset=/intel.eg/4#inet#fw4#vpn_domains
nftset=/intel.es/4#inet#fw4#vpn_domains
nftset=/intel.fi/4#inet#fw4#vpn_domains
nftset=/intel.fr/4#inet#fw4#vpn_domains
nftset=/intel.ga/4#inet#fw4#vpn_domains
nftset=/intel.gd/4#inet#fw4#vpn_domains
nftset=/intel.ge/4#inet#fw4#vpn_domains
nftset=/intel.gl/4#inet#fw4#vpn_domains
nftset=/intel.gm/4#inet#fw4#vpn_domains
nftset=/intel.gr/4#inet#fw4#vpn_domains
nftset=/intel.gs/4#inet#fw4#vpn_domains
nftset=/intel.gt/4#inet#fw4#vpn_domains
nftset=/intel.gy/4#inet#fw4#vpn_domains
nftset=/intel.hk/4#inet#fw4#vpn_domains
nftset=/intel.hn/4#inet#fw4#vpn_domains
nftset=/intel.ht/4#inet#fw4#vpn_domains
nftset=/intel.hu/4#inet#fw4#vpn_domains
nftset=/intel.id/4#inet#fw4#vpn_domains
nftset=/intel.ie/4#inet#fw4#vpn_domains
nftset=/intel.in/4#inet#fw4#vpn_domains
nftset=/intel.it/4#inet#fw4#vpn_domains
nftset=/intel.je/4#inet#fw4#vpn_domains
nftset=/intel.jo/4#inet#fw4#vpn_domains
nftset=/intel.ke/4#inet#fw4#vpn_domains
nftset=/intel.la/4#inet#fw4#vpn_domains
nftset=/intel.lc/4#inet#fw4#vpn_domains
nftset=/intel.lk/4#inet#fw4#vpn_domains
nftset=/intel.lt/4#inet#fw4#vpn_domains
nftset=/intel.lu/4#inet#fw4#vpn_domains
nftset=/intel.ly/4#inet#fw4#vpn_domains
nftset=/intel.ma/4#inet#fw4#vpn_domains
nftset=/intel.md/4#inet#fw4#vpn_domains
nftset=/intel.mg/4#inet#fw4#vpn_domains
nftset=/intel.mk/4#inet#fw4#vpn_domains
nftset=/intel.mn/4#inet#fw4#vpn_domains
nftset=/intel.mp/4#inet#fw4#vpn_domains
nftset=/intel.mt/4#inet#fw4#vpn_domains
nftset=/intel.mu/4#inet#fw4#vpn_domains
nftset=/intel.mw/4#inet#fw4#vpn_domains
nftset=/intel.mx/4#inet#fw4#vpn_domains
nftset=/intel.my/4#inet#fw4#vpn_domains
nftset=/intel.ng/4#inet#fw4#vpn_domains
nftset=/intel.nu/4#inet#fw4#vpn_domains
nftset=/intel.nz/4#inet#fw4#vpn_domains
nftset=/intel.pa/4#inet#fw4#vpn_domains
nftset=/intel.pe/4#inet#fw4#vpn_domains
nftset=/intel.ph/4#inet#fw4#vpn_domains
nftset=/intel.pl/4#inet#fw4#vpn_domains
nftset=/intel.pn/4#inet#fw4#vpn_domains
nftset=/intel.re/4#inet#fw4#vpn_domains
nftset=/intel.ro/4#inet#fw4#vpn_domains
nftset=/intel.rw/4#inet#fw4#vpn_domains
nftset=/intel.sa/4#inet#fw4#vpn_domains
nftset=/intel.sc/4#inet#fw4#vpn_domains
nftset=/intel.sg/4#inet#fw4#vpn_domains
nftset=/intel.si/4#inet#fw4#vpn_domains
nftset=/intel.sk/4#inet#fw4#vpn_domains
nftset=/intel.sn/4#inet#fw4#vpn_domains
nftset=/intel.sr/4#inet#fw4#vpn_domains
nftset=/intel.st/4#inet#fw4#vpn_domains
nftset=/intel.sv/4#inet#fw4#vpn_domains
nftset=/intel.sx/4#inet#fw4#vpn_domains
nftset=/intel.sy/4#inet#fw4#vpn_domains
nftset=/intel.tf/4#inet#fw4#vpn_domains
nftset=/intel.tj/4#inet#fw4#vpn_domains
nftset=/intel.tl/4#inet#fw4#vpn_domains
nftset=/intel.tm/4#inet#fw4#vpn_domains
nftset=/intel.tn/4#inet#fw4#vpn_domains
nftset=/intel.tt/4#inet#fw4#vpn_domains
nftset=/intel.ua/4#inet#fw4#vpn_domains
nftset=/intel.uk/4#inet#fw4#vpn_domains
nftset=/intel.uy/4#inet#fw4#vpn_domains
nftset=/intel.uz/4#inet#fw4#vpn_domains
nftset=/intel.vg/4#inet#fw4#vpn_domains
nftset=/intel.vn/4#inet#fw4#vpn_domains
nftset=/intel.vu/4#inet#fw4#vpn_domains
nftset=/intel.wf/4#inet#fw4#vpn_domains
nftset=/intel.yt/4#inet#fw4#vpn_domains
nftset=/openwrt.org/4#inet#fw4#vpn_domains
nftset=/lede-project.org/4#inet#fw4#vpn_domains
nftset=/nvidia.custhelp.com/4#inet#fw4#vpn_domains
nftset=/nvidia.tt.omtrdc.net/4#inet#fw4#vpn_domains
nftset=/cn.download.nvidia.com/4#inet#fw4#vpn_domains
nftset=/shotwithgeforce.com/4#inet#fw4#vpn_domains
nftset=/geforce.com/4#inet#fw4#vpn_domains
nftset=/huggingface.co/4#inet#fw4#vpn_domains
nftset=/gputechconf.com/4#inet#fw4#vpn_domains
nftset=/hf.space/4#inet#fw4#vpn_domains
nftset=/hf.co/4#inet#fw4#vpn_domains
nftset=/gputechconf.eu/4#inet#fw4#vpn_domains
nftset=/gputechconf.jp/4#inet#fw4#vpn_domains
nftset=/nvidia.asia/4#inet#fw4#vpn_domains
nftset=/nvidia.be/4#inet#fw4#vpn_domains
nftset=/tegrazone.jp/4#inet#fw4#vpn_domains
nftset=/tegrazone.com/4#inet#fw4#vpn_domains
nftset=/tegrazone.co/4#inet#fw4#vpn_domains
nftset=/nvidia.com/4#inet#fw4#vpn_domains
nftset=/nvidiagrid.net/4#inet#fw4#vpn_domains
nftset=/nvidiaforhp.com/4#inet#fw4#vpn_domains
nftset=/nvidia.tw/4#inet#fw4#vpn_domains
nftset=/nvidia.se/4#inet#fw4#vpn_domains
nftset=/nvidia.ru/4#inet#fw4#vpn_domains
nftset=/nvidia.nl/4#inet#fw4#vpn_domains
nftset=/nvidia.jp/4#inet#fw4#vpn_domains
nftset=/nvidia.eu/4#inet#fw4#vpn_domains
nftset=/nvidia.com.tw/4#inet#fw4#vpn_domains
nftset=/nvidia.co.jp/4#inet#fw4#vpn_domains
nftset=/gputechconf.com.tw/4#inet#fw4#vpn_domains
nftset=/geforce.com.tw/4#inet#fw4#vpn_domains
nftset=/geforce.cn/4#inet#fw4#vpn_domains
nftset=/gputechconf.cn/4#inet#fw4#vpn_domains
nftset=/nvidia.cn/4#inet#fw4#vpn_domains
nftset=/geforce.co.kr/4#inet#fw4#vpn_domains
nftset=/geforce.co.uk/4#inet#fw4#vpn_domains
nftset=/gputechconf.co.kr/4#inet#fw4#vpn_domains
nftset=/gputechconf.com.au/4#inet#fw4#vpn_domains
nftset=/gputechconf.in/4#inet#fw4#vpn_domains
nftset=/nvidia.at/4#inet#fw4#vpn_domains
nftset=/nvidia.ch/4#inet#fw4#vpn_domains
nftset=/nvidia.co.at/4#inet#fw4#vpn_domains
nftset=/nvidia.co.in/4#inet#fw4#vpn_domains
nftset=/nvidia.co.kr/4#inet#fw4#vpn_domains
nftset=/nvidia.co.uk/4#inet#fw4#vpn_domains
nftset=/nvidia.com.au/4#inet#fw4#vpn_domains
nftset=/nvidia.com.br/4#inet#fw4#vpn_domains
nftset=/nvidia.com.mx/4#inet#fw4#vpn_domains
nftset=/nvidia.com.pe/4#inet#fw4#vpn_domains
nftset=/nvidia.com.pl/4#inet#fw4#vpn_domains
nftset=/nvidia.com.tr/4#inet#fw4#vpn_domains
nftset=/nvidia.com.ua/4#inet#fw4#vpn_domains
nftset=/nvidia.com.ve/4#inet#fw4#vpn_domains
nftset=/nvidia.cz/4#inet#fw4#vpn_domains
nftset=/nvidia.de/4#inet#fw4#vpn_domains
nftset=/nvidia.dk/4#inet#fw4#vpn_domains
nftset=/nvidia.es/4#inet#fw4#vpn_domains
nftset=/nvidia.fi/4#inet#fw4#vpn_domains
nftset=/nvidia.fr/4#inet#fw4#vpn_domains
nftset=/nvidia.in/4#inet#fw4#vpn_domains
nftset=/nvidia.it/4#inet#fw4#vpn_domains
nftset=/nvidia.lu/4#inet#fw4#vpn_domains
nftset=/nvidia.mx/4#inet#fw4#vpn_domains
nftset=/nvidia.no/4#inet#fw4#vpn_domains
nftset=/nvidia.pl/4#inet#fw4#vpn_domains
nftset=/nvidia.ro/4#inet#fw4#vpn_domains
nftset=/tegrazone.co.kr/4#inet#fw4#vpn_domains
nftset=/tegrazone.kr/4#inet#fw4#vpn_domains
nftset=/slack-core.com/4#inet#fw4#vpn_domains
nftset=/slack-edge.com/4#inet#fw4#vpn_domains
nftset=/slack-files.com/4#inet#fw4#vpn_domains
nftset=/slack-imgs.com/4#inet#fw4#vpn_domains
nftset=/slack-msgs.com/4#inet#fw4#vpn_domains
nftset=/slack-redir.net/4#inet#fw4#vpn_domains
nftset=/slack.com/4#inet#fw4#vpn_domains
nftset=/slackb.com/4#inet#fw4#vpn_domains
nftset=/slackcertified.com/4#inet#fw4#vpn_domains
nftset=/slackdemo.com/4#inet#fw4#vpn_domains
nftset=/slackhq.com/4#inet#fw4#vpn_domains
nftset=/dis.gd/4#inet#fw4#vpn_domains
nftset=/disboard.org/4#inet#fw4#vpn_domains
nftset=/discord-activities.com/4#inet#fw4#vpn_domains
nftset=/discord.center/4#inet#fw4#vpn_domains
nftset=/discord.co/4#inet#fw4#vpn_domains
nftset=/discord.com/4#inet#fw4#vpn_domains
nftset=/discord.design/4#inet#fw4#vpn_domains
nftset=/discord.dev/4#inet#fw4#vpn_domains
nftset=/discord.gg/4#inet#fw4#vpn_domains
nftset=/discord.gift/4#inet#fw4#vpn_domains
nftset=/discord.gifts/4#inet#fw4#vpn_domains
nftset=/discord.me/4#inet#fw4#vpn_domains
nftset=/discord.media/4#inet#fw4#vpn_domains
nftset=/discord.new/4#inet#fw4#vpn_domains
nftset=/discord.st/4#inet#fw4#vpn_domains
nftset=/discord.store/4#inet#fw4#vpn_domains
nftset=/discord.tools/4#inet#fw4#vpn_domains
nftset=/discordInvites.net/4#inet#fw4#vpn_domains
nftset=/discordactivities.com/4#inet#fw4#vpn_domains
nftset=/discordapp.com/4#inet#fw4#vpn_domains
nftset=/discordapp.io/4#inet#fw4#vpn_domains
nftset=/discordapp.net/4#inet#fw4#vpn_domains
nftset=/discordbee.com/4#inet#fw4#vpn_domains
nftset=/discordbotlist.com/4#inet#fw4#vpn_domains
nftset=/discordcdn.com/4#inet#fw4#vpn_domains
nftset=/discordexpert.com/4#inet#fw4#vpn_domains
nftset=/discordhome.com/4#inet#fw4#vpn_domains
nftset=/discordhub.com/4#inet#fw4#vpn_domains
nftset=/discordlist.me/4#inet#fw4#vpn_domains
nftset=/discordlist.space/4#inet#fw4#vpn_domains
nftset=/discordmerch.com/4#inet#fw4#vpn_domains
nftset=/discordpartygames.com/4#inet#fw4#vpn_domains
nftset=/discords.com/4#inet#fw4#vpn_domains
nftset=/discordsays.com/4#inet#fw4#vpn_domains
nftset=/discordservers.com/4#inet#fw4#vpn_domains
nftset=/discordstatus.com/4#inet#fw4#vpn_domains
nftset=/discordtop.com/4#inet#fw4#vpn_domains
nftset=/disforge.com/4#inet#fw4#vpn_domains
nftset=/dyno.gg/4#inet#fw4#vpn_domains
nftset=/findAdiscord.com/4#inet#fw4#vpn_domains
nftset=/googleapis.com/4#inet#fw4#vpn_domains
nftset=/mee6.xyz/4#inet#fw4#vpn_domains
nftset=/top.gg/4#inet#fw4#vpn_domains
nftset=/discord-attachments-uploads-prd.storage.googleapis.com/4#inet#fw4#vpn_domains
nftset=/hammerandchisel.ssl.zendesk.com/4#inet#fw4#vpn_domains
nftset=/airhorn.solutions/4#inet#fw4#vpn_domains
nftset=/airhornbot.com/4#inet#fw4#vpn_domains
nftset=/bigbeans.solutions/4#inet#fw4#vpn_domains
nftset=/watchanimeattheoffice.com/4#inet#fw4#vpn_domains
nftset=/adguard.app/4#inet#fw4#vpn_domains
nftset=/adguard.com/4#inet#fw4#vpn_domains
nftset=/adguard.info/4#inet#fw4#vpn_domains
nftset=/adguard.io/4#inet#fw4#vpn_domains
nftset=/adguard.org/4#inet#fw4#vpn_domains
nftset=/adguardaccount.com/4#inet#fw4#vpn_domains
nftset=/adguardaccount.net/4#inet#fw4#vpn_domains
nftset=/adguardcdn.com/4#inet#fw4#vpn_domains
nftset=/adtidy.net/4#inet#fw4#vpn_domains
nftset=/adtidy.org/4#inet#fw4#vpn_domains
nftset=/agrd.eu/4#inet#fw4#vpn_domains
nftset=/agrd.io/4#inet#fw4#vpn_domains
nftset=/adguard-dns.com/4#inet#fw4#vpn_domains
nftset=/adguard-dns.io/4#inet#fw4#vpn_domains
nftset=/adguard-mail.com/4#inet#fw4#vpn_domains
nftset=/mask.me/4#inet#fw4#vpn_domains
nftset=/adguard-vpn.com/4#inet#fw4#vpn_domains
nftset=/adguard-vpn.online/4#inet#fw4#vpn_domains
nftset=/adguardvpn.com/4#inet#fw4#vpn_domains
nftset=/themoviedb.org/4#inet#fw4#vpn_domains
nftset=/tmdb.org/4#inet#fw4#vpn_domains
nftset=/plab.site/4#inet#fw4#vpn_domains
nftset=/pornolab.net/4#inet#fw4#vpn_domains
nftset=/f95zone.to/4#inet#fw4#vpn_domains
nftset=/phncdn.com/4#inet#fw4#vpn_domains
nftset=/pornhub.com/4#inet#fw4#vpn_domains
nftset=/gaytube.com/4#inet#fw4#vpn_domains
nftset=/phprcdn.com/4#inet#fw4#vpn_domains
nftset=/porngub.com/4#inet#fw4#vpn_domains
nftset=/pornhub-deutsch.net/4#inet#fw4#vpn_domains
nftset=/pornhubapparel.com/4#inet#fw4#vpn_domains
nftset=/pornhub.org/4#inet#fw4#vpn_domains
nftset=/pornhubpremium.com/4#inet#fw4#vpn_domains
nftset=/anthropic.com/4#inet#fw4#vpn_domains
nftset=/clau.de/4#inet#fw4#vpn_domains
nftset=/claude.ai/4#inet#fw4#vpn_domains
nftset=/claude.app/4#inet#fw4#vpn_domains
nftset=/claude.com/4#inet#fw4#vpn_domains
nftset=/claude.new/4#inet#fw4#vpn_domains
nftset=/claude.site/4#inet#fw4#vpn_domains
nftset=/claudemcpclient.com/4#inet#fw4#vpn_domains
nftset=/claudemcpcontent.com/4#inet#fw4#vpn_domains
nftset=/claudepages.dev/4#inet#fw4#vpn_domains
nftset=/claudestudio.com/4#inet#fw4#vpn_domains
nftset=/claudeusercontent.com/4#inet#fw4#vpn_domains
nftset=/datadoghq.com/4#inet#fw4#vpn_domains
nftset=/intercom.io/4#inet#fw4#vpn_domains
nftset=/intercomassets.com/4#inet#fw4#vpn_domains
nftset=/intercomcdn.com/4#inet#fw4#vpn_domains
nftset=/modelcontextprotocol.com/4#inet#fw4#vpn_domains
nftset=/modelcontextprotocol.io/4#inet#fw4#vpn_domains
nftset=/modelcontextprotocol.net/4#inet#fw4#vpn_domains
nftset=/modelcontextprotocol.org/4#inet#fw4#vpn_domains
nftset=/kick.com/4#inet#fw4#vpn_domains
nftset=/chess.com/4#inet#fw4#vpn_domains
nftset=/chesscomfiles.com/4#inet#fw4#vpn_domains
nftset=/thelazy.net/4#inet#fw4#vpn_domains
nftset=/itch.io/4#inet#fw4#vpn_domains
nftset=/itch.zone/4#inet#fw4#vpn_domains
nftset=/modrinth.com/4#inet#fw4#vpn_domains
nftset=/modrinth.gg/4#inet#fw4#vpn_domains
nftset=/nexus-cdn.com/4#inet#fw4#vpn_domains
nftset=/nexusmods.com/4#inet#fw4#vpn_domains
nftset=/datalore.io/4#inet#fw4#vpn_domains
nftset=/intellij.com/4#inet#fw4#vpn_domains
nftset=/intellij.net/4#inet#fw4#vpn_domains
nftset=/intellij.org/4#inet#fw4#vpn_domains
nftset=/jb.gg/4#inet#fw4#vpn_domains
nftset=/jetbrains.com/4#inet#fw4#vpn_domains
nftset=/jetbrains.com.cn/4#inet#fw4#vpn_domains
nftset=/jetbrains.dev/4#inet#fw4#vpn_domains
nftset=/jetbrains.net/4#inet#fw4#vpn_domains
nftset=/jetbrains.org/4#inet#fw4#vpn_domains
nftset=/jetbrains.ru/4#inet#fw4#vpn_domains
nftset=/jetbrains.space/4#inet#fw4#vpn_domains
nftset=/jetbrains.team/4#inet#fw4#vpn_domains
nftset=/kotl.in/4#inet#fw4#vpn_domains
nftset=/kotlinconf.com/4#inet#fw4#vpn_domains
nftset=/kotlinlang.org/4#inet#fw4#vpn_domains
nftset=/ktor.io/4#inet#fw4#vpn_domains
nftset=/myjetbrains.com/4#inet#fw4#vpn_domains
nftset=/talkingkotlin.com/4#inet#fw4#vpn_domains
nftset=/jetbrains.cloud/4#inet#fw4#vpn_domains
nftset=/youtrack.cloud/4#inet#fw4#vpn_domains
nftset=/cdn.jetbrains.com/4#inet#fw4#vpn_domains
nftset=/grazie.ai/4#inet#fw4#vpn_domains
nftset=/grazie.aws.intellij.net/4#inet#fw4#vpn_domains
nftset=/jetbrains.ai/4#inet#fw4#vpn_domains
nftset=/1e100.net/4#inet#fw4#vpn_domains
nftset=/amazonaws.com/4#inet#fw4#vpn_domains
nftset=/cloudfront.net/4#inet#fw4#vpn_domains
nftset=/googleusercontent.com/4#inet#fw4#vpn_domains
nftset=/ovh.net/4#inet#fw4#vpn_domains
nftset=/10minutemail.com/4#inet#fw4#vpn_domains
nftset=/demand.supply/4#inet#fw4#vpn_domains
nftset=/9proxy.com/4#inet#fw4#vpn_domains
nftset=/aida64.com/4#inet#fw4#vpn_domains
nftset=/anydesk.com/4#inet#fw4#vpn_domains
nftset=/autocad.com/4#inet#fw4#vpn_domains
nftset=/autodesk.ae/4#inet#fw4#vpn_domains
nftset=/autodesk.be/4#inet#fw4#vpn_domains
nftset=/autodesk.com/4#inet#fw4#vpn_domains
nftset=/autodesk.eu/4#inet#fw4#vpn_domains
nftset=/autodesk.net/4#inet#fw4#vpn_domains
nftset=/autodesk360.com/4#inet#fw4#vpn_domains
nftset=/pubnubapi.com/4#inet#fw4#vpn_domains
nftset=/qualtrics.com/4#inet#fw4#vpn_domains
nftset=/web-platform.io/4#inet#fw4#vpn_domains
nftset=/123dapp.com/4#inet#fw4#vpn_domains
nftset=/123dappipad.com/4#inet#fw4#vpn_domains
nftset=/123dartisan.com/4#inet#fw4#vpn_domains
nftset=/123dcatch.com/4#inet#fw4#vpn_domains
nftset=/123dcircuits.com/4#inet#fw4#vpn_domains
nftset=/123dcreature.com/4#inet#fw4#vpn_domains
nftset=/123dcreaturenews.com/4#inet#fw4#vpn_domains
nftset=/123ddesign.com/4#inet#fw4#vpn_domains
nftset=/123ddoodler.com/4#inet#fw4#vpn_domains
nftset=/123dmake.com/4#inet#fw4#vpn_domains
nftset=/123dnews.com/4#inet#fw4#vpn_domains
nftset=/123dpro.com/4#inet#fw4#vpn_domains
nftset=/123dpro.net/4#inet#fw4#vpn_domains
nftset=/123dsculpt.com/4#inet#fw4#vpn_domains
nftset=/20yearsoffea.com/4#inet#fw4#vpn_domains
nftset=/360autodesk.com/4#inet#fw4#vpn_domains
nftset=/360nexus.com/4#inet#fw4#vpn_domains
nftset=/360nexus.net/4#inet#fw4#vpn_domains
nftset=/360plm.com/4#inet#fw4#vpn_domains
nftset=/360trailers.com/4#inet#fw4#vpn_domains
nftset=/3d-december.com/4#inet#fw4#vpn_domains
nftset=/3ddecember.com/4#inet#fw4#vpn_domains
nftset=/3december.com/4#inet#fw4#vpn_domains
nftset=/3decemberonline.com/4#inet#fw4#vpn_domains
nftset=/3drules.com/4#inet#fw4#vpn_domains
nftset=/3dstudio.com/4#inet#fw4#vpn_domains
nftset=/3dtin.com/4#inet#fw4#vpn_domains
nftset=/3dtin.net/4#inet#fw4#vpn_domains
nftset=/5-d.com/4#inet#fw4#vpn_domains
nftset=/51tuqiang.com/4#inet#fw4#vpn_domains
nftset=/5axis-machining.com/4#inet#fw4#vpn_domains
nftset=/acdocs.com/4#inet#fw4#vpn_domains
nftset=/adinst.com/4#inet#fw4#vpn_domains
nftset=/adskcloud.com/4#inet#fw4#vpn_domains
nftset=/adskcloud.net/4#inet#fw4#vpn_domains
nftset=/adskeng.net/4#inet#fw4#vpn_domains
nftset=/adskengineering.net/4#inet#fw4#vpn_domains
nftset=/adskengpp.net/4#inet#fw4#vpn_domains
nftset=/adskengpr.net/4#inet#fw4#vpn_domains
nftset=/adtcc.com/4#inet#fw4#vpn_domains
nftset=/aecexcellence.com/4#inet#fw4#vpn_domains
nftset=/aerospace-cadcam.com/4#inet#fw4#vpn_domains
nftset=/aerospace-design.com/4#inet#fw4#vpn_domains
nftset=/airgunstudio.com/4#inet#fw4#vpn_domains
nftset=/alias.com/4#inet#fw4#vpn_domains
nftset=/aliasadvantage.com/4#inet#fw4#vpn_domains
nftset=/aliasimaginationsengine.com/4#inet#fw4#vpn_domains
nftset=/aliasple.com/4#inet#fw4#vpn_domains
nftset=/aliasshowcase.com/4#inet#fw4#vpn_domains
nftset=/aliassketchbook.com/4#inet#fw4#vpn_domains
nftset=/aliassketchbookpro.com/4#inet#fw4#vpn_domains
nftset=/aliassystems.com/4#inet#fw4#vpn_domains
nftset=/aliasvisualizationstudio.com/4#inet#fw4#vpn_domains
nftset=/aliaswavefront.com/4#inet#fw4#vpn_domains
nftset=/architectural-cadcam.com/4#inet#fw4#vpn_domains
nftset=/arnoldrenderer.com/4#inet#fw4#vpn_domains
nftset=/artcam.com/4#inet#fw4#vpn_domains
nftset=/artcamexpress.com/4#inet#fw4#vpn_domains
nftset=/artcaminsignia.com/4#inet#fw4#vpn_domains
nftset=/artcamjewelsmith.com/4#inet#fw4#vpn_domains
nftset=/artcampro.com/4#inet#fw4#vpn_domains
nftset=/assemblesystems.com/4#inet#fw4#vpn_domains
nftset=/autocad-schulungen.com/4#inet#fw4#vpn_domains
nftset=/autocad360.com/4#inet#fw4#vpn_domains
nftset=/autocad3d.com/4#inet#fw4#vpn_domains
nftset=/autocadarchitecturecc.com/4#inet#fw4#vpn_domains
nftset=/autocadexpert.com/4#inet#fw4#vpn_domains
nftset=/autocadformac.com/4#inet#fw4#vpn_domains
nftset=/autocadfreestyle.com/4#inet#fw4#vpn_domains
nftset=/autocadlt.com/4#inet#fw4#vpn_domains
nftset=/autocadltbg.com/4#inet#fw4#vpn_domains
nftset=/autocadmac.com/4#inet#fw4#vpn_domains
nftset=/autocadmobile.com/4#inet#fw4#vpn_domains
nftset=/autocadsucks.com/4#inet#fw4#vpn_domains
nftset=/autocadsucks.net/4#inet#fw4#vpn_domains
nftset=/autocadws.com/4#inet#fw4#vpn_domains
nftset=/autocadws.net/4#inet#fw4#vpn_domains
nftset=/autodesk-aia-me.com/4#inet#fw4#vpn_domains
nftset=/autodesk-events.com/4#inet#fw4#vpn_domains
nftset=/autodesk-kickoff.com/4#inet#fw4#vpn_domains
nftset=/autodesk-mm.com/4#inet#fw4#vpn_domains
nftset=/autodesk-news.com/4#inet#fw4#vpn_domains
nftset=/autodesk-online.com/4#inet#fw4#vpn_domains
nftset=/autodesk-service.com/4#inet#fw4#vpn_domains
nftset=/autodesk-services.com/4#inet#fw4#vpn_domains
nftset=/autodesk-support.com/4#inet#fw4#vpn_domains
nftset=/autodesk-university.com/4#inet#fw4#vpn_domains
nftset=/autodesk-usability.com/4#inet#fw4#vpn_domains
nftset=/autodesk.dev/4#inet#fw4#vpn_domains
nftset=/autodesk123d.com/4#inet#fw4#vpn_domains
nftset=/autodesk123dnews.com/4#inet#fw4#vpn_domains
nftset=/autodesk360access.com/4#inet#fw4#vpn_domains
nftset=/autodesk360beta.com/4#inet#fw4#vpn_domains
nftset=/autodesk360bim.com/4#inet#fw4#vpn_domains
nftset=/autodesk360express.com/4#inet#fw4#vpn_domains
nftset=/autodesk360forbim.com/4#inet#fw4#vpn_domains
nftset=/autodesk360forplm.com/4#inet#fw4#vpn_domains
nftset=/autodesk360nexus.com/4#inet#fw4#vpn_domains
nftset=/autodesk360nexus.net/4#inet#fw4#vpn_domains
nftset=/autodesk360plm.com/4#inet#fw4#vpn_domains
nftset=/autodesk360pro.com/4#inet#fw4#vpn_domains
nftset=/autodesk360solutionforbim.com/4#inet#fw4#vpn_domains
nftset=/autodesk360solutionforplm.com/4#inet#fw4#vpn_domains
nftset=/autodesk360vault.com/4#inet#fw4#vpn_domains
nftset=/autodeskaecfeed.com/4#inet#fw4#vpn_domains
nftset=/autodeskandcitrix.com/4#inet#fw4#vpn_domains
nftset=/autodeskarcade.com/4#inet#fw4#vpn_domains
nftset=/autodeskautocadlt.com/4#inet#fw4#vpn_domains
nftset=/autodeskautomotive.com/4#inet#fw4#vpn_domains
nftset=/autodeskbim360.com/4#inet#fw4#vpn_domains
nftset=/autodeskbookrequest.com/4#inet#fw4#vpn_domains
nftset=/autodeskbuild.com/4#inet#fw4#vpn_domains
nftset=/autodeskbuildingops.com/4#inet#fw4#vpn_domains
nftset=/autodeskbuildspc.com/4#inet#fw4#vpn_domains
nftset=/autodeskcave.com/4#inet#fw4#vpn_domains
nftset=/autodeskchronicle.com/4#inet#fw4#vpn_domains
nftset=/autodeskcommunications.com/4#inet#fw4#vpn_domains
nftset=/autodeskcompetitions.com/4#inet#fw4#vpn_domains
nftset=/autodeskdesigncompetition.com/4#inet#fw4#vpn_domains
nftset=/autodeskdesigncompetitions.com/4#inet#fw4#vpn_domains
nftset=/autodeskdiscussions.com/4#inet#fw4#vpn_domains
nftset=/autodeskdocandmedia.com/4#inet#fw4#vpn_domains
nftset=/autodeskdocandmediaamericas.com/4#inet#fw4#vpn_domains
nftset=/autodeskdocandmediaasia.com/4#inet#fw4#vpn_domains
nftset=/autodeskdocandmediaemea.com/4#inet#fw4#vpn_domains
nftset=/autodeskdocandmediaeurope.com/4#inet#fw4#vpn_domains
nftset=/autodeskegitimleri.com/4#inet#fw4#vpn_domains
nftset=/autodeskenterprise.com/4#inet#fw4#vpn_domains
nftset=/autodeskevents.com/4#inet#fw4#vpn_domains
nftset=/autodeskfashionstyler.com/4#inet#fw4#vpn_domains
nftset=/autodeskforgames.com/4#inet#fw4#vpn_domains
nftset=/autodeskforge.com/4#inet#fw4#vpn_domains
nftset=/autodeskformit.com/4#inet#fw4#vpn_domains
nftset=/autodeskfoundation.com/4#inet#fw4#vpn_domains
nftset=/autodeskfusionlifecycle.com/4#inet#fw4#vpn_domains
nftset=/autodeskgovernment.net/4#inet#fw4#vpn_domains
nftset=/autodeskgreenbuildingstudio.com/4#inet#fw4#vpn_domains
nftset=/autodeskhelp.com/4#inet#fw4#vpn_domains
nftset=/autodeskicpcouncil.com/4#inet#fw4#vpn_domains
nftset=/autodeskimpression.com/4#inet#fw4#vpn_domains
nftset=/autodeskinform.com/4#inet#fw4#vpn_domains
nftset=/autodeskinstant.com/4#inet#fw4#vpn_domains
nftset=/autodeskjournal.com/4#inet#fw4#vpn_domains
nftset=/autodesklearning.com/4#inet#fw4#vpn_domains
nftset=/autodesklistens.com/4#inet#fw4#vpn_domains
nftset=/autodesklivedesign.com/4#inet#fw4#vpn_domains
nftset=/autodesklms.com/4#inet#fw4#vpn_domains
nftset=/autodeskmanufacturingacademy.com/4#inet#fw4#vpn_domains
nftset=/autodeskmayaformotiongraphics.com/4#inet#fw4#vpn_domains
nftset=/autodeskmedbookrequest.com/4#inet#fw4#vpn_domains
nftset=/autodeskmedia.com/4#inet#fw4#vpn_domains
nftset=/autodeskmediarequest.com/4#inet#fw4#vpn_domains
nftset=/autodeskmeetings.com/4#inet#fw4#vpn_domains
nftset=/autodeskmfg.com/4#inet#fw4#vpn_domains
nftset=/autodeskmotiongraphicsandmore.com/4#inet#fw4#vpn_domains
nftset=/autodesknews.com/4#inet#fw4#vpn_domains
nftset=/autodeskonline.com/4#inet#fw4#vpn_domains
nftset=/autodeskpartner.com/4#inet#fw4#vpn_domains
nftset=/autodeskplm.com/4#inet#fw4#vpn_domains
nftset=/autodeskplm360.com/4#inet#fw4#vpn_domains
nftset=/autodeskplm360.net/4#inet#fw4#vpn_domains
nftset=/autodeskproductreviews.com/4#inet#fw4#vpn_domains
nftset=/autodeskprofiles.com/4#inet#fw4#vpn_domains
nftset=/autodeskprograms.com/4#inet#fw4#vpn_domains
nftset=/autodeskresearch.com/4#inet#fw4#vpn_domains
nftset=/autodeskrevit.com/4#inet#fw4#vpn_domains
nftset=/autodeskrevit.net/4#inet#fw4#vpn_domains
nftset=/autodeskrevitsucks.com/4#inet#fw4#vpn_domains
nftset=/autodeskrevitsucks.net/4#inet#fw4#vpn_domains
nftset=/autodeskseek.com/4#inet#fw4#vpn_domains
nftset=/autodesksketchbook.com/4#inet#fw4#vpn_domains
nftset=/autodesksketchbookdesigner.com/4#inet#fw4#vpn_domains
nftset=/autodeskstylebook.com/4#inet#fw4#vpn_domains
nftset=/autodesksubscription.com/4#inet#fw4#vpn_domains
nftset=/autodesksucks.com/4#inet#fw4#vpn_domains
nftset=/autodesksucks.net/4#inet#fw4#vpn_domains
nftset=/autodesktechdays.com/4#inet#fw4#vpn_domains
nftset=/autodesktechx.com/4#inet#fw4#vpn_domains
nftset=/autodesktinkerbox.com/4#inet#fw4#vpn_domains
nftset=/autodesktravel.com/4#inet#fw4#vpn_domains
nftset=/autodeskturkiye.com/4#inet#fw4#vpn_domains
nftset=/autodeskuniversity.com/4#inet#fw4#vpn_domains
nftset=/autodeskuniversity2013.com/4#inet#fw4#vpn_domains
nftset=/autodeskvasari.com/4#inet#fw4#vpn_domains
nftset=/autodeskvasari.net/4#inet#fw4#vpn_domains
nftset=/autodeskvietnam.com/4#inet#fw4#vpn_domains
nftset=/autodeskviewer.com/4#inet#fw4#vpn_domains
nftset=/autodeskworkshop.com/4#inet#fw4#vpn_domains
nftset=/autodeskworkshop.net/4#inet#fw4#vpn_domains
nftset=/automotive-cadcam.com/4#inet#fw4#vpn_domains
nftset=/autosketch.com/4#inet#fw4#vpn_domains
nftset=/auxdubai.com/4#inet#fw4#vpn_domains
nftset=/avatara.com/4#inet#fw4#vpn_domains
nftset=/behindthescreenz.com/4#inet#fw4#vpn_domains
nftset=/best4bim.com/4#inet#fw4#vpn_domains
nftset=/bestbim.com/4#inet#fw4#vpn_domains
nftset=/betterbim.com/4#inet#fw4#vpn_domains
nftset=/betterwithautodesk.com/4#inet#fw4#vpn_domains
nftset=/bim-360.com/4#inet#fw4#vpn_domains
nftset=/bim360.com/4#inet#fw4#vpn_domains
nftset=/bim360.net/4#inet#fw4#vpn_domains
nftset=/bim360field.com/4#inet#fw4#vpn_domains
nftset=/bim360glue.com/4#inet#fw4#vpn_domains
nftset=/bim360ops.com/4#inet#fw4#vpn_domains
nftset=/bim3dcontent.com/4#inet#fw4#vpn_domains
nftset=/bimadsk.com/4#inet#fw4#vpn_domains
nftset=/bimglue.com/4#inet#fw4#vpn_domains
nftset=/bimlibrary.com/4#inet#fw4#vpn_domains
nftset=/bimseeker.com/4#inet#fw4#vpn_domains
nftset=/bimsource.com/4#inet#fw4#vpn_domains
nftset=/bimworld.com/4#inet#fw4#vpn_domains
nftset=/bridgebim.com/4#inet#fw4#vpn_domains
nftset=/brni.com/4#inet#fw4#vpn_domains
nftset=/building3dcontent.com/4#inet#fw4#vpn_domains
nftset=/cad-mep.com/4#inet#fw4#vpn_domains
nftset=/cadcamsystemsinc.com/4#inet#fw4#vpn_domains
nftset=/cadduct.com/4#inet#fw4#vpn_domains
nftset=/cadmep.com/4#inet#fw4#vpn_domains
nftset=/cadoverlay.com/4#inet#fw4#vpn_domains
nftset=/cadren.com/4#inet#fw4#vpn_domains
nftset=/caice.com/4#inet#fw4#vpn_domains
nftset=/cam-duct.com/4#inet#fw4#vpn_domains
nftset=/camduct.com/4#inet#fw4#vpn_domains
nftset=/ceramics-cadcam.com/4#inet#fw4#vpn_domains
nftset=/cfd-tv.com/4#inet#fw4#vpn_domains
nftset=/cfdesign.com/4#inet#fw4#vpn_domains
nftset=/china-autodesk.com/4#inet#fw4#vpn_domains
nftset=/citrixandautodesk.com/4#inet#fw4#vpn_domains
nftset=/civil3d.com/4#inet#fw4#vpn_domains
nftset=/civilcc.com/4#inet#fw4#vpn_domains
nftset=/civilsoftware.net/4#inet#fw4#vpn_domains
nftset=/climate-server.com/4#inet#fw4#vpn_domains
nftset=/compass-system.com/4#inet#fw4#vpn_domains
nftset=/compass-systems.com/4#inet#fw4#vpn_domains
nftset=/constructware.com/4#inet#fw4#vpn_domains
nftset=/contechacademy.com/4#inet#fw4#vpn_domains
nftset=/crankplayer.com/4#inet#fw4#vpn_domains
nftset=/createwhatsnext.com/4#inet#fw4#vpn_domains
nftset=/creativepass.com/4#inet#fw4#vpn_domains
nftset=/creatwhatsnext.com/4#inet#fw4#vpn_domains
nftset=/darwindimensions.com/4#inet#fw4#vpn_domains
nftset=/delcam-ams.com/4#inet#fw4#vpn_domains
nftset=/delcam-electrode.com/4#inet#fw4#vpn_domains
nftset=/delcam-na.com/4#inet#fw4#vpn_domains
nftset=/delcam-robotics.com/4#inet#fw4#vpn_domains
nftset=/delcam-services.com/4#inet#fw4#vpn_domains
nftset=/delcam.com/4#inet#fw4#vpn_domains
nftset=/delcamconsulting.com/4#inet#fw4#vpn_domains
nftset=/delcamforsolidworks.com/4#inet#fw4#vpn_domains
nftset=/delcamna.com/4#inet#fw4#vpn_domains
nftset=/delcamtv.com/4#inet#fw4#vpn_domains
nftset=/delcamuniversity.com/4#inet#fw4#vpn_domains
nftset=/delcamusa.com/4#inet#fw4#vpn_domains
nftset=/design-ledrev.com/4#inet#fw4#vpn_domains
nftset=/design-ledrevolution.com/4#inet#fw4#vpn_domains
nftset=/designledrevolution.com/4#inet#fw4#vpn_domains
nftset=/designsformovement.com/4#inet#fw4#vpn_domains
nftset=/designxml.com/4#inet#fw4#vpn_domains
nftset=/designxml.net/4#inet#fw4#vpn_domains
nftset=/destinationbim.com/4#inet#fw4#vpn_domains
nftset=/digitalprototyping.com/4#inet#fw4#vpn_domains
nftset=/discreet.com/4#inet#fw4#vpn_domains
nftset=/dodv.com/4#inet#fw4#vpn_domains
nftset=/drainage.com/4#inet#fw4#vpn_domains
nftset=/drnastran.com/4#inet#fw4#vpn_domains
nftset=/dwg.com/4#inet#fw4#vpn_domains
nftset=/dwgtrueconvert.com/4#inet#fw4#vpn_domains
nftset=/dwgtrueview.com/4#inet#fw4#vpn_domains
nftset=/dynamobuilds.com/4#inet#fw4#vpn_domains
nftset=/dynamopackages.com/4#inet#fw4#vpn_domains
nftset=/dynamoreach.com/4#inet#fw4#vpn_domains
nftset=/ecotect.com/4#inet#fw4#vpn_domains
nftset=/ecotect.net/4#inet#fw4#vpn_domains
nftset=/ecscad.com/4#inet#fw4#vpn_domains
nftset=/ecspublisher.com/4#inet#fw4#vpn_domains
nftset=/education-cadcam.com/4#inet#fw4#vpn_domains
nftset=/ember3dp.com/4#inet#fw4#vpn_domains
nftset=/emberprinter.com/4#inet#fw4#vpn_domains
nftset=/emergingsolutions.com/4#inet#fw4#vpn_domains
nftset=/energystarbuildings.com/4#inet#fw4#vpn_domains
nftset=/eraofconnection.com/4#inet#fw4#vpn_domains
nftset=/esopworld.com/4#inet#fw4#vpn_domains
nftset=/eueuropeansustainabledesign.net/4#inet#fw4#vpn_domains
nftset=/eurocodesoftware.com/4#inet#fw4#vpn_domains
nftset=/europeansustainabledesign.com/4#inet#fw4#vpn_domains
nftset=/europeansustainabledesign.net/4#inet#fw4#vpn_domains
nftset=/europeansustainabledesigncouncil.com/4#inet#fw4#vpn_domains
nftset=/europeansustainabledesigncouncil.net/4#inet#fw4#vpn_domains
nftset=/evalviewer.com/4#inet#fw4#vpn_domains
nftset=/evolver.com/4#inet#fw4#vpn_domains
nftset=/evolver3d.com/4#inet#fw4#vpn_domains
nftset=/evolverpro.com/4#inet#fw4#vpn_domains
nftset=/extensions4revit.com/4#inet#fw4#vpn_domains
nftset=/fakeorfoto.com/4#inet#fw4#vpn_domains
nftset=/fakeorphoto.com/4#inet#fw4#vpn_domains
nftset=/feanonlinear.com/4#inet#fw4#vpn_domains
nftset=/featurecam.com/4#inet#fw4#vpn_domains
nftset=/five-d.com/4#inet#fw4#vpn_domains
nftset=/flameunleashed.com/4#inet#fw4#vpn_domains
nftset=/flowfront.com/4#inet#fw4#vpn_domains
nftset=/flowfront.net/4#inet#fw4#vpn_domains
nftset=/fluidfxapp.com/4#inet#fw4#vpn_domains
nftset=/fmdesktop.com/4#inet#fw4#vpn_domains
nftset=/followpype.com/4#inet#fw4#vpn_domains
nftset=/footwear-cadcam.com/4#inet#fw4#vpn_domains
nftset=/formit360.com/4#inet#fw4#vpn_domains
nftset=/formitfactory.com/4#inet#fw4#vpn_domains
nftset=/freefbx.com/4#inet#fw4#vpn_domains
nftset=/fusionlifecycle.com/4#inet#fw4#vpn_domains
nftset=/fusionproductionapps.com/4#inet#fw4#vpn_domains
nftset=/futureofbritishmanufacturing.com/4#inet#fw4#vpn_domains
nftset=/futureofmaktingthings.com/4#inet#fw4#vpn_domains
nftset=/gbxml.net/4#inet#fw4#vpn_domains
nftset=/geneticconstructor.com/4#inet#fw4#vpn_domains
nftset=/geospatialimaging.com/4#inet#fw4#vpn_domains
nftset=/geospatialinfo.com/4#inet#fw4#vpn_domains
nftset=/getbuzzsaw.com/4#inet#fw4#vpn_domains
nftset=/givemebuzzsaw.com/4#inet#fw4#vpn_domains
nftset=/gobuildx.net/4#inet#fw4#vpn_domains
nftset=/governmentengineer.com/4#inet#fw4#vpn_domains
nftset=/greenbuildingstudio.com/4#inet#fw4#vpn_domains
nftset=/hmsxpress.com/4#inet#fw4#vpn_domains
nftset=/homestylerapp.com/4#inet#fw4#vpn_domains
nftset=/homestylernews.com/4#inet#fw4#vpn_domains
nftset=/horizontal-llc.com/4#inet#fw4#vpn_domains
nftset=/horizontal-systems.com/4#inet#fw4#vpn_domains
nftset=/horizontalglue.com/4#inet#fw4#vpn_domains
nftset=/horizontalsystems.com/4#inet#fw4#vpn_domains
nftset=/hsm-works.com/4#inet#fw4#vpn_domains
nftset=/hsm-xpress.com/4#inet#fw4#vpn_domains
nftset=/hsmexpress.com/4#inet#fw4#vpn_domains
nftset=/hsmworks.com/4#inet#fw4#vpn_domains
nftset=/hsmxpress.com/4#inet#fw4#vpn_domains
nftset=/idea-server.com/4#inet#fw4#vpn_domains
nftset=/imagemodeler.com/4#inet#fw4#vpn_domains
nftset=/imaginationsengine.com/4#inet#fw4#vpn_domains
nftset=/impactdesignhub.com/4#inet#fw4#vpn_domains
nftset=/infraworks.com/4#inet#fw4#vpn_domains
nftset=/installbuzzsaw.com/4#inet#fw4#vpn_domains
nftset=/intelisolve.com/4#inet#fw4#vpn_domains
nftset=/inventor-certified.com/4#inet#fw4#vpn_domains
nftset=/inventorfusion.com/4#inet#fw4#vpn_domains
nftset=/inventorseries.com/4#inet#fw4#vpn_domains
nftset=/istorytell.com/4#inet#fw4#vpn_domains
nftset=/izmirautodeskegitimleri.com/4#inet#fw4#vpn_domains
nftset=/jasa3dmax.com/4#inet#fw4#vpn_domains
nftset=/jasaautocad.com/4#inet#fw4#vpn_domains
nftset=/kaydara.com/4#inet#fw4#vpn_domains
nftset=/keepyourcad.com/4#inet#fw4#vpn_domains
nftset=/kynogon.com/4#inet#fw4#vpn_domains
nftset=/lasersawapp.com/4#inet#fw4#vpn_domains
nftset=/licenseparser.com/4#inet#fw4#vpn_domains
nftset=/livesketchshare.com/4#inet#fw4#vpn_domains
nftset=/lrfdsoftware.com/4#inet#fw4#vpn_domains
nftset=/lunchwithpype.com/4#inet#fw4#vpn_domains
nftset=/machine-dna.com/4#inet#fw4#vpn_domains
nftset=/madewithmaya.com/4#inet#fw4#vpn_domains
nftset=/madewithstudiotools.com/4#inet#fw4#vpn_domains
nftset=/magestic.com/4#inet#fw4#vpn_domains
nftset=/makeanything.com/4#inet#fw4#vpn_domains
nftset=/makeitrealcontest.com/4#inet#fw4#vpn_domains
nftset=/makingstartshere.com/4#inet#fw4#vpn_domains
nftset=/map-software.com/4#inet#fw4#vpn_domains
nftset=/mapguide.com/4#inet#fw4#vpn_domains
nftset=/mappingonline.com/4#inet#fw4#vpn_domains
nftset=/marinecadcam.com/4#inet#fw4#vpn_domains
nftset=/markingmenus.com/4#inet#fw4#vpn_domains
nftset=/matchmover.com/4#inet#fw4#vpn_domains
nftset=/maxillofacial-cadcam.com/4#inet#fw4#vpn_domains
nftset=/mayacomplete.com/4#inet#fw4#vpn_domains
nftset=/mayaconductors.com/4#inet#fw4#vpn_domains
nftset=/mayafluideffects.com/4#inet#fw4#vpn_domains
nftset=/mayaformotiongraphics.com/4#inet#fw4#vpn_domains
nftset=/mayagames.com/4#inet#fw4#vpn_domains
nftset=/mayamasters.com/4#inet#fw4#vpn_domains
nftset=/mayamentor.net/4#inet#fw4#vpn_domains
nftset=/mayamentors.com/4#inet#fw4#vpn_domains
nftset=/mayamentors.net/4#inet#fw4#vpn_domains
nftset=/mayaonlinux.com/4#inet#fw4#vpn_domains
nftset=/mayaonmac.com/4#inet#fw4#vpn_domains
nftset=/mayaonosx.com/4#inet#fw4#vpn_domains
nftset=/mayapressbooks.com/4#inet#fw4#vpn_domains
nftset=/mayasucks.com/4#inet#fw4#vpn_domains
nftset=/mayaunlimited.com/4#inet#fw4#vpn_domains
nftset=/mayauser.com/4#inet#fw4#vpn_domains
nftset=/mayauser.net/4#inet#fw4#vpn_domains
nftset=/mayavisualization.com/4#inet#fw4#vpn_domains
nftset=/medicalimplants-cadcam.com/4#inet#fw4#vpn_domains
nftset=/meshmixer.com/4#inet#fw4#vpn_domains
nftset=/meshmixerforum.com/4#inet#fw4#vpn_domains
nftset=/mimistudio.com/4#inet#fw4#vpn_domains
nftset=/mimistyler.com/4#inet#fw4#vpn_domains
nftset=/mmmanual.com/4#inet#fw4#vpn_domains
nftset=/moldflow.com/4#inet#fw4#vpn_domains
nftset=/moldflowexpress.com/4#inet#fw4#vpn_domains
nftset=/moleculardesigntoolkit.com/4#inet#fw4#vpn_domains
nftset=/molecularsimulationtools.com/4#inet#fw4#vpn_domains
nftset=/molecularviewer.com/4#inet#fw4#vpn_domains
nftset=/molviewer.com/4#inet#fw4#vpn_domains
nftset=/morewithautodesk.com/4#inet#fw4#vpn_domains
nftset=/motiongraphicsandmore.com/4#inet#fw4#vpn_domains
nftset=/mudbox3d.com/4#inet#fw4#vpn_domains
nftset=/my1stflame.com/4#inet#fw4#vpn_domains
nftset=/myautocad.com/4#inet#fw4#vpn_domains
nftset=/myautodeskbenefits.com/4#inet#fw4#vpn_domains
nftset=/myfirstflame.com/4#inet#fw4#vpn_domains
nftset=/mymapportal.com/4#inet#fw4#vpn_domains
nftset=/nastranincad.com/4#inet#fw4#vpn_domains
nftset=/nastrannx.com/4#inet#fw4#vpn_domains
nftset=/nastrantraining.com/4#inet#fw4#vpn_domains
nftset=/nastranworldwide.com/4#inet#fw4#vpn_domains
nftset=/navisworks.com/4#inet#fw4#vpn_domains
nftset=/navisworks.net/4#inet#fw4#vpn_domains
nftset=/neicad.com/4#inet#fw4#vpn_domains
nftset=/neiexplicit.com/4#inet#fw4#vpn_domains
nftset=/neifea.com/4#inet#fw4#vpn_domains
nftset=/neimotion.com/4#inet#fw4#vpn_domains
nftset=/neinastranincad.com/4#inet#fw4#vpn_domains
nftset=/neisoftware.com/4#inet#fw4#vpn_domains
nftset=/neisolutions.com/4#inet#fw4#vpn_domains
nftset=/neiworks.com/4#inet#fw4#vpn_domains
nftset=/nenastran.com/4#inet#fw4#vpn_domains
nftset=/netzerobuildings.com/4#inet#fw4#vpn_domains
nftset=/netzerobuildingstudio.com/4#inet#fw4#vpn_domains
nftset=/new2fea.com/4#inet#fw4#vpn_domains
nftset=/newtofea.com/4#inet#fw4#vpn_domains
nftset=/nextgenerationcam.com/4#inet#fw4#vpn_domains
nftset=/nonlinearnastran.com/4#inet#fw4#vpn_domains
nftset=/objectarx.com/4#inet#fw4#vpn_domains
nftset=/oneteamconference.com/4#inet#fw4#vpn_domains
nftset=/openreality.com/4#inet#fw4#vpn_domains
nftset=/opticore.com/4#inet#fw4#vpn_domains
nftset=/orthopaedic-cadcam.com/4#inet#fw4#vpn_domains
nftset=/orthotics-cadcam.com/4#inet#fw4#vpn_domains
nftset=/packaging-cadcam.com/4#inet#fw4#vpn_domains
nftset=/packagingcadcam.com/4#inet#fw4#vpn_domains
nftset=/partmaker.com/4#inet#fw4#vpn_domains
nftset=/pi-vr.com/4#inet#fw4#vpn_domains
nftset=/pixlr-o-matic.com/4#inet#fw4#vpn_domains
nftset=/pixlromatic.com/4#inet#fw4#vpn_domains
nftset=/plansondemand.com/4#inet#fw4#vpn_domains
nftset=/plasticlabs.com/4#inet#fw4#vpn_domains
nftset=/plastics-cadcam.com/4#inet#fw4#vpn_domains
nftset=/plug-into.com/4#inet#fw4#vpn_domains
nftset=/portfoliowall.com/4#inet#fw4#vpn_domains
nftset=/poweranimator.com/4#inet#fw4#vpn_domains
nftset=/powerinspect.com/4#inet#fw4#vpn_domains
nftset=/powermill.com/4#inet#fw4#vpn_domains
nftset=/powermillna.com/4#inet#fw4#vpn_domains
nftset=/powershape-e.com/4#inet#fw4#vpn_domains
nftset=/powershape.com/4#inet#fw4#vpn_domains
nftset=/profilemaster.com/4#inet#fw4#vpn_domains
nftset=/projectpoint.com/4#inet#fw4#vpn_domains
nftset=/projectpoint.net/4#inet#fw4#vpn_domains
nftset=/projectshoreline.com/4#inet#fw4#vpn_domains
nftset=/projectvasari.com/4#inet#fw4#vpn_domains
nftset=/ps-exchange.com/4#inet#fw4#vpn_domains
nftset=/rapidprototyping-cadcam.com/4#inet#fw4#vpn_domains
nftset=/reality-computing.com/4#inet#fw4#vpn_domains
nftset=/realpeople-realprojects.com/4#inet#fw4#vpn_domains
nftset=/realpeoplerealprojects.com/4#inet#fw4#vpn_domains
nftset=/realviz.com/4#inet#fw4#vpn_domains
nftset=/retimer.com/4#inet#fw4#vpn_domains
nftset=/revit.com/4#inet#fw4#vpn_domains
nftset=/revitcc.com/4#inet#fw4#vpn_domains
nftset=/revitsucks.net/4#inet#fw4#vpn_domains
nftset=/robobat.com/4#inet#fw4#vpn_domains
nftset=/robotoffice.com/4#inet#fw4#vpn_domains
nftset=/savoycomputing.com/4#inet#fw4#vpn_domains
nftset=/scaleform.com/4#inet#fw4#vpn_domains
nftset=/scpic.net/4#inet#fw4#vpn_domains
nftset=/sculpoly.com/4#inet#fw4#vpn_domains
nftset=/shotgridsoftware.com/4#inet#fw4#vpn_domains
nftset=/shotgridstudio.com/4#inet#fw4#vpn_domains
nftset=/shotguncloud.com/4#inet#fw4#vpn_domains
nftset=/shotgunfx.com/4#inet#fw4#vpn_domains
nftset=/shotgunlocalhost.com/4#inet#fw4#vpn_domains
nftset=/shotgunsoftware.com/4#inet#fw4#vpn_domains
nftset=/shotgunsoftware.net/4#inet#fw4#vpn_domains
nftset=/shotgunstudio-test.com/4#inet#fw4#vpn_domains
nftset=/shotgunstudio.com/4#inet#fw4#vpn_domains
nftset=/shotgunvfx.com/4#inet#fw4#vpn_domains
nftset=/simsquad.com/4#inet#fw4#vpn_domains
nftset=/simulationsquad.com/4#inet#fw4#vpn_domains
nftset=/sketchbookdesigner.com/4#inet#fw4#vpn_domains
nftset=/sketchbookmobile.com/4#inet#fw4#vpn_domains
nftset=/sketchbooknews.com/4#inet#fw4#vpn_domains
nftset=/sketchbookpro.com/4#inet#fw4#vpn_domains
nftset=/skymatter.com/4#inet#fw4#vpn_domains
nftset=/smartfea.com/4#inet#fw4#vpn_domains
nftset=/smartnastran.com/4#inet#fw4#vpn_domains
nftset=/socailcam.com/4#inet#fw4#vpn_domains
nftset=/socialcam.com/4#inet#fw4#vpn_domains
nftset=/socialcammail.com/4#inet#fw4#vpn_domains
nftset=/socialkam.com/4#inet#fw4#vpn_domains
nftset=/squ1.com/4#inet#fw4#vpn_domains
nftset=/squidplatform.com/4#inet#fw4#vpn_domains
nftset=/ssttest.net/4#inet#fw4#vpn_domains
nftset=/stingrayengine.com/4#inet#fw4#vpn_domains
nftset=/studiopaint.com/4#inet#fw4#vpn_domains
nftset=/studiosucks.com/4#inet#fw4#vpn_domains
nftset=/submittal-log.com/4#inet#fw4#vpn_domains
nftset=/sustainablebuildingstudio.com/4#inet#fw4#vpn_domains
nftset=/sustainabledesigncouncil.com/4#inet#fw4#vpn_domains
nftset=/sustainabledesigncouncil.net/4#inet#fw4#vpn_domains
nftset=/suxiebu.com/4#inet#fw4#vpn_domains
nftset=/swiss-machining.com/4#inet#fw4#vpn_domains
nftset=/swiss-turn.com/4#inet#fw4#vpn_domains
nftset=/t-splines.com/4#inet#fw4#vpn_domains
nftset=/the-area.com/4#inet#fw4#vpn_domains
nftset=/the123d.com/4#inet#fw4#vpn_domains
nftset=/thedesignworkshop.com/4#inet#fw4#vpn_domains
nftset=/thedesk.com/4#inet#fw4#vpn_domains
nftset=/theinventionworks.com/4#inet#fw4#vpn_domains
nftset=/theinventionworks.net/4#inet#fw4#vpn_domains
nftset=/timefxapp.com/4#inet#fw4#vpn_domains
nftset=/tinkerboxapp.com/4#inet#fw4#vpn_domains
nftset=/tinkercad.com/4#inet#fw4#vpn_domains
nftset=/tinkerentertainment.com/4#inet#fw4#vpn_domains
nftset=/tinkerplay.net/4#inet#fw4#vpn_domains
nftset=/tire-cadcam.com/4#inet#fw4#vpn_domains
nftset=/toolmaking-cadcam.com/4#inet#fw4#vpn_domains
nftset=/topobase.com/4#inet#fw4#vpn_domains
nftset=/toy-cadcam.com/4#inet#fw4#vpn_domains
nftset=/toycadcam.com/4#inet#fw4#vpn_domains
nftset=/truebim.com/4#inet#fw4#vpn_domains
nftset=/truedwg.com/4#inet#fw4#vpn_domains
nftset=/trunest.com/4#inet#fw4#vpn_domains
nftset=/trusted-dwg.com/4#inet#fw4#vpn_domains
nftset=/trusteddwg.com/4#inet#fw4#vpn_domains
nftset=/tryalias.com/4#inet#fw4#vpn_domains
nftset=/trydesign.com/4#inet#fw4#vpn_domains
nftset=/tspline.com/4#inet#fw4#vpn_domains
nftset=/tsplines.com/4#inet#fw4#vpn_domains
nftset=/tweakadmin.com/4#inet#fw4#vpn_domains
nftset=/tweakfilms.com/4#inet#fw4#vpn_domains
nftset=/tweaksoftware.com/4#inet#fw4#vpn_domains
nftset=/tyre-cadcam.com/4#inet#fw4#vpn_domains
nftset=/tyrecadcam.com/4#inet#fw4#vpn_domains
nftset=/upfrontcfd.com/4#inet#fw4#vpn_domains
nftset=/upfrontfea.com/4#inet#fw4#vpn_domains
nftset=/velaserver.com/4#inet#fw4#vpn_domains
nftset=/velastaging.com/4#inet#fw4#vpn_domains
nftset=/velasync.com/4#inet#fw4#vpn_domains
nftset=/velasystems.com/4#inet#fw4#vpn_domains
nftset=/velatest.com/4#inet#fw4#vpn_domains
nftset=/viriondb.com/4#inet#fw4#vpn_domains
nftset=/vortexmachining.com/4#inet#fw4#vpn_domains
nftset=/vred-essentials.com/4#inet#fw4#vpn_domains
nftset=/vredessentials.com/4#inet#fw4#vpn_domains
nftset=/vredprofessional.com/4#inet#fw4#vpn_domains
nftset=/vrnastran.com/4#inet#fw4#vpn_domains
nftset=/xn--74q434dwff.com/4#inet#fw4#vpn_domains
nftset=/xn--74q434dwff.net/4#inet#fw4#vpn_domains
nftset=/37signals.com/4#inet#fw4#vpn_domains
nftset=/basecamp.com/4#inet#fw4#vpn_domains
nftset=/basecampapi.com/4#inet#fw4#vpn_domains
nftset=/backblazeb2.com/4#inet#fw4#vpn_domains
nftset=/beeble.com/4#inet#fw4#vpn_domains
nftset=/bestchange.net/4#inet#fw4#vpn_domains
nftset=/bestchange.ru/4#inet#fw4#vpn_domains
nftset=/bestchange.com/4#inet#fw4#vpn_domains
nftset=/capcut.com/4#inet#fw4#vpn_domains
nftset=/capcutapi.com/4#inet#fw4#vpn_domains
nftset=/capcutapi.us/4#inet#fw4#vpn_domains
nftset=/capcutcdn-us.com/4#inet#fw4#vpn_domains
nftset=/capcutstatic.com/4#inet#fw4#vpn_domains
nftset=/chilipiper.com/4#inet#fw4#vpn_domains
nftset=/clickup.com/4#inet#fw4#vpn_domains
nftset=/onetrust.com/4#inet#fw4#vpn_domains
nftset=/garmin.com/4#inet#fw4#vpn_domains
nftset=/fastpic.org/4#inet#fw4#vpn_domains
nftset=/fastpic.ru/4#inet#fw4#vpn_domains
nftset=/fatsecret.com/4#inet#fw4#vpn_domains
nftset=/ftscrt.com/4#inet#fw4#vpn_domains
nftset=/fmhy.lol/4#inet#fw4#vpn_domains
nftset=/fmhy.net/4#inet#fw4#vpn_domains
nftset=/linktr.ee/4#inet#fw4#vpn_domains
nftset=/make.com/4#inet#fw4#vpn_domains
nftset=/medium.com/4#inet#fw4#vpn_domains
nftset=/medium.systems/4#inet#fw4#vpn_domains
nftset=/miro.com/4#inet#fw4#vpn_domains
nftset=/mirostatic.com/4#inet#fw4#vpn_domains
nftset=/myheritage.com/4#inet#fw4#vpn_domains
nftset=/myheritage.ee/4#inet#fw4#vpn_domains
nftset=/naukimg.com/4#inet#fw4#vpn_domains
nftset=/naukri.com/4#inet#fw4#vpn_domains
nftset=/notepad-plus-plus.org/4#inet#fw4#vpn_domains
nftset=/hellonotion.com/4#inet#fw4#vpn_domains
nftset=/notion-media.com/4#inet#fw4#vpn_domains
nftset=/notion-static.com/4#inet#fw4#vpn_domains
nftset=/notion.ai/4#inet#fw4#vpn_domains
nftset=/notion.com/4#inet#fw4#vpn_domains
nftset=/notion.dev/4#inet#fw4#vpn_domains
nftset=/notion.site/4#inet#fw4#vpn_domains
nftset=/notion.so/4#inet#fw4#vpn_domains
nftset=/notionup.com/4#inet#fw4#vpn_domains
nftset=/notionusercontent.com/4#inet#fw4#vpn_domains
nftset=/splunkcloud.com/4#inet#fw4#vpn_domains
nftset=/zendesk.com/4#inet#fw4#vpn_domains
nftset=/notion-status.com/4#inet#fw4#vpn_domains
nftset=/notion.new/4#inet#fw4#vpn_domains
nftset=/prismic.io/4#inet#fw4#vpn_domains
nftset=/proton.me/4#inet#fw4#vpn_domains
nftset=/protonmail.com/4#inet#fw4#vpn_domains
nftset=/proxy6.net/4#inet#fw4#vpn_domains
nftset=/proxyline.net/4#inet#fw4#vpn_domains
nftset=/sankakucomplex.com/4#inet#fw4#vpn_domains
nftset=/getsentry.net/4#inet#fw4#vpn_domains
nftset=/sentry-cdn.com/4#inet#fw4#vpn_domains
nftset=/sentry.dev/4#inet#fw4#vpn_domains
nftset=/sentry.io/4#inet#fw4#vpn_domains
nftset=/getsentry.com/4#inet#fw4#vpn_domains
nftset=/strava.com/4#inet#fw4#vpn_domains
nftset=/trainingpeaks.com/4#inet#fw4#vpn_domains
nftset=/tuta.com/4#inet#fw4#vpn_domains
nftset=/tutanota.com/4#inet#fw4#vpn_domains
nftset=/whoop.com/4#inet#fw4#vpn_domains
nftset=/wdfiles.com/4#inet#fw4#vpn_domains
nftset=/wikidot.com/4#inet#fw4#vpn_domains
nftset=/zapier-deployment.com/4#inet#fw4#vpn_domains
nftset=/zapier.com/4#inet#fw4#vpn_domains
nftset=/ggpht.cn/4#inet#fw4#vpn_domains
nftset=/ggpht.com/4#inet#fw4#vpn_domains
nftset=/google.com/4#inet#fw4#vpn_domains
nftset=/googlevideo.com/4#inet#fw4#vpn_domains
nftset=/gstatic.com/4#inet#fw4#vpn_domains
nftset=/gvt1.com/4#inet#fw4#vpn_domains
nftset=/r2---sn--n5pbvoj5caxu8-nboz.google/4#inet#fw4#vpn_domains
nftset=/r3---sn--h557snl6.googlevideo/4#inet#fw4#vpn_domains
nftset=/returnyoutubedislikeapi.com/4#inet#fw4#vpn_domains
nftset=/withyoutube.com/4#inet#fw4#vpn_domains
nftset=/youtu.be/4#inet#fw4#vpn_domains
nftset=/youtube-nocookie.com/4#inet#fw4#vpn_domains
nftset=/youtube.ae/4#inet#fw4#vpn_domains
nftset=/youtube.al/4#inet#fw4#vpn_domains
nftset=/youtube.am/4#inet#fw4#vpn_domains
nftset=/youtube.at/4#inet#fw4#vpn_domains
nftset=/youtube.az/4#inet#fw4#vpn_domains
nftset=/youtube.ba/4#inet#fw4#vpn_domains
nftset=/youtube.be/4#inet#fw4#vpn_domains
nftset=/youtube.bg/4#inet#fw4#vpn_domains
nftset=/youtube.bh/4#inet#fw4#vpn_domains
nftset=/youtube.bo/4#inet#fw4#vpn_domains
nftset=/youtube.by/4#inet#fw4#vpn_domains
nftset=/youtube.ca/4#inet#fw4#vpn_domains
nftset=/youtube.cat/4#inet#fw4#vpn_domains
nftset=/youtube.ch/4#inet#fw4#vpn_domains
nftset=/youtube.cl/4#inet#fw4#vpn_domains
nftset=/youtube.co/4#inet#fw4#vpn_domains
nftset=/youtube.co.ae/4#inet#fw4#vpn_domains
nftset=/youtube.co.at/4#inet#fw4#vpn_domains
nftset=/youtube.co.cr/4#inet#fw4#vpn_domains
nftset=/youtube.co.hu/4#inet#fw4#vpn_domains
nftset=/youtube.co.id/4#inet#fw4#vpn_domains
nftset=/youtube.co.il/4#inet#fw4#vpn_domains
nftset=/youtube.co.in/4#inet#fw4#vpn_domains
nftset=/youtube.co.jp/4#inet#fw4#vpn_domains
nftset=/youtube.co.ke/4#inet#fw4#vpn_domains
nftset=/youtube.co.kr/4#inet#fw4#vpn_domains
nftset=/youtube.co.ma/4#inet#fw4#vpn_domains
nftset=/youtube.co.nz/4#inet#fw4#vpn_domains
nftset=/youtube.co.th/4#inet#fw4#vpn_domains
nftset=/youtube.co.tz/4#inet#fw4#vpn_domains
nftset=/youtube.co.ug/4#inet#fw4#vpn_domains
nftset=/youtube.co.uk/4#inet#fw4#vpn_domains
nftset=/youtube.co.ve/4#inet#fw4#vpn_domains
nftset=/youtube.co.za/4#inet#fw4#vpn_domains
nftset=/youtube.co.zw/4#inet#fw4#vpn_domains
nftset=/youtube.com/4#inet#fw4#vpn_domains
nftset=/youtube.com.ar/4#inet#fw4#vpn_domains
nftset=/youtube.com.au/4#inet#fw4#vpn_domains
nftset=/youtube.com.az/4#inet#fw4#vpn_domains
nftset=/youtube.com.bd/4#inet#fw4#vpn_domains
nftset=/youtube.com.bh/4#inet#fw4#vpn_domains
nftset=/youtube.com.bo/4#inet#fw4#vpn_domains
nftset=/youtube.com.br/4#inet#fw4#vpn_domains
nftset=/youtube.com.by/4#inet#fw4#vpn_domains
nftset=/youtube.com.co/4#inet#fw4#vpn_domains
nftset=/youtube.com.do/4#inet#fw4#vpn_domains
nftset=/youtube.com.ec/4#inet#fw4#vpn_domains
nftset=/youtube.com.ee/4#inet#fw4#vpn_domains
nftset=/youtube.com.eg/4#inet#fw4#vpn_domains
nftset=/youtube.com.es/4#inet#fw4#vpn_domains
nftset=/youtube.com.gh/4#inet#fw4#vpn_domains
nftset=/youtube.com.gr/4#inet#fw4#vpn_domains
nftset=/youtube.com.gt/4#inet#fw4#vpn_domains
nftset=/youtube.com.hk/4#inet#fw4#vpn_domains
nftset=/youtube.com.hn/4#inet#fw4#vpn_domains
nftset=/youtube.com.hr/4#inet#fw4#vpn_domains
nftset=/youtube.com.jm/4#inet#fw4#vpn_domains
nftset=/youtube.com.jo/4#inet#fw4#vpn_domains
nftset=/youtube.com.kw/4#inet#fw4#vpn_domains
nftset=/youtube.com.lb/4#inet#fw4#vpn_domains
nftset=/youtube.com.lv/4#inet#fw4#vpn_domains
nftset=/youtube.com.ly/4#inet#fw4#vpn_domains
nftset=/youtube.com.mk/4#inet#fw4#vpn_domains
nftset=/youtube.com.mt/4#inet#fw4#vpn_domains
nftset=/youtube.com.mx/4#inet#fw4#vpn_domains
nftset=/youtube.com.my/4#inet#fw4#vpn_domains
nftset=/youtube.com.ng/4#inet#fw4#vpn_domains
nftset=/youtube.com.ni/4#inet#fw4#vpn_domains
nftset=/youtube.com.om/4#inet#fw4#vpn_domains
nftset=/youtube.com.pa/4#inet#fw4#vpn_domains
nftset=/youtube.com.pe/4#inet#fw4#vpn_domains
nftset=/youtube.com.ph/4#inet#fw4#vpn_domains
nftset=/youtube.com.pk/4#inet#fw4#vpn_domains
nftset=/youtube.com.pt/4#inet#fw4#vpn_domains
nftset=/youtube.com.py/4#inet#fw4#vpn_domains
nftset=/youtube.com.qa/4#inet#fw4#vpn_domains
nftset=/youtube.com.ro/4#inet#fw4#vpn_domains
nftset=/youtube.com.sa/4#inet#fw4#vpn_domains
nftset=/youtube.com.sg/4#inet#fw4#vpn_domains
nftset=/youtube.com.sv/4#inet#fw4#vpn_domains
nftset=/youtube.com.tn/4#inet#fw4#vpn_domains
nftset=/youtube.com.tr/4#inet#fw4#vpn_domains
nftset=/youtube.com.tw/4#inet#fw4#vpn_domains
nftset=/youtube.com.ua/4#inet#fw4#vpn_domains
nftset=/youtube.com.uy/4#inet#fw4#vpn_domains
nftset=/youtube.com.ve/4#inet#fw4#vpn_domains
nftset=/youtube.cr/4#inet#fw4#vpn_domains
nftset=/youtube.cz/4#inet#fw4#vpn_domains
nftset=/youtube.de/4#inet#fw4#vpn_domains
nftset=/youtube.dk/4#inet#fw4#vpn_domains
nftset=/youtube.ee/4#inet#fw4#vpn_domains
nftset=/youtube.es/4#inet#fw4#vpn_domains
nftset=/youtube.fi/4#inet#fw4#vpn_domains
nftset=/youtube.fr/4#inet#fw4#vpn_domains
nftset=/youtube.ge/4#inet#fw4#vpn_domains
nftset=/youtube.gr/4#inet#fw4#vpn_domains
nftset=/youtube.gt/4#inet#fw4#vpn_domains
nftset=/youtube.hk/4#inet#fw4#vpn_domains
nftset=/youtube.hr/4#inet#fw4#vpn_domains
nftset=/youtube.hu/4#inet#fw4#vpn_domains
nftset=/youtube.ie/4#inet#fw4#vpn_domains
nftset=/youtube.in/4#inet#fw4#vpn_domains
nftset=/youtube.iq/4#inet#fw4#vpn_domains
nftset=/youtube.is/4#inet#fw4#vpn_domains
nftset=/youtube.it/4#inet#fw4#vpn_domains
nftset=/youtube.jo/4#inet#fw4#vpn_domains
nftset=/youtube.jp/4#inet#fw4#vpn_domains
nftset=/youtube.kr/4#inet#fw4#vpn_domains
nftset=/youtube.kz/4#inet#fw4#vpn_domains
nftset=/youtube.la/4#inet#fw4#vpn_domains
nftset=/youtube.lk/4#inet#fw4#vpn_domains
nftset=/youtube.lt/4#inet#fw4#vpn_domains
nftset=/youtube.lu/4#inet#fw4#vpn_domains
nftset=/youtube.lv/4#inet#fw4#vpn_domains
nftset=/youtube.ly/4#inet#fw4#vpn_domains
nftset=/youtube.ma/4#inet#fw4#vpn_domains
nftset=/youtube.md/4#inet#fw4#vpn_domains
nftset=/youtube.me/4#inet#fw4#vpn_domains
nftset=/youtube.mk/4#inet#fw4#vpn_domains
nftset=/youtube.mn/4#inet#fw4#vpn_domains
nftset=/youtube.mx/4#inet#fw4#vpn_domains
nftset=/youtube.my/4#inet#fw4#vpn_domains
nftset=/youtube.ng/4#inet#fw4#vpn_domains
nftset=/youtube.ni/4#inet#fw4#vpn_domains
nftset=/youtube.nl/4#inet#fw4#vpn_domains
nftset=/youtube.no/4#inet#fw4#vpn_domains
nftset=/youtube.pa/4#inet#fw4#vpn_domains
nftset=/youtube.pe/4#inet#fw4#vpn_domains
nftset=/youtube.ph/4#inet#fw4#vpn_domains
nftset=/youtube.pk/4#inet#fw4#vpn_domains
nftset=/youtube.pl/4#inet#fw4#vpn_domains
nftset=/youtube.pr/4#inet#fw4#vpn_domains
nftset=/youtube.pt/4#inet#fw4#vpn_domains
nftset=/youtube.qa/4#inet#fw4#vpn_domains
nftset=/youtube.ro/4#inet#fw4#vpn_domains
nftset=/youtube.rs/4#inet#fw4#vpn_domains
nftset=/youtube.ru/4#inet#fw4#vpn_domains
nftset=/youtube.sa/4#inet#fw4#vpn_domains
nftset=/youtube.se/4#inet#fw4#vpn_domains
nftset=/youtube.sg/4#inet#fw4#vpn_domains
nftset=/youtube.si/4#inet#fw4#vpn_domains
nftset=/youtube.sk/4#inet#fw4#vpn_domains
nftset=/youtube.sn/4#inet#fw4#vpn_domains
nftset=/youtube.soy/4#inet#fw4#vpn_domains
nftset=/youtube.sv/4#inet#fw4#vpn_domains
nftset=/youtube.tn/4#inet#fw4#vpn_domains
nftset=/youtube.tv/4#inet#fw4#vpn_domains
nftset=/youtube.ua/4#inet#fw4#vpn_domains
nftset=/youtube.ug/4#inet#fw4#vpn_domains
nftset=/youtube.uy/4#inet#fw4#vpn_domains
nftset=/youtube.vn/4#inet#fw4#vpn_domains
nftset=/youtubeeducation.com/4#inet#fw4#vpn_domains
nftset=/youtubefanfest.com/4#inet#fw4#vpn_domains
nftset=/youtubegaming.com/4#inet#fw4#vpn_domains
nftset=/youtubego.co.id/4#inet#fw4#vpn_domains
nftset=/youtubego.co.in/4#inet#fw4#vpn_domains
nftset=/youtubego.com/4#inet#fw4#vpn_domains
nftset=/youtubego.com.br/4#inet#fw4#vpn_domains
nftset=/youtubego.id/4#inet#fw4#vpn_domains
nftset=/youtubego.in/4#inet#fw4#vpn_domains
nftset=/youtubekids.com/4#inet#fw4#vpn_domains
nftset=/youtubemobilesupport.com/4#inet#fw4#vpn_domains
nftset=/yt.be/4#inet#fw4#vpn_domains
nftset=/ytimg.com/4#inet#fw4#vpn_domains
nftset=/yt3.googleusercontent.com/4#inet#fw4#vpn_domains
nftset=/youtube.googleapis.com/4#inet#fw4#vpn_domains
nftset=/youtubeembeddedplayer.googleapis.com/4#inet#fw4#vpn_domains
nftset=/youtubei.googleapis.com/4#inet#fw4#vpn_domains
nftset=/youtube-ui.l.google.com/4#inet#fw4#vpn_domains
nftset=/wide-youtube.l.google.com/4#inet#fw4#vpn_domains
nftset=/ads.youtube.com/4#inet#fw4#vpn_domains
