nftset=/cdn-telegram.org/4#inet#fw4#vpn_domains
nftset=/comments.app/4#inet#fw4#vpn_domains
nftset=/contest.com/4#inet#fw4#vpn_domains
nftset=/fragment.com/4#inet#fw4#vpn_domains
nftset=/graph.org/4#inet#fw4#vpn_domains
nftset=/quiz.directory/4#inet#fw4#vpn_domains
nftset=/t.me/4#inet#fw4#vpn_domains
nftset=/tdesktop.com/4#inet#fw4#vpn_domains
nftset=/telega.one/4#inet#fw4#vpn_domains
nftset=/telegram-cdn.org/4#inet#fw4#vpn_domains
nftset=/telegram.dog/4#inet#fw4#vpn_domains
nftset=/telegram.me/4#inet#fw4#vpn_domains
nftset=/telegram.org/4#inet#fw4#vpn_domains
nftset=/telegram.space/4#inet#fw4#vpn_domains
nftset=/tg.dev/4#inet#fw4#vpn_domains
nftset=/ton.org/4#inet#fw4#vpn_domains
nftset=/tx.me/4#inet#fw4#vpn_domains
nftset=/usercontent.dev/4#inet#fw4#vpn_domains
nftset=/telegra.ph/4#inet#fw4#vpn_domains
nftset=/telesco.pe/4#inet#fw4#vpn_domains
nftset=/wa.me/4#inet#fw4#vpn_domains
nftset=/whatsapp-plus.info/4#inet#fw4#vpn_domains
nftset=/whatsapp-plus.me/4#inet#fw4#vpn_domains
nftset=/whatsapp-plus.net/4#inet#fw4#vpn_domains
nftset=/whatsapp.cc/4#inet#fw4#vpn_domains
nftset=/whatsapp.com/4#inet#fw4#vpn_domains
nftset=/whatsapp.info/4#inet#fw4#vpn_domains
nftset=/whatsapp.net/4#inet#fw4#vpn_domains
nftset=/whatsapp.org/4#inet#fw4#vpn_domains
nftset=/whatsapp.tv/4#inet#fw4#vpn_domains
nftset=/whatsappbrand.com/4#inet#fw4#vpn_domains
nftset=/graph.whatsapp.com/4#inet#fw4#vpn_domains
nftset=/graph.whatsapp.net/4#inet#fw4#vpn_domains
nftset=/sndcdn.com/4#inet#fw4#vpn_domains
nftset=/soundcloud.cloud/4#inet#fw4#vpn_domains
nftset=/soundcloud.com/4#inet#fw4#vpn_domains
nftset=/audio-ak-spotify-com.akamaized.net/4#inet#fw4#vpn_domains
nftset=/audio4-ak-spotify-com.akamaized.net/4#inet#fw4#vpn_domains
nftset=/cdn-spotify-experiments.conductrics.com/4#inet#fw4#vpn_domains
nftset=/heads-ak-spotify-com.akamaized.net/4#inet#fw4#vpn_domains
nftset=/heads4-ak-spotify-com.akamaized.net/4#inet#fw4#vpn_domains
nftset=/spotify.com.edgesuite.net/4#inet#fw4#vpn_domains
nftset=/spotify.map.fastly.net/4#inet#fw4#vpn_domains
nftset=/spotify.map.fastlylb.net/4#inet#fw4#vpn_domains
nftset=/adeventtracker.spotify.com/4#inet#fw4#vpn_domains
nftset=/adstudio-assets.scdn.co/4#inet#fw4#vpn_domains
nftset=/bloodhound.spotify.com/4#inet#fw4#vpn_domains
nftset=/byspotify.com/4#inet#fw4#vpn_domains
nftset=/pscdn.co/4#inet#fw4#vpn_domains
nftset=/scdn.co/4#inet#fw4#vpn_domains
nftset=/spotify-everywhere.com/4#inet#fw4#vpn_domains
nftset=/spotify.com/4#inet#fw4#vpn_domains
nftset=/spotify.design/4#inet#fw4#vpn_domains
nftset=/spotifycdn.com/4#inet#fw4#vpn_domains
nftset=/spotifycdn.net/4#inet#fw4#vpn_domains
nftset=/spotifycharts.com/4#inet#fw4#vpn_domains
nftset=/spotifycodes.com/4#inet#fw4#vpn_domains
nftset=/spotifyforbrands.com/4#inet#fw4#vpn_domains
nftset=/spotifyjobs.com/4#inet#fw4#vpn_domains
nftset=/spotify.link/4#inet#fw4#vpn_domains
nftset=/tospotify.com/4#inet#fw4#vpn_domains
nftset=/spoti.fi/4#inet#fw4#vpn_domains
nftset=/twitter.com/4#inet#fw4#vpn_domains
nftset=/cms-twdigitalassets.com/4#inet#fw4#vpn_domains
nftset=/twitterflightschool.com/4#inet#fw4#vpn_domains
nftset=/twitterinc.com/4#inet#fw4#vpn_domains
nftset=/tellapart.com/4#inet#fw4#vpn_domains
nftset=/tweetdeck.com/4#inet#fw4#vpn_domains
nftset=/twimg.com/4#inet#fw4#vpn_domains
nftset=/twitpic.com/4#inet#fw4#vpn_domains
nftset=/twitter.biz/4#inet#fw4#vpn_domains
nftset=/twittercommunity.com/4#inet#fw4#vpn_domains
nftset=/pscp.tv/4#inet#fw4#vpn_domains
nftset=/periscope.tv/4#inet#fw4#vpn_domains
nftset=/twitter.jp/4#inet#fw4#vpn_domains
nftset=/x.com/4#inet#fw4#vpn_domains
nftset=/t.co/4#inet#fw4#vpn_domains
nftset=/twitteroauth.com/4#inet#fw4#vpn_domains
nftset=/twitterstat.us/4#inet#fw4#vpn_domains
nftset=/twtrdns.net/4#inet#fw4#vpn_domains
nftset=/twttr.com/4#inet#fw4#vpn_domains
nftset=/twttr.net/4#inet#fw4#vpn_domains
nftset=/twvid.com/4#inet#fw4#vpn_domains
nftset=/vine.co/4#inet#fw4#vpn_domains
nftset=/grok.com/4#inet#fw4#vpn_domains
nftset=/twitter.map.fastly.net/4#inet#fw4#vpn_domains
nftset=/ads-twitter.com/4#inet#fw4#vpn_domains
nftset=/grok.x.com/4#inet#fw4#vpn_domains
nftset=/x.ai/4#inet#fw4#vpn_domains
nftset=/achat-followers-instagram.com/4#inet#fw4#vpn_domains
nftset=/acheter-followers-instagram.com/4#inet#fw4#vpn_domains
nftset=/acheterdesfollowersinstagram.com/4#inet#fw4#vpn_domains
nftset=/acheterfollowersinstagram.com/4#inet#fw4#vpn_domains
nftset=/bookstagram.com/4#inet#fw4#vpn_domains
nftset=/carstagram.com/4#inet#fw4#vpn_domains
nftset=/cdninstagram.com/4#inet#fw4#vpn_domains
nftset=/chickstagram.com/4#inet#fw4#vpn_domains
nftset=/ig.me/4#inet#fw4#vpn_domains
nftset=/igcdn.com/4#inet#fw4#vpn_domains
nftset=/igsonar.com/4#inet#fw4#vpn_domains
nftset=/igtv.com/4#inet#fw4#vpn_domains
nftset=/imstagram.com/4#inet#fw4#vpn_domains
nftset=/imtagram.com/4#inet#fw4#vpn_domains
nftset=/instaadder.com/4#inet#fw4#vpn_domains
nftset=/instachecker.com/4#inet#fw4#vpn_domains
nftset=/instafallow.com/4#inet#fw4#vpn_domains
nftset=/instafollower.com/4#inet#fw4#vpn_domains
nftset=/instagainer.com/4#inet#fw4#vpn_domains
nftset=/instagda.com/4#inet#fw4#vpn_domains
nftset=/instagify.com/4#inet#fw4#vpn_domains
nftset=/instagmania.com/4#inet#fw4#vpn_domains
nftset=/instagor.com/4#inet#fw4#vpn_domains
nftset=/instagram-brand.com/4#inet#fw4#vpn_domains
nftset=/instagram-engineering.com/4#inet#fw4#vpn_domains
nftset=/instagram-help.com/4#inet#fw4#vpn_domains
nftset=/instagram-press.com/4#inet#fw4#vpn_domains
nftset=/instagram-press.net/4#inet#fw4#vpn_domains
nftset=/instagram.com/4#inet#fw4#vpn_domains
nftset=/instagramci.com/4#inet#fw4#vpn_domains
nftset=/instagramcn.com/4#inet#fw4#vpn_domains
nftset=/instagramdi.com/4#inet#fw4#vpn_domains
nftset=/instagramhashtags.net/4#inet#fw4#vpn_domains
nftset=/instagramhilecim.com/4#inet#fw4#vpn_domains
nftset=/instagramhilesi.org/4#inet#fw4#vpn_domains
nftset=/instagramium.com/4#inet#fw4#vpn_domains
nftset=/instagramizlenme.com/4#inet#fw4#vpn_domains
nftset=/instagramkusu.com/4#inet#fw4#vpn_domains
nftset=/instagramlogin.com/4#inet#fw4#vpn_domains
nftset=/instagramm.com/4#inet#fw4#vpn_domains
nftset=/instagramn.com/4#inet#fw4#vpn_domains
nftset=/instagrampartners.com/4#inet#fw4#vpn_domains
nftset=/instagramphoto.com/4#inet#fw4#vpn_domains
nftset=/instagramq.com/4#inet#fw4#vpn_domains
nftset=/instagramsepeti.com/4#inet#fw4#vpn_domains
nftset=/instagramtakipcisatinal.net/4#inet#fw4#vpn_domains
nftset=/instagramtakiphilesi.com/4#inet#fw4#vpn_domains
nftset=/instagramtips.com/4#inet#fw4#vpn_domains
nftset=/instagramtr.com/4#inet#fw4#vpn_domains
nftset=/instagran.com/4#inet#fw4#vpn_domains
nftset=/instagranm.com/4#inet#fw4#vpn_domains
nftset=/instagrem.com/4#inet#fw4#vpn_domains
nftset=/instagrm.com/4#inet#fw4#vpn_domains
nftset=/instagtram.com/4#inet#fw4#vpn_domains
nftset=/instagy.com/4#inet#fw4#vpn_domains
nftset=/instamgram.com/4#inet#fw4#vpn_domains
nftset=/instangram.com/4#inet#fw4#vpn_domains
nftset=/instanttelegram.com/4#inet#fw4#vpn_domains
nftset=/instaplayer.net/4#inet#fw4#vpn_domains
nftset=/instastyle.tv/4#inet#fw4#vpn_domains
nftset=/instgram.com/4#inet#fw4#vpn_domains
nftset=/intagram.com/4#inet#fw4#vpn_domains
nftset=/intagrm.com/4#inet#fw4#vpn_domains
nftset=/intgram.com/4#inet#fw4#vpn_domains
nftset=/kingstagram.com/4#inet#fw4#vpn_domains
nftset=/lnstagram-help.com/4#inet#fw4#vpn_domains
nftset=/theinstagramhack.com/4#inet#fw4#vpn_domains
nftset=/oninstagram.com/4#inet#fw4#vpn_domains
nftset=/online-instagram.com/4#inet#fw4#vpn_domains
nftset=/onlineinstagram.com/4#inet#fw4#vpn_domains
nftset=/web-instagram.net/4#inet#fw4#vpn_domains
nftset=/wwwinstagram.com/4#inet#fw4#vpn_domains
nftset=/graph.instagram.com/4#inet#fw4#vpn_domains
nftset=/graph-fallback.instagram.com/4#inet#fw4#vpn_domains
nftset=/fbcdn-a.akamaihd.net/4#inet#fw4#vpn_domains
nftset=/aboutfacebook.com/4#inet#fw4#vpn_domains
nftset=/accessfacebookfromschool.com/4#inet#fw4#vpn_domains
nftset=/acebooik.com/4#inet#fw4#vpn_domains
nftset=/acebook.com/4#inet#fw4#vpn_domains
nftset=/advancediddetection.com/4#inet#fw4#vpn_domains
nftset=/askfacebook.net/4#inet#fw4#vpn_domains
nftset=/askfacebook.org/4#inet#fw4#vpn_domains
nftset=/atdmt2.com/4#inet#fw4#vpn_domains
nftset=/atlasdmt.com/4#inet#fw4#vpn_domains
nftset=/atlasonepoint.com/4#inet#fw4#vpn_domains
nftset=/buyingfacebooklikes.com/4#inet#fw4#vpn_domains
nftset=/careersatfb.com/4#inet#fw4#vpn_domains
nftset=/celebgramme.com/4#inet#fw4#vpn_domains
nftset=/china-facebook.com/4#inet#fw4#vpn_domains
nftset=/click-url.com/4#inet#fw4#vpn_domains
nftset=/como-hackearfacebook.com/4#inet#fw4#vpn_domains
nftset=/crowdtangle.com/4#inet#fw4#vpn_domains
nftset=/dacebook.com/4#inet#fw4#vpn_domains
nftset=/dlfacebook.com/4#inet#fw4#vpn_domains
nftset=/dotfacebook.com/4#inet#fw4#vpn_domains
nftset=/dotfacebook.net/4#inet#fw4#vpn_domains
nftset=/expresswifi.com/4#inet#fw4#vpn_domains
nftset=/faacebok.com/4#inet#fw4#vpn_domains
nftset=/faacebook.com/4#inet#fw4#vpn_domains
nftset=/faasbook.com/4#inet#fw4#vpn_domains
nftset=/facbebook.com/4#inet#fw4#vpn_domains
nftset=/facbeok.com/4#inet#fw4#vpn_domains
nftset=/facboo.com/4#inet#fw4#vpn_domains
nftset=/facbook.com/4#inet#fw4#vpn_domains
nftset=/facbool.com/4#inet#fw4#vpn_domains
nftset=/facboox.com/4#inet#fw4#vpn_domains
nftset=/faccebook.com/4#inet#fw4#vpn_domains
nftset=/faccebookk.com/4#inet#fw4#vpn_domains
nftset=/facdbook.com/4#inet#fw4#vpn_domains
nftset=/facdebook.com/4#inet#fw4#vpn_domains
nftset=/face-book.com/4#inet#fw4#vpn_domains
nftset=/faceabook.com/4#inet#fw4#vpn_domains
nftset=/facebboc.com/4#inet#fw4#vpn_domains
nftset=/facebbook.com/4#inet#fw4#vpn_domains
nftset=/facebboook.com/4#inet#fw4#vpn_domains
nftset=/facebcook.com/4#inet#fw4#vpn_domains
nftset=/facebdok.com/4#inet#fw4#vpn_domains
nftset=/facebgook.com/4#inet#fw4#vpn_domains
nftset=/facebhook.com/4#inet#fw4#vpn_domains
nftset=/facebkkk.com/4#inet#fw4#vpn_domains
nftset=/facebo-ok.com/4#inet#fw4#vpn_domains
nftset=/faceboak.com/4#inet#fw4#vpn_domains
nftset=/facebock.com/4#inet#fw4#vpn_domains
nftset=/facebocke.com/4#inet#fw4#vpn_domains
nftset=/facebof.com/4#inet#fw4#vpn_domains
nftset=/faceboik.com/4#inet#fw4#vpn_domains
nftset=/facebok.com/4#inet#fw4#vpn_domains
nftset=/facebokbook.com/4#inet#fw4#vpn_domains
nftset=/facebokc.com/4#inet#fw4#vpn_domains
nftset=/facebokk.com/4#inet#fw4#vpn_domains
nftset=/facebokok.com/4#inet#fw4#vpn_domains
nftset=/faceboks.com/4#inet#fw4#vpn_domains
nftset=/facebol.com/4#inet#fw4#vpn_domains
nftset=/facebolk.com/4#inet#fw4#vpn_domains
nftset=/facebomok.com/4#inet#fw4#vpn_domains
nftset=/faceboo.com/4#inet#fw4#vpn_domains
nftset=/facebooa.com/4#inet#fw4#vpn_domains
nftset=/faceboob.com/4#inet#fw4#vpn_domains
nftset=/faceboobok.com/4#inet#fw4#vpn_domains
nftset=/facebooc.com/4#inet#fw4#vpn_domains
nftset=/faceboock.com/4#inet#fw4#vpn_domains
nftset=/facebood.com/4#inet#fw4#vpn_domains
nftset=/facebooe.com/4#inet#fw4#vpn_domains
nftset=/faceboof.com/4#inet#fw4#vpn_domains
nftset=/facebooi.com/4#inet#fw4#vpn_domains
nftset=/facebooik.com/4#inet#fw4#vpn_domains
nftset=/facebooik.org/4#inet#fw4#vpn_domains
nftset=/facebooj.com/4#inet#fw4#vpn_domains
nftset=/facebook-corp.com/4#inet#fw4#vpn_domains
nftset=/facebook-covid-19.com/4#inet#fw4#vpn_domains
nftset=/facebook-ebook.com/4#inet#fw4#vpn_domains
nftset=/facebook-forum.com/4#inet#fw4#vpn_domains
nftset=/facebook-hardware.com/4#inet#fw4#vpn_domains
nftset=/facebook-inc.com/4#inet#fw4#vpn_domains
nftset=/facebook-login.com/4#inet#fw4#vpn_domains
nftset=/facebook-newsroom.com/4#inet#fw4#vpn_domains
nftset=/facebook-newsroom.org/4#inet#fw4#vpn_domains
nftset=/facebook-pmdcenter.com/4#inet#fw4#vpn_domains
nftset=/facebook-pmdcenter.net/4#inet#fw4#vpn_domains
nftset=/facebook-pmdcenter.org/4#inet#fw4#vpn_domains
nftset=/facebook-privacy.com/4#inet#fw4#vpn_domains
nftset=/facebook-program.com/4#inet#fw4#vpn_domains
nftset=/facebook-studio.com/4#inet#fw4#vpn_domains
nftset=/facebook-support.org/4#inet#fw4#vpn_domains
nftset=/facebook-texas-holdem.com/4#inet#fw4#vpn_domains
nftset=/facebook-texas-holdem.net/4#inet#fw4#vpn_domains
nftset=/facebook.cc/4#inet#fw4#vpn_domains
nftset=/facebook.com/4#inet#fw4#vpn_domains
nftset=/facebook.design/4#inet#fw4#vpn_domains
nftset=/facebook.net/4#inet#fw4#vpn_domains
nftset=/fecebook.net/4#inet#fw4#vpn_domains
nftset=/facebook.nl/4#inet#fw4#vpn_domains
nftset=/facebook.org/4#inet#fw4#vpn_domains
nftset=/facebook.se/4#inet#fw4#vpn_domains
nftset=/facebook.shop/4#inet#fw4#vpn_domains
nftset=/facebook.tv/4#inet#fw4#vpn_domains
nftset=/facebook.us/4#inet#fw4#vpn_domains
nftset=/facebook.wang/4#inet#fw4#vpn_domains
nftset=/facebook123.org/4#inet#fw4#vpn_domains
nftset=/facebook30.com/4#inet#fw4#vpn_domains
nftset=/facebook30.net/4#inet#fw4#vpn_domains
nftset=/facebook30.org/4#inet#fw4#vpn_domains
nftset=/facebook4business.com/4#inet#fw4#vpn_domains
nftset=/facebookadvertisingsecrets.com/4#inet#fw4#vpn_domains
nftset=/facebookatschool.com/4#inet#fw4#vpn_domains
nftset=/facebookawards.com/4#inet#fw4#vpn_domains
nftset=/facebookblueprint.net/4#inet#fw4#vpn_domains
nftset=/facebookbrand.com/4#inet#fw4#vpn_domains
nftset=/facebookbrand.net/4#inet#fw4#vpn_domains
nftset=/facebookcanadianelectionintegrityinitiative.com/4#inet#fw4#vpn_domains
nftset=/facebookcareer.com/4#inet#fw4#vpn_domains
nftset=/facebookcheats.com/4#inet#fw4#vpn_domains
nftset=/facebookck.com/4#inet#fw4#vpn_domains
nftset=/facebookclub.com/4#inet#fw4#vpn_domains
nftset=/facebookcom.com/4#inet#fw4#vpn_domains
nftset=/facebookconsultant.org/4#inet#fw4#vpn_domains
nftset=/facebookcoronavirus.com/4#inet#fw4#vpn_domains
nftset=/facebookcovers.org/4#inet#fw4#vpn_domains
nftset=/facebookcredits.info/4#inet#fw4#vpn_domains
nftset=/facebookdating.net/4#inet#fw4#vpn_domains
nftset=/facebookdusexe.org/4#inet#fw4#vpn_domains
nftset=/facebookemail.com/4#inet#fw4#vpn_domains
nftset=/facebookenespanol.com/4#inet#fw4#vpn_domains
nftset=/facebookexchange.com/4#inet#fw4#vpn_domains
nftset=/facebookexchange.net/4#inet#fw4#vpn_domains
nftset=/facebookfacebook.com/4#inet#fw4#vpn_domains
nftset=/facebookflow.com/4#inet#fw4#vpn_domains
nftset=/facebookgames.com/4#inet#fw4#vpn_domains
nftset=/facebookgraphsearch.com/4#inet#fw4#vpn_domains
nftset=/facebookgraphsearch.info/4#inet#fw4#vpn_domains
nftset=/facebookgroups.com/4#inet#fw4#vpn_domains
nftset=/facebookhome.cc/4#inet#fw4#vpn_domains
nftset=/facebookhome.com/4#inet#fw4#vpn_domains
nftset=/facebookhome.info/4#inet#fw4#vpn_domains
nftset=/facebookhub.com/4#inet#fw4#vpn_domains
nftset=/facebooki.com/4#inet#fw4#vpn_domains
nftset=/facebookinc.com/4#inet#fw4#vpn_domains
nftset=/facebookland.com/4#inet#fw4#vpn_domains
nftset=/facebooklikeexchange.com/4#inet#fw4#vpn_domains
nftset=/facebooklive.com/4#inet#fw4#vpn_domains
nftset=/facebooklivestaging.net/4#inet#fw4#vpn_domains
nftset=/facebooklivestaging.org/4#inet#fw4#vpn_domains
nftset=/facebooklogin.com/4#inet#fw4#vpn_domains
nftset=/facebooklogin.info/4#inet#fw4#vpn_domains
nftset=/facebookloginhelp.net/4#inet#fw4#vpn_domains
nftset=/facebooklogs.com/4#inet#fw4#vpn_domains
nftset=/facebookmail.com/4#inet#fw4#vpn_domains
nftset=/facebookmail.tv/4#inet#fw4#vpn_domains
nftset=/facebookmanager.info/4#inet#fw4#vpn_domains
nftset=/facebookmarketing.info/4#inet#fw4#vpn_domains
nftset=/facebookmarketingpartner.com/4#inet#fw4#vpn_domains
nftset=/facebookmarketingpartners.com/4#inet#fw4#vpn_domains
nftset=/facebookmobile.com/4#inet#fw4#vpn_domains
nftset=/facebookmsn.com/4#inet#fw4#vpn_domains
nftset=/facebooknews.com/4#inet#fw4#vpn_domains
nftset=/facebooknfl.com/4#inet#fw4#vpn_domains
nftset=/facebooknude.com/4#inet#fw4#vpn_domains
nftset=/facebookofsex.com/4#inet#fw4#vpn_domains
nftset=/facebookook.com/4#inet#fw4#vpn_domains
nftset=/facebookpaper.com/4#inet#fw4#vpn_domains
nftset=/facebookpay.com/4#inet#fw4#vpn_domains
nftset=/facebookphonenumber.net/4#inet#fw4#vpn_domains
nftset=/facebookphoto.com/4#inet#fw4#vpn_domains
nftset=/facebookphotos.com/4#inet#fw4#vpn_domains
nftset=/facebookpmdcenter.com/4#inet#fw4#vpn_domains
nftset=/facebookpoke.net/4#inet#fw4#vpn_domains
nftset=/facebookpoke.org/4#inet#fw4#vpn_domains
nftset=/facebookpoker.info/4#inet#fw4#vpn_domains
nftset=/facebookpokerchips.info/4#inet#fw4#vpn_domains
nftset=/facebookporn.net/4#inet#fw4#vpn_domains
nftset=/facebookporn.org/4#inet#fw4#vpn_domains
nftset=/facebookporno.net/4#inet#fw4#vpn_domains
nftset=/facebookportal.com/4#inet#fw4#vpn_domains
nftset=/facebooks.com/4#inet#fw4#vpn_domains
nftset=/facebooksafety.com/4#inet#fw4#vpn_domains
nftset=/facebooksecurity.net/4#inet#fw4#vpn_domains
nftset=/facebookshop.com/4#inet#fw4#vpn_domains
nftset=/facebooksignup.net/4#inet#fw4#vpn_domains
nftset=/facebooksite.net/4#inet#fw4#vpn_domains
nftset=/facebookstories.com/4#inet#fw4#vpn_domains
nftset=/facebookstudios.net/4#inet#fw4#vpn_domains
nftset=/facebookstudios.org/4#inet#fw4#vpn_domains
nftset=/facebooksupplier.com/4#inet#fw4#vpn_domains
nftset=/facebooksuppliers.com/4#inet#fw4#vpn_domains
nftset=/facebookswagemea.com/4#inet#fw4#vpn_domains
nftset=/facebookswagstore.com/4#inet#fw4#vpn_domains
nftset=/facebooksz.com/4#inet#fw4#vpn_domains
nftset=/facebookthreads.net/4#inet#fw4#vpn_domains
nftset=/facebooktv.net/4#inet#fw4#vpn_domains
nftset=/facebooktv.org/4#inet#fw4#vpn_domains
nftset=/facebookvacation.com/4#inet#fw4#vpn_domains
nftset=/facebookw.com/4#inet#fw4#vpn_domains
nftset=/facebookworld.com/4#inet#fw4#vpn_domains
nftset=/facebool.com/4#inet#fw4#vpn_domains
nftset=/facebool.info/4#inet#fw4#vpn_domains
nftset=/facebooll.com/4#inet#fw4#vpn_domains
nftset=/faceboom.com/4#inet#fw4#vpn_domains
nftset=/faceboon.com/4#inet#fw4#vpn_domains
nftset=/faceboonk.com/4#inet#fw4#vpn_domains
nftset=/faceboooik.com/4#inet#fw4#vpn_domains
nftset=/faceboook.com/4#inet#fw4#vpn_domains
nftset=/faceboop.com/4#inet#fw4#vpn_domains
nftset=/faceboot.com/4#inet#fw4#vpn_domains
nftset=/faceboox.com/4#inet#fw4#vpn_domains
nftset=/facebopk.com/4#inet#fw4#vpn_domains
nftset=/facebpook.com/4#inet#fw4#vpn_domains
nftset=/facebuk.com/4#inet#fw4#vpn_domains
nftset=/facebuok.com/4#inet#fw4#vpn_domains
nftset=/facebvook.com/4#inet#fw4#vpn_domains
nftset=/facebyook.com/4#inet#fw4#vpn_domains
nftset=/facebzook.com/4#inet#fw4#vpn_domains
nftset=/facecbgook.com/4#inet#fw4#vpn_domains
nftset=/facecbook.com/4#inet#fw4#vpn_domains
nftset=/facecbook.org/4#inet#fw4#vpn_domains
nftset=/facecook.com/4#inet#fw4#vpn_domains
nftset=/facecook.org/4#inet#fw4#vpn_domains
nftset=/facedbook.com/4#inet#fw4#vpn_domains
nftset=/faceebok.com/4#inet#fw4#vpn_domains
nftset=/faceebook.com/4#inet#fw4#vpn_domains
nftset=/faceebot.com/4#inet#fw4#vpn_domains
nftset=/facegbok.com/4#inet#fw4#vpn_domains
nftset=/facegbook.com/4#inet#fw4#vpn_domains
nftset=/faceobk.com/4#inet#fw4#vpn_domains
nftset=/faceobok.com/4#inet#fw4#vpn_domains
nftset=/faceobook.com/4#inet#fw4#vpn_domains
nftset=/faceook.com/4#inet#fw4#vpn_domains
nftset=/facerbooik.com/4#inet#fw4#vpn_domains
nftset=/facerbook.com/4#inet#fw4#vpn_domains
nftset=/facesbooc.com/4#inet#fw4#vpn_domains
nftset=/facesounds.com/4#inet#fw4#vpn_domains
nftset=/facetook.com/4#inet#fw4#vpn_domains
nftset=/facevbook.com/4#inet#fw4#vpn_domains
nftset=/facewbook.co/4#inet#fw4#vpn_domains
nftset=/facewook.com/4#inet#fw4#vpn_domains
nftset=/facfacebook.com/4#inet#fw4#vpn_domains
nftset=/facfebook.com/4#inet#fw4#vpn_domains
nftset=/fackebook.com/4#inet#fw4#vpn_domains
nftset=/facnbook.com/4#inet#fw4#vpn_domains
nftset=/facrbook.com/4#inet#fw4#vpn_domains
nftset=/facvebook.com/4#inet#fw4#vpn_domains
nftset=/facwebook.com/4#inet#fw4#vpn_domains
nftset=/facxebook.com/4#inet#fw4#vpn_domains
nftset=/fadebook.com/4#inet#fw4#vpn_domains
nftset=/faebok.com/4#inet#fw4#vpn_domains
nftset=/faebook.com/4#inet#fw4#vpn_domains
nftset=/faebookc.com/4#inet#fw4#vpn_domains
nftset=/faeboook.com/4#inet#fw4#vpn_domains
nftset=/faecebok.com/4#inet#fw4#vpn_domains
nftset=/faesebook.com/4#inet#fw4#vpn_domains
nftset=/fafacebook.com/4#inet#fw4#vpn_domains
nftset=/faicbooc.com/4#inet#fw4#vpn_domains
nftset=/fasebokk.com/4#inet#fw4#vpn_domains
nftset=/fasebook.com/4#inet#fw4#vpn_domains
nftset=/faseboox.com/4#inet#fw4#vpn_domains
nftset=/favebook.com/4#inet#fw4#vpn_domains
nftset=/faycbok.com/4#inet#fw4#vpn_domains
nftset=/fb.careers/4#inet#fw4#vpn_domains
nftset=/fb.com/4#inet#fw4#vpn_domains
nftset=/fb.gg/4#inet#fw4#vpn_domains
nftset=/fb.me/4#inet#fw4#vpn_domains
nftset=/fb.watch/4#inet#fw4#vpn_domains
nftset=/fbacebook.com/4#inet#fw4#vpn_domains
nftset=/fbbmarket.com/4#inet#fw4#vpn_domains
nftset=/fbboostyourbusiness.com/4#inet#fw4#vpn_domains
nftset=/fbcdn.com/4#inet#fw4#vpn_domains
nftset=/fbcdn.net/4#inet#fw4#vpn_domains
nftset=/fbfeedback.com/4#inet#fw4#vpn_domains
nftset=/fbhome.com/4#inet#fw4#vpn_domains
nftset=/fbidb.io/4#inet#fw4#vpn_domains
nftset=/fbinc.com/4#inet#fw4#vpn_domains
nftset=/fbinnovation.com/4#inet#fw4#vpn_domains
nftset=/fbmarketing.com/4#inet#fw4#vpn_domains
nftset=/fbreg.com/4#inet#fw4#vpn_domains
nftset=/fbrpms.com/4#inet#fw4#vpn_domains
nftset=/fbsbx.com/4#inet#fw4#vpn_domains
nftset=/fbsbx.net/4#inet#fw4#vpn_domains
nftset=/fbsupport-covid.net/4#inet#fw4#vpn_domains
nftset=/fbthirdpartypixel.com/4#inet#fw4#vpn_domains
nftset=/fbthirdpartypixel.net/4#inet#fw4#vpn_domains
nftset=/fbthirdpartypixel.org/4#inet#fw4#vpn_domains
nftset=/fburl.com/4#inet#fw4#vpn_domains
nftset=/fbworkmail.com/4#inet#fw4#vpn_domains
nftset=/fcacebook.com/4#inet#fw4#vpn_domains
nftset=/fcaebook.com/4#inet#fw4#vpn_domains
nftset=/fcebook.com/4#inet#fw4#vpn_domains
nftset=/fcebookk.com/4#inet#fw4#vpn_domains
nftset=/fcfacebook.com/4#inet#fw4#vpn_domains
nftset=/fdacebook.info/4#inet#fw4#vpn_domains
nftset=/feacboo.com/4#inet#fw4#vpn_domains
nftset=/feacbook.com/4#inet#fw4#vpn_domains
nftset=/feacbooke.com/4#inet#fw4#vpn_domains
nftset=/feacebook.com/4#inet#fw4#vpn_domains
nftset=/fecbbok.com/4#inet#fw4#vpn_domains
nftset=/fecbooc.com/4#inet#fw4#vpn_domains
nftset=/fecbook.com/4#inet#fw4#vpn_domains
nftset=/feceboock.com/4#inet#fw4#vpn_domains
nftset=/feceboox.com/4#inet#fw4#vpn_domains
nftset=/fececbook.com/4#inet#fw4#vpn_domains
nftset=/feook.com/4#inet#fw4#vpn_domains
nftset=/ferabook.com/4#inet#fw4#vpn_domains
nftset=/fescebook.com/4#inet#fw4#vpn_domains
nftset=/fesebook.com/4#inet#fw4#vpn_domains
nftset=/ffacebook.com/4#inet#fw4#vpn_domains
nftset=/fgacebook.com/4#inet#fw4#vpn_domains
nftset=/ficeboock.com/4#inet#fw4#vpn_domains
nftset=/fmcebook.com/4#inet#fw4#vpn_domains
nftset=/fnacebook.com/4#inet#fw4#vpn_domains
nftset=/fosebook.com/4#inet#fw4#vpn_domains
nftset=/fpacebook.com/4#inet#fw4#vpn_domains
nftset=/fqcebook.com/4#inet#fw4#vpn_domains
nftset=/fracebook.com/4#inet#fw4#vpn_domains
nftset=/freeb.com/4#inet#fw4#vpn_domains
nftset=/freebasics.com/4#inet#fw4#vpn_domains
nftset=/freebasics.net/4#inet#fw4#vpn_domains
nftset=/freebs.com/4#inet#fw4#vpn_domains
nftset=/freefacebook.com/4#inet#fw4#vpn_domains
nftset=/freefacebook.net/4#inet#fw4#vpn_domains
nftset=/freefacebookads.net/4#inet#fw4#vpn_domains
nftset=/freefblikes.com/4#inet#fw4#vpn_domains
nftset=/freindfeed.com/4#inet#fw4#vpn_domains
nftset=/friendbook.info/4#inet#fw4#vpn_domains
nftset=/friendfed.com/4#inet#fw4#vpn_domains
nftset=/friendfeed-api.com/4#inet#fw4#vpn_domains
nftset=/friendfeed-media.com/4#inet#fw4#vpn_domains
nftset=/friendfeed.com/4#inet#fw4#vpn_domains
nftset=/friendfeedmedia.com/4#inet#fw4#vpn_domains
nftset=/fsacebok.com/4#inet#fw4#vpn_domains
nftset=/fscebook.com/4#inet#fw4#vpn_domains
nftset=/fundraisingwithfacebook.com/4#inet#fw4#vpn_domains
nftset=/funnyfacebook.org/4#inet#fw4#vpn_domains
nftset=/futureofbusinesssurvey.org/4#inet#fw4#vpn_domains
nftset=/gacebook.com/4#inet#fw4#vpn_domains
nftset=/gameroom.com/4#inet#fw4#vpn_domains
nftset=/gfacecbook.com/4#inet#fw4#vpn_domains
nftset=/groups.com/4#inet#fw4#vpn_domains
nftset=/hackerfacebook.com/4#inet#fw4#vpn_domains
nftset=/hackfacebook.com/4#inet#fw4#vpn_domains
nftset=/hackfacebookid.com/4#inet#fw4#vpn_domains
nftset=/hifacebook.info/4#inet#fw4#vpn_domains
nftset=/howtohackfacebook-account.com/4#inet#fw4#vpn_domains
nftset=/hsfacebook.com/4#inet#fw4#vpn_domains
nftset=/httpfacebook.com/4#inet#fw4#vpn_domains
nftset=/httpsfacebook.com/4#inet#fw4#vpn_domains
nftset=/httpwwwfacebook.com/4#inet#fw4#vpn_domains
nftset=/i.org/4#inet#fw4#vpn_domains
nftset=/internet.org/4#inet#fw4#vpn_domains
nftset=/klik.me/4#inet#fw4#vpn_domains
nftset=/liverail.com/4#inet#fw4#vpn_domains
nftset=/liverail.tv/4#inet#fw4#vpn_domains
nftset=/login-account.net/4#inet#fw4#vpn_domains
nftset=/markzuckerberg.com/4#inet#fw4#vpn_domains
nftset=/midentsolutions.com/4#inet#fw4#vpn_domains
nftset=/mobilefacebook.com/4#inet#fw4#vpn_domains
nftset=/moneywithfacebook.com/4#inet#fw4#vpn_domains
nftset=/myfbfans.com/4#inet#fw4#vpn_domains
nftset=/newsfeed.com/4#inet#fw4#vpn_domains
nftset=/nextstop.com/4#inet#fw4#vpn_domains
nftset=/online-deals.net/4#inet#fw4#vpn_domains
nftset=/opencreate.org/4#inet#fw4#vpn_domains
nftset=/reachtheworldonfacebook.com/4#inet#fw4#vpn_domains
nftset=/rocksdb.org/4#inet#fw4#vpn_domains
nftset=/shopfacebook.com/4#inet#fw4#vpn_domains
nftset=/sportsfacebook.com/4#inet#fw4#vpn_domains
nftset=/sportstream.com/4#inet#fw4#vpn_domains
nftset=/supportfacebook.com/4#inet#fw4#vpn_domains
nftset=/terragraph.com/4#inet#fw4#vpn_domains
nftset=/thefacebook.com/4#inet#fw4#vpn_domains
nftset=/thefacebook.net/4#inet#fw4#vpn_domains
nftset=/thefind.com/4#inet#fw4#vpn_domains
nftset=/toplayerserver.com/4#inet#fw4#vpn_domains
nftset=/viewpointsfromfacebook.com/4#inet#fw4#vpn_domains
nftset=/whyfacebook.com/4#inet#fw4#vpn_domains
nftset=/worldhack.com/4#inet#fw4#vpn_domains
nftset=/www-facebook.com/4#inet#fw4#vpn_domains
nftset=/wwwfacebok.com/4#inet#fw4#vpn_domains
nftset=/wwwfacebook.com/4#inet#fw4#vpn_domains
nftset=/wwwmfacebook.com/4#inet#fw4#vpn_domains
nftset=/zuckerberg.com/4#inet#fw4#vpn_domains
nftset=/zuckerberg.net/4#inet#fw4#vpn_domains
nftset=/facebookwork.com/4#inet#fw4#vpn_domains
nftset=/redkix.com/4#inet#fw4#vpn_domains
nftset=/workplace.com/4#inet#fw4#vpn_domains
nftset=/workplaceusecases.com/4#inet#fw4#vpn_domains
nftset=/analytics.facebook.com/4#inet#fw4#vpn_domains
nftset=/facebookads.com/4#inet#fw4#vpn_domains
nftset=/pixel.facebook.com/4#inet#fw4#vpn_domains
nftset=/facebook.br/4#inet#fw4#vpn_domains
nftset=/facebook.ca/4#inet#fw4#vpn_domains
nftset=/facebook.hu/4#inet#fw4#vpn_domains
nftset=/facebook.in/4#inet#fw4#vpn_domains
nftset=/fbwat.ch/4#inet#fw4#vpn_domains
nftset=/e122475.dscg.akamaiedge.net/4#inet#fw4#vpn_domains
nftset=/licdn.cn.cdn20.com/4#inet#fw4#vpn_domains
nftset=/linkedin.sc.omtrdc.net/4#inet#fw4#vpn_domains
nftset=/bizographics.com/4#inet#fw4#vpn_domains
nftset=/licdn.com/4#inet#fw4#vpn_domains
nftset=/linkedin.com/4#inet#fw4#vpn_domains
nftset=/l-0005.dc-msedge.net/4#inet#fw4#vpn_domains
nftset=/l-0005.l-msedge.net/4#inet#fw4#vpn_domains
nftset=/licdn.cn/4#inet#fw4#vpn_domains
nftset=/linkedin.cn/4#inet#fw4#vpn_domains
nftset=/linkedin.at/4#inet#fw4#vpn_domains
nftset=/lnkd.in/4#inet#fw4#vpn_domains
nftset=/maintracker.org/4#inet#fw4#vpn_domains
nftset=/rutracker.cc/4#inet#fw4#vpn_domains
nftset=/rutracker.me/4#inet#fw4#vpn_domains
nftset=/rutracker.net/4#inet#fw4#vpn_domains
nftset=/rutracker.nl/4#inet#fw4#vpn_domains
nftset=/rutracker.org/4#inet#fw4#vpn_domains
nftset=/rutrk.org/4#inet#fw4#vpn_domains
nftset=/rutracker.cr/4#inet#fw4#vpn_domains
nftset=/hdrezka-home.tv/4#inet#fw4#vpn_domains
nftset=/hdrezka.co/4#inet#fw4#vpn_domains
nftset=/hdrezka.me/4#inet#fw4#vpn_domains
nftset=/hdrezka.org/4#inet#fw4#vpn_domains
nftset=/hdrezka.site/4#inet#fw4#vpn_domains
nftset=/hdrzk.org/4#inet#fw4#vpn_domains
nftset=/stream.voidboost.cc/4#inet#fw4#vpn_domains
nftset=/hdrezka.ac/4#inet#fw4#vpn_domains
nftset=/hdrezka.ag/4#inet#fw4#vpn_domains
nftset=/hdrezka.cm/4#inet#fw4#vpn_domains
nftset=/rezka.ag/4#inet#fw4#vpn_domains
nftset=/kino.pub/4#inet#fw4#vpn_domains
nftset=/kinopub.online/4#inet#fw4#vpn_domains
nftset=/kpdl.link/4#inet#fw4#vpn_domains
nftset=/ahc.ovh/4#inet#fw4#vpn_domains
nftset=/gfw.ovh/4#inet#fw4#vpn_domains
nftset=/mos-gorsud.co/4#inet#fw4#vpn_domains
nftset=/cdn-service.space/4#inet#fw4#vpn_domains
nftset=/cdn2cdn.com/4#inet#fw4#vpn_domains
nftset=/cdn2site.com/4#inet#fw4#vpn_domains
nftset=/pushbr.com/4#inet#fw4#vpn_domains
nftset=/smarttvcdn.online/4#inet#fw4#vpn_domains
nftset=/haydaygame.com/4#inet#fw4#vpn_domains
nftset=/clashmini.com/4#inet#fw4#vpn_domains
nftset=/boombeach.com/4#inet#fw4#vpn_domains
nftset=/seeurlpcl.com/4#inet#fw4#vpn_domains
nftset=/mo.co/4#inet#fw4#vpn_domains
nftset=/clashofclans.com/4#inet#fw4#vpn_domains
nftset=/clashroyale.com/4#inet#fw4#vpn_domains
nftset=/clashroyaleapp.com/4#inet#fw4#vpn_domains
nftset=/gamesfirsthelsinki.com/4#inet#fw4#vpn_domains
nftset=/hayday.com/4#inet#fw4#vpn_domains
nftset=/brawlstarsgame.com/4#inet#fw4#vpn_domains
nftset=/brawlstars.com/4#inet#fw4#vpn_domains
nftset=/clash.com/4#inet#fw4#vpn_domains
nftset=/squadbusters.com/4#inet#fw4#vpn_domains
nftset=/supercell.com/4#inet#fw4#vpn_domains
nftset=/supercellstore.com/4#inet#fw4#vpn_domains
nftset=/supercell.net/4#inet#fw4#vpn_domains
nftset=/supercellcreators.com/4#inet#fw4#vpn_domains
nftset=/supercellgames.com/4#inet#fw4#vpn_domains
nftset=/supercellid.com/4#inet#fw4#vpn_domains
nftset=/supercell.helpshift.com/4#inet#fw4#vpn_domains
nftset=/www.speedtest.net.cdn.cloudflare.net/4#inet#fw4#vpn_domains
nftset=/cdnst.net/4#inet#fw4#vpn_domains
nftset=/cellmaps.com/4#inet#fw4#vpn_domains
nftset=/ekahau.cloud/4#inet#fw4#vpn_domains
nftset=/ekahau.com/4#inet#fw4#vpn_domains
nftset=/ookla.com/4#inet#fw4#vpn_domains
nftset=/ooklaserver.net/4#inet#fw4#vpn_domains
nftset=/pingtest.net/4#inet#fw4#vpn_domains
nftset=/speedtest.co/4#inet#fw4#vpn_domains
nftset=/speedtest.net/4#inet#fw4#vpn_domains
nftset=/speedtestcustom.com/4#inet#fw4#vpn_domains
nftset=/webtest.net/4#inet#fw4#vpn_domains
nftset=/openaiapi-site.azureedge.net/4#inet#fw4#vpn_domains
nftset=/openaicom-api-bdcpf8c6d2e9atf6.z01.azurefd.net/4#inet#fw4#vpn_domains
nftset=/openaicom.imgix.net/4#inet#fw4#vpn_domains
nftset=/openaicomproductionae4b.blob.core.windows.net/4#inet#fw4#vpn_domains
nftset=/production-openaicom-storage.azureedge.net/4#inet#fw4#vpn_domains
nftset=/o33249.ingest.sentry.io/4#inet#fw4#vpn_domains
nftset=/browser-intake-datadoghq.com/4#inet#fw4#vpn_domains
nftset=/chat.com/4#inet#fw4#vpn_domains
nftset=/chatgpt.com/4#inet#fw4#vpn_domains
nftset=/crixet.com/4#inet#fw4#vpn_domains
nftset=/oaistatic.com/4#inet#fw4#vpn_domains
nftset=/oaiusercontent.com/4#inet#fw4#vpn_domains
nftset=/openai.com/4#inet#fw4#vpn_domains
nftset=/sora.com/4#inet#fw4#vpn_domains
nftset=/chatgpt.livekit.cloud/4#inet#fw4#vpn_domains
nftset=/host.livekit.cloud/4#inet#fw4#vpn_domains
nftset=/turn.livekit.cloud/4#inet#fw4#vpn_domains
nftset=/openai.com.cdn.cloudflare.net/4#inet#fw4#vpn_domains
nftset=/github-api.arkoselabs.com/4#inet#fw4#vpn_domains
nftset=/github-cloud.s3.amazonaws.com/4#inet#fw4#vpn_domains
nftset=/githubnext.com/4#inet#fw4#vpn_domains
nftset=/git.io/4#inet#fw4#vpn_domains
nftset=/atom.io/4#inet#fw4#vpn_domains
nftset=/ghcr.io/4#inet#fw4#vpn_domains
nftset=/githubpreview.dev/4#inet#fw4#vpn_domains
nftset=/github.blog/4#inet#fw4#vpn_domains
nftset=/github.com/4#inet#fw4#vpn_domains
nftset=/github.community/4#inet#fw4#vpn_domains
nftset=/github.dev/4#inet#fw4#vpn_domains
nftset=/github.io/4#inet#fw4#vpn_domains
nftset=/githubstatus.com/4#inet#fw4#vpn_domains
nftset=/githubassets.com/4#inet#fw4#vpn_domains
nftset=/githubhackathon.com/4#inet#fw4#vpn_domains
nftset=/gh.io/4#inet#fw4#vpn_domains
nftset=/dependabot.com/4#inet#fw4#vpn_domains
nftset=/githubapp.com/4#inet#fw4#vpn_domains
nftset=/githubuniverse.com/4#inet#fw4#vpn_domains
nftset=/githubusercontent.com/4#inet#fw4#vpn_domains
nftset=/myoctocat.com/4#inet#fw4#vpn_domains
nftset=/octocaptcha.com/4#inet#fw4#vpn_domains
nftset=/opensource.guide/4#inet#fw4#vpn_domains
nftset=/repo.new/4#inet#fw4#vpn_domains
nftset=/thegithubshop.com/4#inet#fw4#vpn_domains
nftset=/npmjs.org/4#inet#fw4#vpn_domains
nftset=/githubcopilot.com/4#inet#fw4#vpn_domains
nftset=/npm.community/4#inet#fw4#vpn_domains
nftset=/npmjs.com/4#inet#fw4#vpn_domains
nftset=/blob.core.windows.net/4#inet#fw4#vpn_domains
nftset=/collector.github.com/4#inet#fw4#vpn_domains
nftset=/copilot-telemetry.githubusercontent.com/4#inet#fw4#vpn_domains
nftset=/github.ai/4#inet#fw4#vpn_domains
nftset=/gitlab-assets.oss-cn-hongkong.aliyuncs.com/4#inet#fw4#vpn_domains
nftset=/gitlab.com/4#inet#fw4#vpn_domains
nftset=/gitlab.io/4#inet#fw4#vpn_domains
nftset=/gitlab.net/4#inet#fw4#vpn_domains
nftset=/gitlab-static.net/4#inet#fw4#vpn_domains
nftset=/intel.cc/4#inet#fw4#vpn_domains
nftset=/intel.co/4#inet#fw4#vpn_domains
nftset=/intel.com/4#inet#fw4#vpn_domains
nftset=/ospray.org/4#inet#fw4#vpn_domains
nftset=/ospray.net/4#inet#fw4#vpn_domains
nftset=/clearlinux.org/4#inet#fw4#vpn_domains
nftset=/acpica.com/4#inet#fw4#vpn_domains
nftset=/universalscalablefirmware.org/4#inet#fw4#vpn_domains
nftset=/snap-telemetry.io/4#inet#fw4#vpn_domains
nftset=/renderingtoolkit.org/4#inet#fw4#vpn_domains
nftset=/openvinotoolkit.org/4#inet#fw4#vpn_domains
nftset=/opendroneid.org/4#inet#fw4#vpn_domains
nftset=/opencas.io/4#inet#fw4#vpn_domains
nftset=/oneapi.io/4#inet#fw4#vpn_domains
nftset=/oneapi.com/4#inet#fw4#vpn_domains
nftset=/intellinuxgraphics.net/4#inet#fw4#vpn_domains
nftset=/intellinuxgraphics.com/4#inet#fw4#vpn_domains
nftset=/hyperscan.io/4#inet#fw4#vpn_domains
nftset=/01.org/4#inet#fw4#vpn_domains
nftset=/barefootnetworks.com/4#inet#fw4#vpn_domains
nftset=/xscale.com/4#inet#fw4#vpn_domains
nftset=/xn--ztsq84g.cn/4#inet#fw4#vpn_domains
nftset=/xeon.com/4#inet#fw4#vpn_domains
nftset=/vpro.net/4#inet#fw4#vpn_domains
nftset=/intel.dev/4#inet#fw4#vpn_domains
nftset=/intel.eu/4#inet#fw4#vpn_domains
nftset=/intel.gg/4#inet#fw4#vpn_domains
nftset=/vpro.com/4#inet#fw4#vpn_domains
nftset=/intel.io/4#inet#fw4#vpn_domains
nftset=/intel.jp/4#inet#fw4#vpn_domains
nftset=/intel.me/4#inet#fw4#vpn_domains
nftset=/intel.nl/4#inet#fw4#vpn_domains
nftset=/intel.ru/4#inet#fw4#vpn_domains
nftset=/intel.se/4#inet#fw4#vpn_domains
nftset=/intel.tv/4#inet#fw4#vpn_domains
nftset=/intel.tw/4#inet#fw4#vpn_domains
nftset=/intel.us/4#inet#fw4#vpn_domains
nftset=/reconinstruments.com/4#inet#fw4#vpn_domains
nftset=/vokevr.com/4#inet#fw4#vpn_domains
nftset=/trustedanalytics.net/4#inet#fw4#vpn_domains
nftset=/trustedanalytics.com/4#inet#fw4#vpn_domains
nftset=/thunderbolttechnology.net/4#inet#fw4#vpn_domains
nftset=/threadingbuildingblocks.org/4#inet#fw4#vpn_domains
nftset=/altera.com/4#inet#fw4#vpn_domains
nftset=/alteraforum.com/4#inet#fw4#vpn_domains
nftset=/buyaltera.com/4#inet#fw4#vpn_domains
nftset=/celeron.com/4#inet#fw4#vpn_domains
nftset=/celeron.net/4#inet#fw4#vpn_domains
nftset=/centrino.com/4#inet#fw4#vpn_domains
nftset=/centrino.net/4#inet#fw4#vpn_domains
nftset=/chips.com/4#inet#fw4#vpn_domains
nftset=/cilk.com/4#inet#fw4#vpn_domains
nftset=/cilk.net/4#inet#fw4#vpn_domains
nftset=/cloudinsights.com/4#inet#fw4#vpn_domains
nftset=/clusterconnection.com/4#inet#fw4#vpn_domains
nftset=/comm-verse.com/4#inet#fw4#vpn_domains
nftset=/coreduo.com/4#inet#fw4#vpn_domains
nftset=/coreextreme.com/4#inet#fw4#vpn_domains
nftset=/crosswalk-project.com/4#inet#fw4#vpn_domains
nftset=/crosswalk-project.net/4#inet#fw4#vpn_domains
nftset=/dml-lang.org/4#inet#fw4#vpn_domains
nftset=/doceapower.com/4#inet#fw4#vpn_domains
nftset=/easic.com/4#inet#fw4#vpn_domains
nftset=/enpirion.com/4#inet#fw4#vpn_domains
nftset=/exascale-tech.com/4#inet#fw4#vpn_domains
nftset=/exploreintel.com/4#inet#fw4#vpn_domains
nftset=/gordonmoore.com/4#inet#fw4#vpn_domains
nftset=/granulate.io/4#inet#fw4#vpn_domains
nftset=/hackharassment.com/4#inet#fw4#vpn_domains
nftset=/insidefilms.com/4#inet#fw4#vpn_domains
nftset=/insight.tech/4#inet#fw4#vpn_domains
nftset=/intc.com/4#inet#fw4#vpn_domains
nftset=/intel-research.net/4#inet#fw4#vpn_domains
nftset=/intel-university-collaboration.net/4#inet#fw4#vpn_domains
nftset=/intelamericasstore.com/4#inet#fw4#vpn_domains
nftset=/intelapacstore.com/4#inet#fw4#vpn_domains
nftset=/intelatom.net/4#inet#fw4#vpn_domains
nftset=/intelcapital.com/4#inet#fw4#vpn_domains
nftset=/intelcapital.net/4#inet#fw4#vpn_domains
nftset=/intelcloudbuilders.com/4#inet#fw4#vpn_domains
nftset=/intelcloudfinder.com/4#inet#fw4#vpn_domains
nftset=/intelemeastore.com/4#inet#fw4#vpn_domains
nftset=/inteleventexpress.com/4#inet#fw4#vpn_domains
nftset=/intelforchange.com/4#inet#fw4#vpn_domains
nftset=/intelfreepress.com/4#inet#fw4#vpn_domains
nftset=/intelgo.net/4#inet#fw4#vpn_domains
nftset=/intelinsight.com/4#inet#fw4#vpn_domains
nftset=/inteliotmarketplace.com/4#inet#fw4#vpn_domains
nftset=/intell.com/4#inet#fw4#vpn_domains
nftset=/intellearningseries.com/4#inet#fw4#vpn_domains
nftset=/intellinuxwireless.net/4#inet#fw4#vpn_domains
nftset=/intelnervana.com/4#inet#fw4#vpn_domains
nftset=/intelplay.com/4#inet#fw4#vpn_domains
nftset=/intelquark.com/4#inet#fw4#vpn_domains
nftset=/intelrealsense.cn/4#inet#fw4#vpn_domains
nftset=/intelrealsense.com/4#inet#fw4#vpn_domains
nftset=/intelrealsense.net/4#inet#fw4#vpn_domains
nftset=/intelreimbursement.com/4#inet#fw4#vpn_domains
nftset=/intelrxt.com/4#inet#fw4#vpn_domains
nftset=/intelsalestraining.com/4#inet#fw4#vpn_domains
nftset=/intelsecurity.com/4#inet#fw4#vpn_domains
nftset=/intelserveredge.com/4#inet#fw4#vpn_domains
nftset=/intelsoftwarenetwork.com/4#inet#fw4#vpn_domains
nftset=/intelstore.com/4#inet#fw4#vpn_domains
nftset=/inteltechnologyprovider.com/4#inet#fw4#vpn_domains
nftset=/intelvmwarecybersecurity.com/4#inet#fw4#vpn_domains
nftset=/itnel.com/4#inet#fw4#vpn_domains
nftset=/latencytop.com/4#inet#fw4#vpn_domains
nftset=/lookinside.com/4#inet#fw4#vpn_domains
nftset=/makebettercode.com/4#inet#fw4#vpn_domains
nftset=/makesenseofdata.com/4#inet#fw4#vpn_domains
nftset=/meccontroller.com/4#inet#fw4#vpn_domains
nftset=/movidius.com/4#inet#fw4#vpn_domains
nftset=/movidius.net/4#inet#fw4#vpn_domains
nftset=/movidius.org/4#inet#fw4#vpn_domains
nftset=/nervanasys.com/4#inet#fw4#vpn_domains
nftset=/nevex.com/4#inet#fw4#vpn_domains
nftset=/nextgenerationcenter.com/4#inet#fw4#vpn_domains
nftset=/niosii.com/4#inet#fw4#vpn_domains
nftset=/niosii.net/4#inet#fw4#vpn_domains
nftset=/omekinteractive.com/4#inet#fw4#vpn_domains
nftset=/omnitek.tv/4#inet#fw4#vpn_domains
nftset=/openamt.com/4#inet#fw4#vpn_domains
nftset=/optanedifference.com/4#inet#fw4#vpn_domains
nftset=/passwordday.org/4#inet#fw4#vpn_domains
nftset=/pc.com/4#inet#fw4#vpn_domains
nftset=/pentium.com/4#inet#fw4#vpn_domains
nftset=/pentium.net/4#inet#fw4#vpn_domains
nftset=/pintool.com/4#inet#fw4#vpn_domains
nftset=/pmem.org/4#inet#fw4#vpn_domains
nftset=/pmem.us/4#inet#fw4#vpn_domains
nftset=/poweredbyintel.com/4#inet#fw4#vpn_domains
nftset=/projectcircuitbreaker.com/4#inet#fw4#vpn_domains
nftset=/reconjet.com/4#inet#fw4#vpn_domains
nftset=/researchintel.com/4#inet#fw4#vpn_domains
nftset=/saffrontech.com/4#inet#fw4#vpn_domains
nftset=/sensorynetworks.com/4#inet#fw4#vpn_domains
nftset=/sigopt.com/4#inet#fw4#vpn_domains
nftset=/silicon-mobility.com/4#inet#fw4#vpn_domains
nftset=/siliconmobility.com/4#inet#fw4#vpn_domains
nftset=/siport.com/4#inet#fw4#vpn_domains
nftset=/smart-edge.com/4#inet#fw4#vpn_domains
nftset=/smart-edge.info/4#inet#fw4#vpn_domains
nftset=/smart-edge.io/4#inet#fw4#vpn_domains
nftset=/smart-edge.net/4#inet#fw4#vpn_domains
nftset=/smart-edge.org/4#inet#fw4#vpn_domains
nftset=/smart-edge.systems/4#inet#fw4#vpn_domains
nftset=/smartedge.info/4#inet#fw4#vpn_domains
nftset=/storageclassmemory.io/4#inet#fw4#vpn_domains
nftset=/storageclassmemory.org/4#inet#fw4#vpn_domains
nftset=/theintelstore.com/4#inet#fw4#vpn_domains
nftset=/intel.com.tw/4#inet#fw4#vpn_domains
nftset=/intel.com.co/4#inet#fw4#vpn_domains
nftset=/intel.com.cn/4#inet#fw4#vpn_domains
nftset=/altera.co.jp/4#inet#fw4#vpn_domains
nftset=/intel.co.jp/4#inet#fw4#vpn_domains
nftset=/intel.cn/4#inet#fw4#vpn_domains
nftset=/openvino.ai/4#inet#fw4#vpn_domains
nftset=/intel.ac/4#inet#fw4#vpn_domains
nftset=/intel.ae/4#inet#fw4#vpn_domains
nftset=/intel.af/4#inet#fw4#vpn_domains
nftset=/intel.ag/4#inet#fw4#vpn_domains
nftset=/intel.ai/4#inet#fw4#vpn_domains
nftset=/intel.ar/4#inet#fw4#vpn_domains
nftset=/intel.at/4#inet#fw4#vpn_domains
nftset=/intel.az/4#inet#fw4#vpn_domains
nftset=/intel.ba/4#inet#fw4#vpn_domains
nftset=/intel.bg/4#inet#fw4#vpn_domains
nftset=/intel.bh/4#inet#fw4#vpn_domains
nftset=/intel.bi/4#inet#fw4#vpn_domains
nftset=/intel.bo/4#inet#fw4#vpn_domains
nftset=/intel.bs/4#inet#fw4#vpn_domains
nftset=/intel.by/4#inet#fw4#vpn_domains
nftset=/intel.ca/4#inet#fw4#vpn_domains
nftset=/intel.cg/4#inet#fw4#vpn_domains
nftset=/intel.ch/4#inet#fw4#vpn_domains
nftset=/intel.cl/4#inet#fw4#vpn_domains
nftset=/intel.cm/4#inet#fw4#vpn_domains
nftset=/intel.co.ae/4#inet#fw4#vpn_domains
nftset=/intel.co.cr/4#inet#fw4#vpn_domains
nftset=/intel.co.id/4#inet#fw4#vpn_domains
nftset=/intel.co.il/4#inet#fw4#vpn_domains
nftset=/intel.co.kr/4#inet#fw4#vpn_domains
nftset=/intel.co.uk/4#inet#fw4#vpn_domains
nftset=/intel.co.za/4#inet#fw4#vpn_domains
nftset=/intel.com.ar/4#inet#fw4#vpn_domains
nftset=/intel.com.au/4#inet#fw4#vpn_domains
nftset=/intel.com.bo/4#inet#fw4#vpn_domains
nftset=/intel.com.br/4#inet#fw4#vpn_domains
nftset=/intel.com.ec/4#inet#fw4#vpn_domains
nftset=/intel.com.hk/4#inet#fw4#vpn_domains
nftset=/intel.com.jm/4#inet#fw4#vpn_domains
nftset=/intel.com.mx/4#inet#fw4#vpn_domains
nftset=/intel.com.my/4#inet#fw4#vpn_domains
nftset=/intel.com.pe/4#inet#fw4#vpn_domains
nftset=/intel.com.ph/4#inet#fw4#vpn_domains
nftset=/intel.com.pr/4#inet#fw4#vpn_domains
nftset=/intel.com.py/4#inet#fw4#vpn_domains
nftset=/intel.com.tr/4#inet#fw4#vpn_domains
nftset=/intel.com.uy/4#inet#fw4#vpn_domains
nftset=/intel.com.ve/4#inet#fw4#vpn_domains
nftset=/intel.cr/4#inet#fw4#vpn_domains
nftset=/intel.cu/4#inet#fw4#vpn_domains
nftset=/intel.cz/4#inet#fw4#vpn_domains
nftset=/intel.de/4#inet#fw4#vpn_domains
nftset=/intel.dk/4#inet#fw4#vpn_domains
nftset=/intel.dz/4#inet#fw4#vpn_domains
nftset=/intel.ec/4#inet#fw4#vpn_domains
nftset=/intel.ee/4#inet#fw4#vpn_domains
nftset=/intel.eg/4#inet#fw4#vpn_domains
nftset=/intel.es/4#inet#fw4#vpn_domains
nftset=/intel.fi/4#inet#fw4#vpn_domains
nftset=/intel.fr/4#inet#fw4#vpn_domains
nftset=/intel.ga/4#inet#fw4#vpn_domains
nftset=/intel.gd/4#inet#fw4#vpn_domains
nftset=/intel.ge/4#inet#fw4#vpn_domains
nftset=/intel.gl/4#inet#fw4#vpn_domains
nftset=/intel.gm/4#inet#fw4#vpn_domains
nftset=/intel.gr/4#inet#fw4#vpn_domains
nftset=/intel.gs/4#inet#fw4#vpn_domains
nftset=/intel.gt/4#inet#fw4#vpn_domains
nftset=/intel.gy/4#inet#fw4#vpn_domains
nftset=/intel.hk/4#inet#fw4#vpn_domains
nftset=/intel.hn/4#inet#fw4#vpn_domains
nftset=/intel.ht/4#inet#fw4#vpn_domains
nftset=/intel.hu/4#inet#fw4#vpn_domains
nftset=/intel.id/4#inet#fw4#vpn_domains
nftset=/intel.ie/4#inet#fw4#vpn_domains
nftset=/intel.in/4#inet#fw4#vpn_domains
nftset=/intel.it/4#inet#fw4#vpn_domains
nftset=/intel.je/4#inet#fw4#vpn_domains
nftset=/intel.jo/4#inet#fw4#vpn_domains
nftset=/intel.ke/4#inet#fw4#vpn_domains
nftset=/intel.la/4#inet#fw4#vpn_domains
nftset=/intel.lc/4#inet#fw4#vpn_domains
nftset=/intel.lk/4#inet#fw4#vpn_domains
nftset=/intel.lt/4#inet#fw4#vpn_domains
nftset=/intel.lu/4#inet#fw4#vpn_domains
nftset=/intel.ly/4#inet#fw4#vpn_domains
nftset=/intel.ma/4#inet#fw4#vpn_domains
nftset=/intel.md/4#inet#fw4#vpn_domains
nftset=/intel.mg/4#inet#fw4#vpn_domains
nftset=/intel.mk/4#inet#fw4#vpn_domains
nftset=/intel.mn/4#inet#fw4#vpn_domains
nftset=/intel.mp/4#inet#fw4#vpn_domains
nftset=/intel.mt/4#inet#fw4#vpn_domains
nftset=/intel.mu/4#inet#fw4#vpn_domains
nftset=/intel.mw/4#inet#fw4#vpn_domains
nftset=/intel.mx/4#inet#fw4#vpn_domains
nftset=/intel.my/4#inet#fw4#vpn_domains
nftset=/intel.ng/4#inet#fw4#vpn_domains
nftset=/intel.nu/4#inet#fw4#vpn_domains
nftset=/intel.nz/4#inet#fw4#vpn_domains
nftset=/intel.pa/4#inet#fw4#vpn_domains
nftset=/intel.pe/4#inet#fw4#vpn_domains
nftset=/intel.ph/4#inet#fw4#vpn_domains
nftset=/intel.pl/4#inet#fw4#vpn_domains
nftset=/intel.pn/4#inet#fw4#vpn_domains
nftset=/intel.re/4#inet#fw4#vpn_domains
nftset=/intel.ro/4#inet#fw4#vpn_domains
nftset=/intel.rw/4#inet#fw4#vpn_domains
nftset=/intel.sa/4#inet#fw4#vpn_domains
nftset=/intel.sc/4#inet#fw4#vpn_domains
nftset=/intel.sg/4#inet#fw4#vpn_domains
nftset=/intel.si/4#inet#fw4#vpn_domains
nftset=/intel.sk/4#inet#fw4#vpn_domains
nftset=/intel.sn/4#inet#fw4#vpn_domains
nftset=/intel.sr/4#inet#fw4#vpn_domains
nftset=/intel.st/4#inet#fw4#vpn_domains
nftset=/intel.sv/4#inet#fw4#vpn_domains
nftset=/intel.sx/4#inet#fw4#vpn_domains
nftset=/intel.sy/4#inet#fw4#vpn_domains
nftset=/intel.tf/4#inet#fw4#vpn_domains
nftset=/intel.tj/4#inet#fw4#vpn_domains
nftset=/intel.tl/4#inet#fw4#vpn_domains
nftset=/intel.tm/4#inet#fw4#vpn_domains
nftset=/intel.tn/4#inet#fw4#vpn_domains
nftset=/intel.tt/4#inet#fw4#vpn_domains
nftset=/intel.ua/4#inet#fw4#vpn_domains
nftset=/intel.uk/4#inet#fw4#vpn_domains
nftset=/intel.uy/4#inet#fw4#vpn_domains
nftset=/intel.uz/4#inet#fw4#vpn_domains
nftset=/intel.vg/4#inet#fw4#vpn_domains
nftset=/intel.vn/4#inet#fw4#vpn_domains
nftset=/intel.vu/4#inet#fw4#vpn_domains
nftset=/intel.wf/4#inet#fw4#vpn_domains
nftset=/intel.yt/4#inet#fw4#vpn_domains
nftset=/openwrt.org/4#inet#fw4#vpn_domains
nftset=/lede-project.org/4#inet#fw4#vpn_domains
nftset=/nvidia.custhelp.com/4#inet#fw4#vpn_domains
nftset=/nvidia.tt.omtrdc.net/4#inet#fw4#vpn_domains
nftset=/cn.download.nvidia.com/4#inet#fw4#vpn_domains
nftset=/nvidia.nl/4#inet#fw4#vpn_domains
nftset=/nvidiaforhp.com/4#inet#fw4#vpn_domains
nftset=/geforce.com/4#inet#fw4#vpn_domains
nftset=/tegrazone.jp/4#inet#fw4#vpn_domains
nftset=/gputechconf.com/4#inet#fw4#vpn_domains
nftset=/tegrazone.com/4#inet#fw4#vpn_domains
nftset=/tegrazone.co/4#inet#fw4#vpn_domains
nftset=/gputechconf.eu/4#inet#fw4#vpn_domains
nftset=/gputechconf.jp/4#inet#fw4#vpn_domains
nftset=/nvidia.asia/4#inet#fw4#vpn_domains
nftset=/nvidia.be/4#inet#fw4#vpn_domains
nftset=/shotwithgeforce.com/4#inet#fw4#vpn_domains
nftset=/nvidiagrid.net/4#inet#fw4#vpn_domains
nftset=/nvidia.tw/4#inet#fw4#vpn_domains
nftset=/nvidia.com/4#inet#fw4#vpn_domains
nftset=/nvidia.se/4#inet#fw4#vpn_domains
nftset=/nvidia.ru/4#inet#fw4#vpn_domains
nftset=/nvidia.jp/4#inet#fw4#vpn_domains
nftset=/nvidia.eu/4#inet#fw4#vpn_domains
nftset=/nvidia.com.tw/4#inet#fw4#vpn_domains
nftset=/nvidia.co.jp/4#inet#fw4#vpn_domains
nftset=/gputechconf.com.tw/4#inet#fw4#vpn_domains
nftset=/geforce.com.tw/4#inet#fw4#vpn_domains
nftset=/geforce.cn/4#inet#fw4#vpn_domains
nftset=/gputechconf.cn/4#inet#fw4#vpn_domains
nftset=/nvidia.cn/4#inet#fw4#vpn_domains
nftset=/geforce.co.kr/4#inet#fw4#vpn_domains
nftset=/geforce.co.uk/4#inet#fw4#vpn_domains
nftset=/gputechconf.co.kr/4#inet#fw4#vpn_domains
nftset=/gputechconf.com.au/4#inet#fw4#vpn_domains
nftset=/gputechconf.in/4#inet#fw4#vpn_domains
nftset=/nvidia.at/4#inet#fw4#vpn_domains
nftset=/nvidia.ch/4#inet#fw4#vpn_domains
nftset=/nvidia.co.at/4#inet#fw4#vpn_domains
nftset=/nvidia.co.in/4#inet#fw4#vpn_domains
nftset=/nvidia.co.kr/4#inet#fw4#vpn_domains
nftset=/nvidia.co.uk/4#inet#fw4#vpn_domains
nftset=/nvidia.com.au/4#inet#fw4#vpn_domains
nftset=/nvidia.com.br/4#inet#fw4#vpn_domains
nftset=/nvidia.com.mx/4#inet#fw4#vpn_domains
nftset=/nvidia.com.pe/4#inet#fw4#vpn_domains
nftset=/nvidia.com.pl/4#inet#fw4#vpn_domains
nftset=/nvidia.com.tr/4#inet#fw4#vpn_domains
nftset=/nvidia.com.ua/4#inet#fw4#vpn_domains
nftset=/nvidia.com.ve/4#inet#fw4#vpn_domains
nftset=/nvidia.cz/4#inet#fw4#vpn_domains
nftset=/nvidia.de/4#inet#fw4#vpn_domains
nftset=/nvidia.dk/4#inet#fw4#vpn_domains
nftset=/nvidia.es/4#inet#fw4#vpn_domains
nftset=/nvidia.fi/4#inet#fw4#vpn_domains
nftset=/nvidia.fr/4#inet#fw4#vpn_domains
nftset=/nvidia.in/4#inet#fw4#vpn_domains
nftset=/nvidia.it/4#inet#fw4#vpn_domains
nftset=/nvidia.lu/4#inet#fw4#vpn_domains
nftset=/nvidia.mx/4#inet#fw4#vpn_domains
nftset=/nvidia.no/4#inet#fw4#vpn_domains
nftset=/nvidia.pl/4#inet#fw4#vpn_domains
nftset=/nvidia.ro/4#inet#fw4#vpn_domains
nftset=/tegrazone.co.kr/4#inet#fw4#vpn_domains
nftset=/tegrazone.kr/4#inet#fw4#vpn_domains
nftset=/slack-core.com/4#inet#fw4#vpn_domains
nftset=/slack-edge.com/4#inet#fw4#vpn_domains
nftset=/slack-files.com/4#inet#fw4#vpn_domains
nftset=/slack-imgs.com/4#inet#fw4#vpn_domains
nftset=/slack-msgs.com/4#inet#fw4#vpn_domains
nftset=/slack-redir.net/4#inet#fw4#vpn_domains
nftset=/slack.com/4#inet#fw4#vpn_domains
nftset=/slackb.com/4#inet#fw4#vpn_domains
nftset=/slackcertified.com/4#inet#fw4#vpn_domains
nftset=/slackdemo.com/4#inet#fw4#vpn_domains
nftset=/slackhq.com/4#inet#fw4#vpn_domains
nftset=/discord-attachments-uploads-prd.storage.googleapis.com/4#inet#fw4#vpn_domains
nftset=/hammerandchisel.ssl.zendesk.com/4#inet#fw4#vpn_domains
nftset=/discord.co/4#inet#fw4#vpn_domains
nftset=/discord.com/4#inet#fw4#vpn_domains
nftset=/discord.design/4#inet#fw4#vpn_domains
nftset=/discord.dev/4#inet#fw4#vpn_domains
nftset=/discord.gg/4#inet#fw4#vpn_domains
nftset=/discord.gift/4#inet#fw4#vpn_domains
nftset=/discord.gifts/4#inet#fw4#vpn_domains
nftset=/discord.media/4#inet#fw4#vpn_domains
nftset=/discord.new/4#inet#fw4#vpn_domains
nftset=/discord.store/4#inet#fw4#vpn_domains
nftset=/discord.tools/4#inet#fw4#vpn_domains
nftset=/discord-activities.com/4#inet#fw4#vpn_domains
nftset=/discordactivities.com/4#inet#fw4#vpn_domains
nftset=/discordapp.com/4#inet#fw4#vpn_domains
nftset=/discordapp.net/4#inet#fw4#vpn_domains
nftset=/discordmerch.com/4#inet#fw4#vpn_domains
nftset=/discordpartygames.com/4#inet#fw4#vpn_domains
nftset=/discordsays.com/4#inet#fw4#vpn_domains
nftset=/discordstatus.com/4#inet#fw4#vpn_domains
nftset=/airhorn.solutions/4#inet#fw4#vpn_domains
nftset=/airhornbot.com/4#inet#fw4#vpn_domains
nftset=/bigbeans.solutions/4#inet#fw4#vpn_domains
nftset=/watchanimeattheoffice.com/4#inet#fw4#vpn_domains
nftset=/discordapp.io/4#inet#fw4#vpn_domains
nftset=/discordcdn.com/4#inet#fw4#vpn_domains
nftset=/dis.gd/4#inet#fw4#vpn_domains
nftset=/adguard.app/4#inet#fw4#vpn_domains
nftset=/adguard.com/4#inet#fw4#vpn_domains
nftset=/adguard.info/4#inet#fw4#vpn_domains
nftset=/adguard.io/4#inet#fw4#vpn_domains
nftset=/adguard.org/4#inet#fw4#vpn_domains
nftset=/adguardaccount.com/4#inet#fw4#vpn_domains
nftset=/adguardcdn.com/4#inet#fw4#vpn_domains
nftset=/adtidy.net/4#inet#fw4#vpn_domains
nftset=/adtidy.org/4#inet#fw4#vpn_domains
nftset=/agrd.eu/4#inet#fw4#vpn_domains
nftset=/agrd.io/4#inet#fw4#vpn_domains
nftset=/adguard-dns.com/4#inet#fw4#vpn_domains
nftset=/adguard-dns.io/4#inet#fw4#vpn_domains
nftset=/adguard-mail.com/4#inet#fw4#vpn_domains
nftset=/mask.me/4#inet#fw4#vpn_domains
nftset=/adguard-vpn.com/4#inet#fw4#vpn_domains
nftset=/adguard-vpn.online/4#inet#fw4#vpn_domains
nftset=/adguardvpn.com/4#inet#fw4#vpn_domains
nftset=/gaytube.com/4#inet#fw4#vpn_domains
nftset=/phncdn.com/4#inet#fw4#vpn_domains
nftset=/phprcdn.com/4#inet#fw4#vpn_domains
nftset=/porngub.com/4#inet#fw4#vpn_domains
nftset=/pornhub-deutsch.net/4#inet#fw4#vpn_domains
nftset=/pornhubapparel.com/4#inet#fw4#vpn_domains
nftset=/pornhub.com/4#inet#fw4#vpn_domains
nftset=/pornhub.org/4#inet#fw4#vpn_domains
nftset=/pornhubpremium.com/4#inet#fw4#vpn_domains
